Component: Arm Compiler for Embedded 6.22 Tool: armlink [5ee90200]

==============================================================================

Section Cross References

    main.o(.text.cb_putc) refers to peripheral_uart.o(.text.apUART_Check_TXFIFO_FULL) for apUART_Check_TXFIFO_FULL
    main.o(.text.cb_putc) refers to peripheral_uart.o(.text.UART_SendData) for UART_SendData
    main.o(.ARM.exidx.text.cb_putc) refers to main.o(.text.cb_putc) for [Anonymous Symbol]
    main.o(.text.fputc) refers to main.o(.text.cb_putc) for cb_putc
    main.o(.ARM.exidx.text.fputc) refers to main.o(.text.fputc) for [Anonymous Symbol]
    main.o(.text.uart_isr) refers to peripheral_uart.o(.text.apUART_Get_all_raw_int_stat) for apUART_Get_all_raw_int_stat
    main.o(.text.uart_isr) refers to peripheral_uart.o(.text.apUART_Check_RXFIFO_EMPTY) for apUART_Check_RXFIFO_EMPTY
    main.o(.text.uart_isr) refers to uart_console.o(.text.console_rx_data) for console_rx_data
    main.o(.ARM.exidx.text.uart_isr) refers to main.o(.text.uart_isr) for [Anonymous Symbol]
    main.o(.text.config_uart) refers to peripheral_uart.o(.text.apUART_Initialize) for apUART_Initialize
    main.o(.text.config_uart) refers to main.o(.text.uart_isr) for uart_isr
    main.o(.ARM.exidx.text.config_uart) refers to main.o(.text.config_uart) for [Anonymous Symbol]
    main.o(.text.setup_peripherals) refers to peripheral_sysctrl.o(.text.SYSCTRL_ClearClkGateMulti) for SYSCTRL_ClearClkGateMulti
    main.o(.text.setup_peripherals) refers to main.o(.text.config_uart) for config_uart
    main.o(.ARM.exidx.text.setup_peripherals) refers to main.o(.text.setup_peripherals) for [Anonymous Symbol]
    main.o(.ARM.exidx.text.on_lle_init) refers to main.o(.text.on_lle_init) for [Anonymous Symbol]
    main.o(.text.on_deep_sleep_wakeup) refers to peripheral_gpio.o(.text.GIO_EnableRetentionGroupB) for GIO_EnableRetentionGroupB
    main.o(.text.on_deep_sleep_wakeup) refers to peripheral_gpio.o(.text.GIO_EnableRetentionGroupA) for GIO_EnableRetentionGroupA
    main.o(.text.on_deep_sleep_wakeup) refers to main.o(.text.setup_peripherals) for setup_peripherals
    main.o(.text.on_deep_sleep_wakeup) refers to app_main.o(.text.app_sys_wakeup_callback) for app_sys_wakeup_callback
    main.o(.ARM.exidx.text.on_deep_sleep_wakeup) refers to main.o(.text.on_deep_sleep_wakeup) for [Anonymous Symbol]
    main.o(.text.on_deep_sleep_wakeup_idle) refers to app_main.o(.text.app_sys_wakeup_idle_callback) for app_sys_wakeup_idle_callback
    main.o(.ARM.exidx.text.on_deep_sleep_wakeup_idle) refers to main.o(.text.on_deep_sleep_wakeup_idle) for [Anonymous Symbol]
    main.o(.text.query_deep_sleep_allowed) refers to app_mode.o(.text.keyboard_mode_get) for keyboard_mode_get
    main.o(.text.query_deep_sleep_allowed) refers to app_24g.o(.text.app_24g_is_idle) for app_24g_is_idle
    main.o(.text.query_deep_sleep_allowed) refers to peripheral_uart.o(.text.apUART_Check_TXFIFO_EMPTY) for apUART_Check_TXFIFO_EMPTY
    main.o(.text.query_deep_sleep_allowed) refers to peripheral_uart.o(.text.apUART_Check_BUSY) for apUART_Check_BUSY
    main.o(.text.query_deep_sleep_allowed) refers to app_main.o(.text.app_sys_sleep_prepare) for app_sys_sleep_prepare
    main.o(.text.query_deep_sleep_allowed) refers to peripheral_gpio.o(.text.GIO_EnableRetentionGroupB) for GIO_EnableRetentionGroupB
    main.o(.text.query_deep_sleep_allowed) refers to peripheral_gpio.o(.text.GIO_EnableRetentionGroupA) for GIO_EnableRetentionGroupA
    main.o(.ARM.exidx.text.query_deep_sleep_allowed) refers to main.o(.text.query_deep_sleep_allowed) for [Anonymous Symbol]
    main.o(.text.idle_proc) refers to app_mode.o(.text.keyboard_mode_get) for keyboard_mode_get
    main.o(.text.idle_proc) refers to peripheral_sysctrl.o(.text.SYSCTRL_SelectHClk) for SYSCTRL_SelectHClk
    main.o(.text.idle_proc) refers to peripheral_sysctrl.o(.text.SYSCTRL_SelectFlashClk) for SYSCTRL_SelectFlashClk
    main.o(.text.idle_proc) refers to peripheral_sysctrl.o(.text.SYSCTRL_ConfigPLLClk) for SYSCTRL_ConfigPLLClk
    main.o(.ARM.exidx.text.idle_proc) refers to main.o(.text.idle_proc) for [Anonymous Symbol]
    main.o(.text.app_main) refers to ing_2p4g.o(.ram_code) for ing2p4g_init_dual_mode
    main.o(.text.app_main) refers to peripheral_sysctrl.o(.text.SYSCTRL_Init) for SYSCTRL_Init
    main.o(.text.app_main) refers to peripheral_sysctrl.o(.text.SYSCTRL_ConfigBOR) for SYSCTRL_ConfigBOR
    main.o(.text.app_main) refers to main.o(.text.setup_pll_clk_and_sleep_para) for setup_pll_clk_and_sleep_para
    main.o(.text.app_main) refers to main.o(.rodata.evt_cb_table) for evt_cb_table
    main.o(.text.app_main) refers to main.o(.text.setup_peripherals) for setup_peripherals
    main.o(.text.app_main) refers to main.o(.rodata.str1.1) for .L.str
    main.o(.text.app_main) refers to peripheral_sysctrl.o(.text.SYSCTRL_GetHClk) for SYSCTRL_GetHClk
    main.o(.text.app_main) refers to app_main.o(.text.app_power_on_init) for app_power_on_init
[...]
    0x0202d42a   0x0202d42a   0x00000002   PAD
    0x0202d42c   0x0202d42c   0x000001c8   Code   RO         1348    .text.USB_DisableEp  peripheral_usb.o
    0x0202d5f4   0x0202d5f4   0x00000026   Code   RO         1382    .text.USB_EP0StatusIn  peripheral_usb.o
    0x0202d61a   0x0202d61a   0x00000002   PAD
    0x0202d61c   0x0202d61c   0x00000022   Code   RO         1384    .text.USB_EP0StatusOut  peripheral_usb.o
    0x0202d63e   0x0202d63e   0x00000002   PAD
    0x0202d640   0x0202d640   0x000001ba   Code   RO         1366    .text.USB_EnableEp  peripheral_usb.o
    0x0202d7fa   0x0202d7fa   0x00000002   PAD
    0x0202d7fc   0x0202d7fc   0x0000005a   Code   RO         1326    .text.USB_FlushRXFifo  peripheral_usb.o
    0x0202d856   0x0202d856   0x00000002   PAD
    0x0202d858   0x0202d858   0x0000009e   Code   RO         1324    .text.USB_FlushTXFifo  peripheral_usb.o
    0x0202d8f6   0x0202d8f6   0x00000002   PAD
    0x0202d8f8   0x0202d8f8   0x0000000a   Code   RO         1386    .text.USB_GetEp0SetupData  peripheral_usb.o
    0x0202d902   0x0202d902   0x00000002   PAD
    0x0202d904   0x0202d904   0x00000014   Code   RO         1356    .text.USB_GetMaxPacketSize  peripheral_usb.o
    0x0202d918   0x0202d918   0x00000016   Code   RO         1354    .text.USB_GetMaxTransferSize  peripheral_usb.o
    0x0202d92e   0x0202d92e   0x00000002   PAD
    0x0202d930   0x0202d930   0x00000034   Code   RO         1352    .text.USB_GetSetupPacket  peripheral_usb.o
    0x0202d964   0x0202d964   0x000001c0   Code   RO         1358    .text.USB_GetTransferSize  peripheral_usb.o
    0x0202db24   0x0202db24   0x000001b8   Code   RO         1390    .text.USB_HandleEp0  peripheral_usb.o
    0x0202dcdc   0x0202dcdc   0x0000006a   Code   RO         1340    .text.USB_InitConfig  peripheral_usb.o
    0x0202dd46   0x0202dd46   0x00000002   PAD
    0x0202dd48   0x0202dd48   0x0000049a   Code   RO         1392    .text.USB_IrqHandler  peripheral_usb.o
    0x0202e1e2   0x0202e1e2   0x00000002   PAD
    0x0202e1e4   0x0202e1e4   0x0000009e   Code   RO         1370    .text.USB_IsEpStall  peripheral_usb.o
    0x0202e282   0x0202e282   0x00000002   PAD
    0x0202e284   0x0202e284   0x00000164   Code   RO         1360    .text.USB_NewTransfer  peripheral_usb.o
    0x0202e3e8   0x0202e3e8   0x00000040   Code   RO         1372    .text.USB_PCStopPhyClcok  peripheral_usb.o
    0x0202e428   0x0202e428   0x00000016   Code   RO         1336    .text.USB_ReInit    peripheral_usb.o
    0x0202e43e   0x0202e43e   0x00000002   PAD
    0x0202e440   0x0202e440   0x000000a4   Code   RO         1380    .text.USB_RecvData  peripheral_usb.o
    0x0202e4e4   0x0202e4e4   0x00000084   Code   RO         1332    .text.USB_ResetAndConfig  peripheral_usb.o
    0x0202e568   0x0202e568   0x000000b4   Code   RO         1334    .text.USB_ResetTransfert  peripheral_usb.o
    0x0202e61c   0x0202e61c   0x000000b2   Code   RO         1376    .text.USB_SendData  peripheral_usb.o
    0x0202e6ce   0x0202e6ce   0x00000002   PAD
    0x0202e6d0   0x0202e6d0   0x00000028   Code   RO         1388    .text.USB_SetEp0Stall  peripheral_usb.o
    0x0202e6f8   0x0202e6f8   0x000000e2   Code   RO         1350    .text.USB_SetStallEp  peripheral_usb.o
    0x0202e7da   0x0202e7da   0x00000002   PAD
    0x0202e7dc   0x0202e7dc   0x00000052   Code   RO         1322    .text.USB_SetupDataFifo  peripheral_usb.o
    0x0202e82e   0x0202e82e   0x00000002   PAD
    0x0202e830   0x0202e830   0x000000f2   Code   RO         1362    .text.USB_StartTransfer  peripheral_usb.o
    0x0202e922   0x0202e922   0x00000002   PAD
    0x0202e924   0x0202e924   0x000000fe   Code   RO         1601    .text.User_Init_2P4G  app_24g.o
    0x0202ea22   0x0202ea22   0x00000002   PAD
    0x0202ea24   0x0202ea24   0x0000009c   Code   RO         1458    .text._DoInit       trace.o
    0x0202eac0   0x0202eac0   0x0000003e   Code   RO         1470    .text._GetAvailWriteSpace  trace.o
    0x0202eafe   0x0202eafe   0x00000002   PAD
    0x0202eb00   0x0202eb00   0x000000e0   Code   RO         1474    .text._WriteBlocking  trace.o
    0x0202ebe0   0x0202ebe0   0x00000080   Code   RO         1472    .text._WriteNoCheck  trace.o
    0x0202ec60   0x0202ec60   0x00000038   Code   RO         1853    .text.__NVIC_DisableIRQ  app_main.o
    0x0202ec98   0x0202ec98   0x00000104   Code   RO         2167    .text.adcFilter     bsp_battery.o
    0x0202ed9c   0x0202ed9c   0x000000aa   Code   RO          651    .text.apSSP_DeviceParametersSet  peripheral_ssp.o
    0x0202ee46   0x0202ee46   0x00000002   PAD
    0x0202ee48   0x0202ee48   0x00000010   Code   RO          681    .text.apSSP_GetSPIActiveStatus  peripheral_ssp.o
    0x0202ee58   0x0202ee58   0x0000002e   Code   RO          645    .text.apSSP_Initialize  peripheral_ssp.o
    0x0202ee86   0x0202ee86   0x00000002   PAD
    0x0202ee88   0x0202ee88   0x00000014   Code   RO          659    .text.apSSP_IntEnable  peripheral_ssp.o
    0x0202ee9c   0x0202ee9c   0x00000022   Code   RO          649    .text.apSSP_ResetRxFifo  peripheral_ssp.o
    0x0202eebe   0x0202eebe   0x00000002   PAD
    0x0202eec0   0x0202eec0   0x00000022   Code   RO          647    .text.apSSP_ResetTxFifo  peripheral_ssp.o
    0x0202eee2   0x0202eee2   0x00000002   PAD
    0x0202eee4   0x0202eee4   0x00000024   Code   RO          655    .text.apSSP_SetRxThres  peripheral_ssp.o
    0x0202ef08   0x0202ef08   0x00000022   Code   RO          657    .text.apSSP_SetTimingSclkDiv  peripheral_ssp.o
    0x0202ef2a   0x0202ef2a   0x00000002   PAD
    0x0202ef2c   0x0202ef2c   0x00000024   Code   RO          689    .text.apSSP_SetTxDmaEn  peripheral_ssp.o
    0x0202ef50   0x0202ef50   0x00000024   Code   RO          653    .text.apSSP_SetTxThres  peripheral_ssp.o
    0x0202ef74   0x0202ef74   0x00000018   Code   RO          663    .text.apSSP_WriteCmd  peripheral_ssp.o
    0x0202ef8c   0x0202ef8c   0x00000080   Code   RO          918    .text.apUART_BaudRateSet  peripheral_uart.o
    0x0202f00c   0x0202f00c   0x00000010   Code   RO          932    .text.apUART_Check_BUSY  peripheral_uart.o
    0x0202f01c   0x0202f01c   0x00000010   Code   RO          924    .text.apUART_Check_RXFIFO_EMPTY  peripheral_uart.o
    0x0202f02c   0x0202f02c   0x00000010   Code   RO          928    .text.apUART_Check_TXFIFO_EMPTY  peripheral_uart.o
    0x0202f03c   0x0202f03c   0x00000010   Code   RO          930    .text.apUART_Check_TXFIFO_FULL  peripheral_uart.o
    0x0202f04c   0x0202f04c   0x0000000c   Code   RO          948    .text.apUART_Get_all_raw_int_stat  peripheral_uart.o
    0x0202f058   0x0202f058   0x000000aa   Code   RO          962    .text.apUART_Initialize  peripheral_uart.o
    0x0202f102   0x0202f102   0x00000002   PAD
    0x0202f104   0x0202f104   0x0000005c   Code   RO         1623    .text.app_24g_Enable  app_24g.o
    0x0202f160   0x0202f160   0x0000002c   Code   RO         1605    .text.app_24g_bonding_send_adv  app_24g.o
    0x0202f18c   0x0202f18c   0x00000064   Code   RO         1603    .text.app_24g_bonding_state_init  app_24g.o
    0x0202f1f0   0x0202f1f0   0x0000007a   Code   RO         1647    .text.app_24g_comm_recv_handle  app_24g.o
    0x0202f26a   0x0202f26a   0x00000002   PAD
    0x0202f26c   0x0202f26c   0x00000118   Code   RO         1621    .text.app_24g_do_bonding_or_return  app_24g.o
    0x0202f384   0x0202f384   0x00000010   Code   RO         1619    .text.app_24g_do_switch_to_2p4g  app_24g.o
    0x0202f394   0x0202f394   0x000000fa   Code   RO         1599    .text.app_24g_event_handle  app_24g.o
    0x0202f48e   0x0202f48e   0x00000002   PAD
    0x0202f490   0x0202f490   0x000000da   Code   RO         1742    .text.app_24g_event_handle  app_24g_hid_kb.o
    0x0202f56a   0x0202f56a   0x00000002   PAD
    0x0202f56c   0x0202f56c   0x00000038   Code   RO         1607    .text.app_24g_event_put  app_24g.o
    0x0202f5a4   0x0202f5a4   0x0000003a   Code   RO         1615    .text.app_24g_get_work_state  app_24g.o
    0x0202f5de   0x0202f5de   0x00000002   PAD
    0x0202f5e0   0x0202f5e0   0x00000010   Code   RO         1740    .text.app_24g_hid_kb_init  app_24g_hid_kb.o
    0x0202f5f0   0x0202f5f0   0x000000a0   Code   RO         1631    .text.app_24g_idle  app_24g.o
    0x0202f690   0x0202f690   0x00000018   Code   RO         1611    .text.app_24g_idle_detect  app_24g.o
    0x0202f6a8   0x0202f6a8   0x0000002a   Code   RO         1597    .text.app_24g_init  app_24g.o
    0x0202f6d2   0x0202f6d2   0x00000002   PAD
    0x0202f6d4   0x0202f6d4   0x0000003e   Code   RO         1617    .text.app_24g_is_idle  app_24g.o
    0x0202f712   0x0202f712   0x00000002   PAD
    0x0202f714   0x0202f714   0x00000160   Code   RO         1609    .text.app_24g_loop  app_24g.o
    0x0202f874   0x0202f874   0x00000078   Code   RO         1637    .text.app_24g_print_state  app_24g.o
    0x0202f8ec   0x0202f8ec   0x00000008   Code   RO         1635    .text.app_24g_reset  app_24g.o
    0x0202f8f4   0x0202f8f4   0x0000002c   Code   RO         1613    .text.app_24g_return_send_adv  app_24g.o
    0x0202f920   0x0202f920   0x00000018   Code   RO         1639    .text.app_24g_return_state_init  app_24g.o
    0x0202f938   0x0202f938   0x00000024   Code   RO         1629    .text.app_24g_send_low_power_req  app_24g.o
    0x0202f95c   0x0202f95c   0x00000008   Code   RO         1633    .text.app_24g_sleep  app_24g.o
    0x0202f964   0x0202f964   0x00000200   Code   RO         1643    .text.app_24g_state_bonding_handle  app_24g.o
    0x0202fb64   0x0202fb64   0x000000a8   Code   RO         1645    .text.app_24g_state_return_handle  app_24g.o
    0x0202fc0c   0x0202fc0c   0x0000001c   Code   RO         1625    .text.app_24g_stop  app_24g.o
    0x0202fc28   0x0202fc28   0x00000086   Code   RO         1641    .text.app_24g_tx_done_handle  app_24g.o
    0x0202fcae   0x0202fcae   0x00000002   PAD
    0x0202fcb0   0x0202fcb0   0x00000098   Code   RO         1627    .text.app_24g_wakeup  app_24g.o
    0x0202fd48   0x0202fd48   0x00000002   Code   RO         1845    .text.app_after_Bt_stack_init  app_main.o
    0x0202fd4a   0x0202fd4a   0x00000002   PAD
    0x0202fd4c   0x0202fd4c   0x00000018   Code   RO         1843    .text.app_berfore_Bt_stack_init  app_main.o
    0x0202fd64   0x0202fd64   0x0000002e   Code   RO         1980    .text.app_ble_continue_send  app_ble_hid_kb.o
    0x0202fd92   0x0202fd92   0x00000002   PAD
    0x0202fd94   0x0202fd94   0x0000004a   Code   RO         1978    .text.app_ble_event_handle  app_ble_hid_kb.o
    0x0202fdde   0x0202fdde   0x00000002   PAD
    0x0202fde0   0x0202fde0   0x0000002c   Code   RO         2511    .text.app_ble_event_put  app_ble.o
    0x0202fe0c   0x0202fe0c   0x00000014   Code   RO         2457    .text.app_ble_evt_handler_register  app_ble.o
    0x0202fe20   0x0202fe20   0x00000010   Code   RO         1976    .text.app_ble_hid_kb_init  app_ble_hid_kb.o
    0x0202fe30   0x0202fe30   0x00000018   Code   RO         1837    .text.app_hardware_init  app_main.o
    0x0202fe48   0x0202fe48   0x00000018   Code   RO         1839    .text.app_hardware_uninit  app_main.o
    0x0202fe60   0x0202fe60   0x0000002a   Code   RO         1765    .text.app_hid_fifo_init  app_hid_fifo.o
    0x0202fe8a   0x0202fe8a   0x00000002   PAD
    0x0202fe8c   0x0202fe8c   0x00000024   Code   RO         1755    .text.app_hid_init  app_hid.o
    0x0202feb0   0x0202feb0   0x000000b6   Code   RO         1816    .text.app_low_power_24g_loop  app_low_power.o
    0x0202ff66   0x0202ff66   0x00000002   PAD
    0x0202ff68   0x0202ff68   0x000000b6   Code   RO         1814    .text.app_low_power_ble_loop  app_low_power.o
    0x0203001e   0x0203001e   0x00000002   PAD
    0x02030020   0x02030020   0x0000010a   Code   RO         1802    .text.app_low_power_disable_quite_idle_io  app_low_power.o
    0x0203012a   0x0203012a   0x00000002   PAD
    0x0203012c   0x0203012c   0x00000072   Code   RO         1790    .text.app_low_power_disable_wake_up_io  app_low_power.o
    0x0203019e   0x0203019e   0x00000002   PAD
    0x020301a0   0x020301a0   0x00000034   Code   RO         1784    .text.app_low_power_enable  app_low_power.o
    0x020301d4   0x020301d4   0x0000018c   Code   RO         1796    .text.app_low_power_enable_quite_idle_io  app_low_power.o
    0x02030360   0x02030360   0x00000176   Code   RO         1788    .text.app_low_power_enable_wake_up_io  app_low_power.o
    0x020304d6   0x020304d6   0x00000002   PAD
    0x020304d8   0x020304d8   0x0000005e   Code   RO         1794    .text.app_low_power_is_io_wake_up_aborted  app_low_power.o
    0x02030536   0x02030536   0x00000002   PAD
    0x02030538   0x02030538   0x000000da   Code   RO         1792    .text.app_low_power_is_io_wake_up_normal  app_low_power.o
    0x02030612   0x02030612   0x00000002   PAD
    0x02030614   0x02030614   0x000000a0   Code   RO         1810    .text.app_low_power_loop  app_low_power.o
    0x020306b4   0x020306b4   0x00000024   Code   RO         1786    .text.app_low_power_set_io  app_low_power.o
    0x020306d8   0x020306d8   0x0000000e   Code   RO         1806    .text.app_low_power_time_update_set  app_low_power.o
    0x020306e6   0x020306e6   0x00000002   PAD
    0x020306e8   0x020306e8   0x00000120   Code   RO         1804    .text.app_low_power_timer_set  app_low_power.o
    0x02030808   0x02030808   0x00000066   Code   RO         1818    .text.app_low_power_usb_loop  app_low_power.o
    0x0203086e   0x0203086e   0x00000002   PAD
    0x02030870   0x02030870   0x00000024   Code   RO         1808    .text.app_low_power_wake_up  app_low_power.o
    0x02030894   0x02030894   0x0000008c   Code   RO           22    .text.app_main      main.o
    0x02030920   0x02030920   0x00000062   Code   RO         1835    .text.app_main_jump_usb_boot  app_main.o
    0x02030982   0x02030982   0x00000002   PAD
    0x02030984   0x02030984   0x0000000e   Code   RO         1831    .text.app_main_set_jump_usb_boot_flag  app_main.o
    0x02030992   0x02030992   0x00000002   PAD
    0x02030994   0x02030994   0x00000010   Code   RO         1925    .text.app_mode_init  app_mode.o
    0x020309a4   0x020309a4   0x00000022   Code   RO         1923    .text.app_mode_set_delay_switch_mode  app_mode.o
    0x020309c6   0x020309c6   0x00000002   PAD
    0x020309c8   0x020309c8   0x00000074   Code   RO         1927    .text.app_mode_switch_callback  app_mode.o
    0x02030a3c   0x02030a3c   0x00000070   Code   RO         1901    .text.app_mode_wakeup  app_mode.o
    0x02030aac   0x02030aac   0x00000054   Code   RO         1903    .text.app_mode_wakeup_to_change_mode  app_mode.o
    0x02030b00   0x02030b00   0x00000008   Code   RO         1841    .text.app_power_on_init  app_main.o
    0x02030b08   0x02030b08   0x00000036   Code   RO         2239    .text.app_storage_2g4_addr_read  app_storage.o
    0x02030b3e   0x02030b3e   0x00000002   PAD
    0x02030b40   0x02030b40   0x0000004e   Code   RO         2241    .text.app_storage_2g4_addr_write  app_storage.o
    0x02030b8e   0x02030b8e   0x00000002   PAD
    0x02030b90   0x02030b90   0x0000004a   Code   RO         2235    .text.app_storage_2g4_state_init  app_storage.o
    0x02030bda   0x02030bda   0x00000002   PAD
    0x02030bdc   0x02030bdc   0x00000038   Code   RO         2237    .text.app_storage_2g4_state_read  app_storage.o
    0x02030c14   0x02030c14   0x00000076   Code   RO         2209    .text.app_storage_addr_pool_get  app_storage.o
    0x02030c8a   0x02030c8a   0x00000002   PAD
    0x02030c8c   0x02030c8c   0x00000068   Code   RO         2253    .text.app_storage_addr_pool_init  app_storage.o
    0x02030cf4   0x02030cf4   0x0000007a   Code   RO         2211    .text.app_storage_addr_pool_update  app_storage.o
    0x02030d6e   0x02030d6e   0x00000002   PAD
    0x02030d70   0x02030d70   0x00000080   Code   RO         2255    .text.app_storage_ble_bond_info_init  app_storage.o
    0x02030df0   0x02030df0   0x00000038   Code   RO         2227    .text.app_storage_ble_channel_read  app_storage.o
    0x02030e28   0x02030e28   0x00000072   Code   RO         2233    .text.app_storage_ble_channel_write  app_storage.o
    0x02030e9a   0x02030e9a   0x00000002   PAD
    0x02030e9c   0x02030e9c   0x00000088   Code   RO         2257    .text.app_storage_ble_mode_init  app_storage.o
    0x02030f24   0x02030f24   0x000000a0   Code   RO         2217    .text.app_storage_bond_info_get  app_storage.o
    0x02030fc4   0x02030fc4   0x000000c8   Code   RO         2213    .text.app_storage_bond_info_write  app_storage.o
    0x0203108c   0x0203108c   0x0000009c   Code   RO         2215    .text.app_storage_bond_state_get  app_storage.o
    0x02031128   0x02031128   0x00000018   Code   RO         2251    .text.app_storage_init  app_storage.o
    0x02031140   0x02031140   0x0000006c   Code   RO         2229    .text.app_storage_mode_write  app_storage.o
    0x020311ac   0x020311ac   0x00000014   Code   RO         1851    .text.app_sys_sleep_prepare  app_main.o
    0x020311c0   0x020311c0   0x00000058   Code   RO         1847    .text.app_sys_wakeup_callback  app_main.o
    0x02031218   0x02031218   0x00000044   Code   RO         1849    .text.app_sys_wakeup_idle_callback  app_main.o
    0x0203125c   0x0203125c   0x00000076   Code   RO         1963    .text.app_usb_continue_send  app_usb.o
    0x020312d2   0x020312d2   0x00000002   PAD
    0x020312d4   0x020312d4   0x000000ec   Code   RO         1959    .text.app_usb_event_handler  app_usb.o
    0x020313c0   0x020313c0   0x00000008   Code   RO         1951    .text.app_usb_idle  app_usb.o
    0x020313c8   0x020313c8   0x000000a0   Code   RO         1957    .text.app_usb_init  app_usb.o
    0x02031468   0x02031468   0x0000000e   Code   RO         1949    .text.app_usb_is_suspend  app_usb.o
    0x02031476   0x02031476   0x00000002   PAD
    0x02031478   0x02031478   0x00000012   Code   RO         1953    .text.app_usb_quite_idle  app_usb.o
    0x0203148a   0x0203148a   0x00000002   PAD
    0x0203148c   0x0203148c   0x00000086   Code   RO         1961    .text.app_usb_uninit  app_usb.o
    0x02031512   0x02031512   0x00000002   PAD
    0x02031514   0x02031514   0x00000058   Code   RO          176    .text.append_data   uart_console.o
    0x0203156c   0x0203156c   0x000000d4   Code   RO         1420    .text.att_db_util_add_attribute_uuid16  att_db_util.o
    0x02031640   0x02031640   0x000000b8   Code   RO         1430    .text.att_db_util_add_characteristic_uuid16  att_db_util.o
    0x020316f8   0x020316f8   0x00000028   Code   RO         1424    .text.att_db_util_add_descriptor_uuid16  att_db_util.o
    0x02031720   0x02031720   0x00000022   Code   RO         1426    .text.att_db_util_add_service_uuid16  att_db_util.o
    0x02031742   0x02031742   0x00000002   PAD
    0x02031744   0x02031744   0x0000003a   Code   RO         1422    .text.att_db_util_assert_space  att_db_util.o
    0x0203177e   0x0203177e   0x00000002   PAD
    0x02031780   0x02031780   0x0000000c   Code   RO         1436    .text.att_db_util_get_address  att_db_util.o
    0x0203178c   0x0203178c   0x00000010   Code   RO         1438    .text.att_db_util_get_size  att_db_util.o
    0x0203179c   0x0203179c   0x00000044   Code   RO         1416    .text.att_db_util_init  att_db_util.o
    0x020317e0   0x020317e0   0x00000026   Code   RO         1418    .text.att_db_util_set_end_tag  att_db_util.o
    0x02031806   0x02031806   0x00000002   PAD
    0x02031808   0x02031808   0x00000604   Code   RO         2569    .text.att_read_callback  app_ble.o
    0x02031e0c   0x02031e0c   0x000003d6   Code   RO         2495    .text.att_write_callback  app_ble.o
    0x020321e2   0x020321e2   0x00000002   PAD
    0x020321e4   0x020321e4   0x000000b8   Code   RO         2573    .text.ble_bonding_set  app_ble.o
    0x0203229c   0x0203229c   0x00000004   PAD
    0x020322a0   0x020322a0   0x000000e0   Code   RO         2513    .text.ble_conn_param_update_req  app_ble.o
    0x02032380   0x02032380   0x00000082   Code   RO         2509    .text.ble_connected_callback  app_ble.o
    0x02032402   0x02032402   0x00000002   PAD
    0x02032404   0x02032404   0x0000001e   Code   RO         2595    .text.ble_delay_for_pair_adv  app_ble.o
    0x02032422   0x02032422   0x00000002   PAD
    0x02032424   0x02032424   0x0000001e   Code   RO         2597    .text.ble_delay_for_reconn_adv  app_ble.o
    0x02032442   0x02032442   0x00000002   PAD
    0x02032444   0x02032444   0x000000c0   Code   RO         2517    .text.ble_disconnect_callback  app_ble.o
    0x02032504   0x02032504   0x000000d0   Code   RO         2589    .text.ble_hid_battery_level_report  app_ble.o
    0x020325d4   0x020325d4   0x000001b6   Code   RO         2581    .text.ble_hid_kb_adv_data_setup  app_ble.o
    0x0203278a   0x0203278a   0x00000002   PAD
    0x0203278c   0x0203278c   0x00000092   Code   RO         2583    .text.ble_hid_kb_adv_start  app_ble.o
    0x0203281e   0x0203281e   0x00000002   PAD
    0x02032820   0x02032820   0x00000048   Code   RO         2481    .text.ble_hid_kb_adv_stop  app_ble.o
    0x02032868   0x02032868   0x00000112   Code   RO         2575    .text.ble_hid_kb_basic_key_notify  app_ble.o
    0x0203297a   0x0203297a   0x00000002   PAD
    0x0203297c   0x0203297c   0x000000f8   Code   RO         2577    .text.ble_hid_kb_extend_key_notify  app_ble.o
    0x02032a74   0x02032a74   0x000000bc   Code   RO         2585    .text.ble_hid_kb_force_disconnect  app_ble.o
    0x02032b30   0x02032b30   0x00000118   Code   RO         2579    .text.ble_hid_kb_mouse_data_notify  app_ble.o
    0x02032c48   0x02032c48   0x0000001e   Code   RO         2515    .text.ble_hid_kb_notify_state_default_set  app_ble.o
    0x02032c66   0x02032c66   0x00000002   PAD
    0x02032c68   0x02032c68   0x00000032   Code   RO         2587    .text.ble_hid_kb_reset_all  app_ble.o
    0x02032c9a   0x02032c9a   0x00000002   PAD
    0x02032c9c   0x02032c9c   0x0000005a   Code   RO         2485    .text.ble_hid_kb_stop_adv_do  app_ble.o
    0x02032cf6   0x02032cf6   0x00000002   PAD
    0x02032cf8   0x02032cf8   0x0000008c   Code   RO         2593    .text.ble_hid_kb_variable_default_init  app_ble.o
    0x02032d84   0x02032d84   0x000000ee   Code   RO         2591    .text.ble_hid_multi_media_notify  app_ble.o
    0x02032e72   0x02032e72   0x00000002   PAD
    0x02032e74   0x02032e74   0x0000005a   Code   RO         2487    .text.ble_hid_stop_adv  app_ble.o
    0x02032ece   0x02032ece   0x00000002   PAD
    0x02032ed0   0x02032ed0   0x00000066   Code   RO         2571    .text.ble_pair_adv_start  app_ble.o
    0x02032f36   0x02032f36   0x00000002   PAD
    0x02032f38   0x02032f38   0x00000018   Code   RO         2503    .text.ble_ready_callback  app_ble.o
    0x02032f50   0x02032f50   0x0000006c   Code   RO         2599    .text.ble_reconn_adv_start  app_ble.o
    0x02032fbc   0x02032fbc   0x00000068   Code   RO         2547    .text.ble_reconnect_trigger  app_ble.o
    0x02033024   0x02033024   0x00000080   Code   RO         2459    .text.ble_set_adv_name  app_ble.o
    0x020330a4   0x020330a4   0x0000008e   Code   RO         2527    .text.ble_sm_establish_callback  app_ble.o
    0x02033132   0x02033132   0x00000002   PAD
    0x02033134   0x02033134   0x0000004a   Code   RO         2549    .text.ble_switch_mode_channel_local_complete  app_ble.o
    0x0203317e   0x0203317e   0x00000002   PAD
    0x02033180   0x02033180   0x00000098   Code   RO         2165    .text.bsp_battery_data_process  bsp_battery.o
    0x02033218   0x02033218   0x00000068   Code   RO         2157    .text.bsp_battery_init  bsp_battery.o
    0x02033280   0x02033280   0x00000014   Code   RO         2161    .text.bsp_battery_uninit  bsp_battery.o
    0x02033294   0x02033294   0x000001c6   Code   RO         2000    .text.bsp_keyscan_init  bsp_keyscan.o
    0x0203345a   0x0203345a   0x00000002   PAD
    0x0203345c   0x0203345c   0x0000001a   Code   RO         2008    .text.bsp_keyscan_register_report_callback  bsp_keyscan.o
    0x02033476   0x02033476   0x00000002   PAD
    0x02033478   0x02033478   0x0000001e   Code   RO         2006    .text.bsp_keyscan_uninit  bsp_keyscan.o
    0x02033496   0x02033496   0x00000002   PAD
    0x02033498   0x02033498   0x0000015a   Code   RO         2182    .text.bsp_knob_data_process  bsp_knob.o
    0x020335f2   0x020335f2   0x00000002   PAD
    0x020335f4   0x020335f4   0x00000100   Code   RO         2186    .text.bsp_knob_init  bsp_knob.o
    0x020336f4   0x020336f4   0x00000040   Code   RO         2190    .text.bsp_knob_uninit  bsp_knob.o
    0x02033734   0x02033734   0x00000014   Code   RO         2039    .text.bsp_switch_callback_register  bsp_switch.o
    0x02033748   0x02033748   0x0000000c   Code   RO         2027    .text.bsp_switch_get_mode  bsp_switch.o
    0x02033754   0x02033754   0x0000008a   Code   RO         2029    .text.bsp_switch_init  bsp_switch.o
    0x020337de   0x020337de   0x00000002   PAD
    0x020337e0   0x020337e0   0x0000004e   Code   RO         2031    .text.bsp_switch_judge_mode  bsp_switch.o
    0x0203382e   0x0203382e   0x00000002   PAD
    0x02033830   0x02033830   0x0000003c   Code   RO         2033    .text.bsp_switch_uninit  bsp_switch.o
    0x0203386c   0x0203386c   0x00000026   Code   RO         2072    .text.bsp_usb_device_remote_wakeup  bsp_usb_hid_iap.o
    0x02033892   0x02033892   0x00000002   PAD
    0x02033894   0x02033894   0x0000002a   Code   RO         2070    .text.bsp_usb_disable  bsp_usb_hid_iap.o
    0x020338be   0x020338be   0x00000002   PAD
    0x020338c0   0x020338c0   0x00000a5a   Code   RO         2066    .text.bsp_usb_event_handler  bsp_usb_hid_iap.o
    0x0203431a   0x0203431a   0x00000002   PAD
    0x0203431c   0x0203431c   0x00000014   Code   RO         2052    .text.bsp_usb_evt_handler_register  bsp_usb_hid_iap.o
    0x02034330   0x02034330   0x00000030   Code   RO         2086    .text.bsp_usb_hid_iap_push_rx_data_to_user  bsp_usb_hid_iap.o
    0x02034360   0x02034360   0x00000040   Code   RO         2431    .text.bsp_usb_hid_iap_recv_callback  iap_transport.o
    0x020343a0   0x020343a0   0x00000014   Code   RO         2082    .text.bsp_usb_hid_iap_recv_callback_register  bsp_usb_hid_iap.o
    0x020343b4   0x020343b4   0x000000dc   Code   RO         2074    .text.bsp_usb_hid_iap_send  bsp_usb_hid_iap.o
    0x02034490   0x02034490   0x00000030   Code   RO         2090    .text.bsp_usb_hid_ucm_push_rx_data_to_user  bsp_usb_hid_iap.o
    0x020344c0   0x020344c0   0x00000074   Code   RO         2064    .text.bsp_usb_init  bsp_usb_hid_iap.o
    0x02034534   0x02034534   0x0000002a   Code   RO         2088    .text.bsp_usp_hid_ctl_rx_data_trigger  bsp_usb_hid_iap.o
    0x0203455e   0x0203455e   0x00000002   PAD
    0x02034560   0x02034560   0x00000038   Code   RO         2076    .text.bsp_usp_hid_iap_tx_data_trigger  bsp_usb_hid_iap.o
    0x02034598   0x02034598   0x00000028   Code   RO         2092    .text.bsp_usp_hid_ucm_rx_data_trigger  bsp_usb_hid_iap.o
    0x020345c0   0x020345c0   0x0000000c   Code   RO         1909    .text.btstack_event_state_get_state  app_mode.o
    0x020345cc   0x020345cc   0x0000000c   Code   RO         2501    .text.btstack_event_state_get_state  app_ble.o
    0x020345d8   0x020345d8   0x00000046   Code   RO         2567    .text.btstack_init  app_ble.o
    0x0203461e   0x0203461e   0x00000002   PAD
    0x02034620   0x02034620   0x0000002c   Code   RO          243    .text.calc_checksum_32  eflash.o
    0x0203464c   0x0203464c   0x00000012   Code   RO          241    .text.calc_ft_sum   eflash.o
    0x0203465e   0x0203465e   0x00000002   PAD
    0x02034660   0x02034660   0x00000024   Code   RO           28    .text.cb_assertion  main.o
    0x02034684   0x02034684   0x00000058   Code   RO           26    .text.cb_hard_fault  main.o
    0x020346dc   0x020346dc   0x00000020   Code   RO           30    .text.cb_heap_out_of_mem  main.o
    0x020346fc   0x020346fc   0x00000034   Code   RO            2    .text.cb_putc       main.o
    0x02034730   0x02034730   0x0000007e   Code   RO         1536    .text.cb_trace_rtt  trace.o
    0x020347ae   0x020347ae   0x00000002   PAD
    0x020347b0   0x020347b0   0x0000004a   Code   RO         2330    .text.cflash_check_date_empty  custom_flash.o
    0x020347fa   0x020347fa   0x00000002   PAD
    0x020347fc   0x020347fc   0x000000bc   Code   RO         2328    .text.cflash_init   custom_flash.o
    0x020348b8   0x020348b8   0x0000000e   Code   RO          164    .text.cmd_goto_usbboot  uart_console.o
    0x020348c6   0x020348c6   0x00000002   PAD
    0x020348c8   0x020348c8   0x00000018   Code   RO          146    .text.cmd_help      uart_console.o
    0x020348e0   0x020348e0   0x00000032   Code   RO          160    .text.cmd_print_2g4_global_state_inst  uart_console.o
    0x02034912   0x02034912   0x00000002   PAD
    0x02034914   0x02034914   0x0000001e   Code   RO          162    .text.cmd_print_version_inst  uart_console.o
    0x02034932   0x02034932   0x00000002   PAD
    0x02034934   0x02034934   0x00000012   Code   RO          156    .text.cmd_switch_to_2g4  uart_console.o
    0x02034946   0x02034946   0x00000002   PAD
    0x02034948   0x02034948   0x00000012   Code   RO          158    .text.cmd_switch_to_USB  uart_console.o
    0x0203495a   0x0203495a   0x00000002   PAD
    0x0203495c   0x0203495c   0x00000012   Code   RO          150    .text.cmd_switch_to_ble1  uart_console.o
    0x0203496e   0x0203496e   0x00000002   PAD
    0x02034970   0x02034970   0x00000012   Code   RO          152    .text.cmd_switch_to_ble2  uart_console.o
    0x02034982   0x02034982   0x00000002   PAD
    0x02034984   0x02034984   0x00000012   Code   RO          154    .text.cmd_switch_to_ble3  uart_console.o
    0x02034996   0x02034996   0x00000002   PAD
    0x02034998   0x02034998   0x00000174   Code   RO         2685    .text.comm_2p4g_start  BLE_2P4G_Switch.lib(ing_2p4g.o)
    0x02034b0c   0x02034b0c   0x00000068   Code   RO            8    .text.config_uart   main.o
    0x02034b74   0x02034b74   0x00000070   Code   RO         1885    .text.console_print_mode_switch_state  app_mode.o
    0x02034be4   0x02034be4   0x0000015e   Code   RO          174    .text.console_rx_data  uart_console.o
    0x02034d42   0x02034d42   0x00000002   PAD
    0x02034d44   0x02034d44   0x0000007a   Code   RO          227    .text.copy_security_data  eflash.o
    0x02034dbe   0x02034dbe   0x00000002   PAD
    0x02034dc0   0x02034dc0   0x0000004a   Code   RO         2184    .text.data_cal      bsp_knob.o
    0x02034e0a   0x02034e0a   0x00000002   PAD
    0x02034e0c   0x02034e0c   0x00000010   Code   RO          107    .text.dummy_event_create  noos_impl.o
    0x02034e1c   0x02034e1c   0x00000008   Code   RO           99    .text.dummy_event_set  noos_impl.o
    0x02034e24   0x02034e24   0x0000000a   Code   RO           97    .text.dummy_event_wait  noos_impl.o
    0x02034e2e   0x02034e2e   0x00000002   PAD
    0x02034e30   0x02034e30   0x00000012   Code   RO          101    .text.enter_critical  noos_impl.o
    0x02034e42   0x02034e42   0x00000002   PAD
    0x02034e44   0x02034e44   0x0000001a   Code   RO          205    .text.erase_flash_sector  eflash.o
    0x02034e5e   0x02034e5e   0x00000002   PAD
    0x02034e60   0x02034e60   0x0000008a   Code   RO          225    .text.flash_enable_write_protection  eflash.o
    0x02034eea   0x02034eea   0x00000002   PAD
    0x02034eec   0x02034eec   0x00000024   Code   RO          233    .text.flash_get_adc_calib_data  eflash.o
    0x02034f10   0x02034f10   0x00000024   Code   RO          231    .text.flash_get_factory_calib_data  eflash.o
    0x02034f34   0x02034f34   0x000000c2   Code   RO          219    .text.flash_prepare_factory_data  eflash.o
    0x02034ff6   0x02034ff6   0x00000002   PAD
    0x02034ff8   0x02034ff8   0x00000056   Code   RO          223    .text.flash_read_protection_status  eflash.o
    0x0203504e   0x0203504e   0x00000002   PAD
    0x02035050   0x02035050   0x0000003a   Code   RO         2409    .text.flash_read_protection_status  iap_flash_wp.o
    0x0203508a   0x0203508a   0x00000002   PAD
    0x0203508c   0x0203508c   0x00000072   Code   RO         2405    .text.flash_write_protection_config  iap_flash_wp.o
    0x020350fe   0x020350fe   0x00000002   PAD
    0x02035100   0x02035100   0x000000c4   Code   RO         2403    .text.flash_write_protection_set  iap_flash_wp.o
    0x020351c4   0x020351c4   0x00000016   Code   RO            4    .text.fputc         main.o
    0x020351da   0x020351da   0x00000002   PAD
    0x020351dc   0x020351dc   0x0000006e   Code   RO         2479    .text.generate_rpa  app_ble.o
    0x0203524a   0x0203524a   0x00000002   PAD
    0x0203524c   0x0203524c   0x00000038   Code   RO          127    .text.getCRC16      crc16.o
    0x02035284   0x02035284   0x0000000c   Code   RO          239    .text.get_ft_sum    eflash.o
    0x02035290   0x02035290   0x00000032   Code   RO          794    .text.get_safe_divider  peripheral_sysctrl.o
    0x020352c2   0x020352c2   0x00000002   PAD
    0x020352c4   0x020352c4   0x00000032   Code   RO          816    .text.get_safe_divider10  peripheral_sysctrl.o
    0x020352f6   0x020352f6   0x00000002   PAD
    0x020352f8   0x020352f8   0x00000032   Code   RO          812    .text.get_safe_divider6  peripheral_sysctrl.o
    0x0203532a   0x0203532a   0x00000002   PAD
    0x0203532c   0x0203532c   0x000000a2   Code   RO          166    .text.handle_command  uart_console.o
    0x020353ce   0x020353ce   0x00000002   PAD
    0x020353d0   0x020353d0   0x0000000e   Code   RO         2493    .text.hci_event_command_complete_get_command_opcode  app_ble.o
    0x020353de   0x020353de   0x00000002   PAD
    0x020353e0   0x020353e0   0x0000000c   Code   RO         2505    .text.hci_event_command_complete_get_return_parameters  app_ble.o
    0x020353ec   0x020353ec   0x0000000c   Code   RO         2507    .text.hci_event_le_meta_get_subevent_code  app_ble.o
    0x020353f8   0x020353f8   0x0000000c   Code   RO         1907    .text.hci_event_packet_get_type  app_mode.o
    0x02035404   0x02035404   0x0000000c   Code   RO         2499    .text.hci_event_packet_get_type  app_ble.o
    0x02035410   0x02035410   0x0000000c   Code   RO         1913    .text.hci_event_packet_get_user_msg  app_mode.o
    0x0203541c   0x0203541c   0x0000000c   Code   RO         2519    .text.hci_event_packet_get_user_msg  app_ble.o
    0x02035428   0x02035428   0x00000062   Code   RO           20    .text.idle_proc     main.o
    0x0203548a   0x0203548a   0x00000002   PAD
    0x0203548c   0x0203548c   0x0000003a   Code   RO          105    .text.idle_process  noos_impl.o
    0x020354c6   0x020354c6   0x00000002   PAD
    0x020354c8   0x020354c8   0x0000008c   Code   RO         2310    .text.impl_do_kv_visit  kv_impl.o
    0x02035554   0x02035554   0x0000004c   Code   RO         2292    .text.impl_kv_get   kv_impl.o
    0x020355a0   0x020355a0   0x0000006c   Code   RO         2290    .text.impl_kv_put   kv_impl.o
    0x0203560c   0x0203560c   0x00000076   Code   RO         2288    .text.impl_kv_remove  kv_impl.o
    0x02035682   0x02035682   0x00000002   PAD
    0x02035684   0x02035684   0x00000080   Code   RO         2286    .text.impl_kv_remove_all  kv_impl.o
    0x02035704   0x02035704   0x0000003a   Code   RO         2296    .text.impl_kv_value_modified_of_key  kv_impl.o
    0x0203573e   0x0203573e   0x00000002   PAD
    0x02035740   0x02035740   0x00000024   Code   RO         2294    .text.impl_kv_visit  kv_impl.o
    0x02035764   0x02035764   0x00000062   Code   RO         1669    .text.ing24g_channel_hop  ing_24g.o
    0x020357c6   0x020357c6   0x00000002   PAD
    0x020357c8   0x020357c8   0x00000020   Code   RO         1673    .text.ing24g_channel_hop_begin  ing_24g.o
    0x020357e8   0x020357e8   0x0000002c   Code   RO         1671    .text.ing24g_channel_init  ing_24g.o
    0x02035814   0x02035814   0x00000084   Code   RO         1715    .text.ing24g_check_fifo_send_data  ing_24g.o
    0x02035898   0x02035898   0x00000018   Code   RO         1689    .text.ing24g_connect  ing_24g.o
    0x020358b0   0x020358b0   0x00000018   Code   RO         1703    .text.ing24g_disable_hop  ing_24g.o
    0x020358c8   0x020358c8   0x00000014   Code   RO         1691    .text.ing24g_disconnect  ing_24g.o
    0x020358dc   0x020358dc   0x00000028   Code   RO         1687    .text.ing24g_do_switch_to_2p4g  ing_24g.o
    0x02035904   0x02035904   0x00000018   Code   RO         1705    .text.ing24g_enable_err_retry  ing_24g.o
    0x0203591c   0x0203591c   0x000000a4   Code   RO         1699    .text.ing24g_enable_sleep  ing_24g.o
    0x020359c0   0x020359c0   0x00000030   Code   RO         1713    .text.ing24g_event_put  ing_24g.o
    0x020359f0   0x020359f0   0x0000004c   Code   RO         1681    .text.ing24g_init   ing_24g.o
    0x02035a3c   0x02035a3c   0x00000034   Code   RO         1677    .text.ing24g_param_init  ing_24g.o
    0x02035a70   0x02035a70   0x000000fa   Code   RO         1707    .text.ing24g_process  ing_24g.o
    0x02035b6a   0x02035b6a   0x00000002   PAD
    0x02035b6c   0x02035b6c   0x000000b6   Code   RO         1667    .text.ing24g_raw_send_data  ing_24g.o
    0x02035c22   0x02035c22   0x00000002   PAD
    0x02035c24   0x02035c24   0x000000b8   Code   RO         1665    .text.ing24g_send_data  ing_24g.o
    0x02035cdc   0x02035cdc   0x0000001c   Code   RO         1695    .text.ing24g_set_address  ing_24g.o
    0x02035cf8   0x02035cf8   0x00000018   Code   RO         1697    .text.ing24g_set_interval  ing_24g.o
    0x02035d10   0x02035d10   0x00000022   Code   RO         2689    .text.ing2p4g_get_state  BLE_2P4G_Switch.lib(ing_2p4g.o)
    0x02035d32   0x02035d32   0x00000002   PAD
    0x02035d34   0x02035d34   0x00000046   Code   RO         2661    .text.ing2p4g_set_access_address  BLE_2P4G_Switch.lib(ing_2p4g.o)
    0x02035d7a   0x02035d7a   0x00000002   PAD
    0x02035d7c   0x02035d7c   0x00000076   Code   RO         2657    .text.ing2p4g_set_channel  BLE_2P4G_Switch.lib(ing_2p4g.o)
    0x02035df2   0x02035df2   0x00000002   PAD
    0x02035df4   0x02035df4   0x00000048   Code   RO         2653    .text.ing2p4g_set_irq_callback  BLE_2P4G_Switch.lib(ing_2p4g.o)
    0x02035e3c   0x02035e3c   0x00000050   Code   RO         2659    .text.ing2p4g_set_tx_power  BLE_2P4G_Switch.lib(ing_2p4g.o)
    0x02035e8c   0x02035e8c   0x00000066   Code   RO         2701    .text.ing2p4g_switch_to_2G4  BLE_2P4G_Switch.lib(ing_2p4g.o)
    0x02035ef2   0x02035ef2   0x00000002   PAD
    0x02035ef4   0x02035ef4   0x0000013c   Code   RO         2703    .text.ing2p4g_switch_to_BLE  BLE_2P4G_Switch.lib(ing_2p4g.o)
    0x02036030   0x02036030   0x0000003c   Code   RO         1685    .text.ing_2p4g_config_init  ing_24g.o
    0x0203606c   0x0203606c   0x00000354   Code   RO         2553    .text.init_service  app_ble.o
    0x020363c0   0x020363c0   0x0000005e   Code   RO          221    .text.is_data_ready  eflash.o
    0x0203641e   0x0203641e   0x00000002   PAD
    0x02036420   0x02036420   0x0000003c   Code   RO         2231    .text.is_kb_mode_valid  app_storage.o
    0x0203645c   0x0203645c   0x0000000c   Code   RO         2465    .text.kb_ble_state_get  app_ble.o
    0x02036468   0x02036468   0x0000001e   Code   RO         2529    .text.kb_ble_state_set  app_ble.o
    0x02036486   0x02036486   0x00000002   PAD
    0x02036488   0x02036488   0x00000028   Code   RO         2483    .text.kb_ble_stop_ble_flag_set  app_ble.o
    0x020364b0   0x020364b0   0x0000003a   Code   RO         1891    .text.kb_mode_disable_current_ble_channel_complete_callback  app_mode.o
    0x020364ea   0x020364ea   0x00000002   PAD
    0x020364ec   0x020364ec   0x00000040   Code   RO         1935    .text.kb_mode_disable_current_ble_channel_start  app_mode.o
    0x0203652c   0x0203652c   0x00000026   Code   RO         1895    .text.kb_mode_enable_expect_ble_channel_complete_callback  app_mode.o
    0x02036552   0x02036552   0x00000002   PAD
    0x02036554   0x02036554   0x000000d2   Code   RO         2298    .text.key_remap_by_type  kv_impl.o
    0x02036626   0x02036626   0x00000002   PAD
    0x02036628   0x02036628   0x00000018   Code   RO         2274    .text.key_remap_key_set  kv_impl.o
    0x02036640   0x02036640   0x000000f2   Code   RO         1889    .text.keyboard_mode_disable_current_mode_complete_callback  app_mode.o
    0x02036732   0x02036732   0x00000002   PAD
    0x02036734   0x02036734   0x000000a8   Code   RO         1933    .text.keyboard_mode_disable_current_mode_start  app_mode.o
    0x020367dc   0x020367dc   0x00000052   Code   RO         1893    .text.keyboard_mode_enable_expect_mode_complete_callback  app_mode.o
    0x0203682e   0x0203682e   0x00000002   PAD
    0x02036830   0x02036830   0x00000122   Code   RO         1887    .text.keyboard_mode_evt_put  app_mode.o
    0x02036952   0x02036952   0x00000002   PAD
    0x02036954   0x02036954   0x0000000c   Code   RO         1869    .text.keyboard_mode_get  app_mode.o
    0x02036960   0x02036960   0x0000007c   Code   RO         1905    .text.keyboard_mode_power_on_user_packet_handler  app_mode.o
    0x020369dc   0x020369dc   0x00000018   Code   RO         1871    .text.keyboard_mode_set  app_mode.o
    0x020369f4   0x020369f4   0x0000004a   Code   RO         1883    .text.keyboard_mode_switch_state_get  app_mode.o
    0x02036a3e   0x02036a3e   0x00000002   PAD
    0x02036a40   0x02036a40   0x0000013a   Code   RO         1897    .text.keyboard_mode_switch_to_mode  app_mode.o
    0x02036b7a   0x02036b7a   0x00000002   PAD
    0x02036b7c   0x02036b7c   0x000000a4   Code   RO         1931    .text.keyboard_mode_switch_to_mode_do  app_mode.o
    0x02036c20   0x02036c20   0x00000046   Code   RO         1915    .text.keyboard_mode_user_message_handler  app_mode.o
    0x02036c66   0x02036c66   0x00000002   PAD
    0x02036c68   0x02036c68   0x0000002e   Code   RO         1929    .text.keyboard_switch_mode_end_callback  app_mode.o
    0x02036c96   0x02036c96   0x00000002   PAD
    0x02036c98   0x02036c98   0x00000012   Code   RO         1881    .text.keyboard_switch_mode_is_idle  app_mode.o
    0x02036caa   0x02036caa   0x00000002   PAD
    0x02036cac   0x02036cac   0x000000d8   Code   RO         2306    .text.kv_do_append_key  kv_impl.o
    0x02036d84   0x02036d84   0x0000004e   Code   RO         2280    .text.kv_do_backup  kv_impl.o
    0x02036dd2   0x02036dd2   0x00000002   PAD
    0x02036dd4   0x02036dd4   0x00000040   Code   RO         2308    .text.kv_do_gc      kv_impl.o
    0x02036e14   0x02036e14   0x00000018   Code   RO         2302    .text.kv_do_remove_key  kv_impl.o
    0x02036e2c   0x02036e2c   0x00000092   Code   RO         2278    .text.kv_flash_repair  kv_impl.o
    0x02036ebe   0x02036ebe   0x00000002   PAD
    0x02036ec0   0x02036ec0   0x00000076   Code   RO         2276    .text.kv_impl_init  kv_impl.o
    0x02036f36   0x02036f36   0x00000002   PAD
    0x02036f38   0x02036f38   0x00000036   Code   RO         2282    .text.kv_reset      kv_impl.o
    0x02036f6e   0x02036f6e   0x00000002   PAD
    0x02036f70   0x02036f70   0x000000e6   Code   RO         2314    .text.kv_search     kv_impl.o
    0x02037056   0x02037056   0x00000002   PAD
    0x02037058   0x02037058   0x00000068   Code   RO         2300    .text.kv_search_cache  kv_impl.o
    0x020370c0   0x020370c0   0x00000080   Code   RO         2304    .text.kv_search_flash  kv_impl.o
    0x02037140   0x02037140   0x00000044   Code   RO         2312    .text.kv_visitor_dump  kv_impl.o
    0x02037184   0x02037184   0x0000001c   Code   RO          103    .text.leave_critical  noos_impl.o
    0x020371a0   0x020371a0   0x0000003a   Code   RO          172    .text.loop_uart_console  uart_console.o
    0x020371da   0x020371da   0x00000002   PAD
    0x020371dc   0x020371dc   0x00000058   Code   RO         1701    .text.low_power_interval_timer_cb  ing_24g.o
    0x02037234   0x02037234   0x000000dc   Code   RO         1812    .text.low_power_timer_update  app_low_power.o
    0x02037310   0x02037310   0x0000008e   Code   RO          378    .text.map_int_mode  peripheral_gpio.o
    0x0203739e   0x0203739e   0x00000002   PAD
    0x020373a0   0x020373a0   0x0000001a   Code   RO         2284    .text.next_item     kv_impl.o
    0x020373ba   0x020373ba   0x00000002   PAD
    0x020373bc   0x020373bc   0x0000002c   Code   RO           67    .text.noos_start    noos_impl.o
    0x020373e8   0x020373e8   0x00000024   Code   RO         1320    .text.nop           peripheral_usb.o
    0x0203740c   0x0203740c   0x00000028   Code   RO           14    .text.on_deep_sleep_wakeup  main.o
    0x02037434   0x02037434   0x00000012   Code   RO           16    .text.on_deep_sleep_wakeup_idle  main.o
    0x02037446   0x02037446   0x00000002   PAD
    0x02037448   0x02037448   0x0000000c   Code   RO           12    .text.on_lle_init   main.o
    0x02037454   0x02037454   0x0000000a   Code   RO           75    .text.os_impl_get_driver  noos_impl.o
    0x0203745e   0x0203745e   0x00000002   PAD
    0x02037460   0x02037460   0x00000002   Code   RO           73    .text.pendsv_isr    noos_impl.o
    0x02037462   0x02037462   0x00000002   PAD
    0x02037464   0x02037464   0x0000009e   Code   RO          518    .text.pin_id_for_input_source  peripheral_pinctrl.o
    0x02037502   0x02037502   0x00000002   PAD
    0x02037504   0x02037504   0x000000da   Code   RO         1911    .text.power_on_ready  app_mode.o
    0x020375de   0x020375de   0x00000002   PAD
    0x020375e0   0x020375e0   0x0000000c   Code   RO         1875    .text.power_on_state_get  app_mode.o
    0x020375ec   0x020375ec   0x00000040   Code   RO         2205    .text.print_addr    app_storage.o
    0x0203762c   0x0203762c   0x00000060   Code   RO         2601    .text.print_all_attribute_handle  app_ble.o
    0x0203768c   0x0203768c   0x0000006c   Code   RO         2469    .text.print_kb_ble_state  app_ble.o
    0x020376f8   0x020376f8   0x00000070   Code   RO         1899    .text.print_mode_switch_state  app_mode.o
    0x02037768   0x02037768   0x0000001a   Code   RO          207    .text.program_flash  eflash.o
    0x02037782   0x02037782   0x00000002   PAD
    0x02037784   0x02037784   0x0000006e   Code   RO           18    .text.query_deep_sleep_allowed  main.o
    0x020377f2   0x020377f2   0x00000002   PAD
    0x020377f4   0x020377f4   0x0000002e   Code   RO           91    .text.queue_create  noos_impl.o
    0x02037822   0x02037822   0x00000002   PAD
    0x02037824   0x02037824   0x0000005a   Code   RO           95    .text.queue_recv_msg  noos_impl.o
    0x0203787e   0x0203787e   0x00000002   PAD
    0x02037880   0x02037880   0x00000046   Code   RO           93    .text.queue_send_msg  noos_impl.o
    0x020378c6   0x020378c6   0x00000002   PAD
    0x020378c8   0x020378c8   0x00000048   Code   RO          215    .text.read_flash_security  eflash.o
    0x02037910   0x02037910   0x00000050   Code   RO          217    .text.read_flash_security0  eflash.o
    0x02037960   0x02037960   0x0000006a   Code   RO          125    .text.rom_crc16_large  crc16.o
    0x020379ca   0x020379ca   0x00000002   PAD
    0x020379cc   0x020379cc   0x00000006   Code   RO          237    .text.security_page_read  eflash.o
    0x020379d2   0x020379d2   0x00000002   PAD
    0x020379d4   0x020379d4   0x00000032   Code   RO          744    .text.set_reg_bit   peripheral_sysctrl.o
    0x02037a06   0x02037a06   0x00000002   PAD
    0x02037a08   0x02037a08   0x0000003a   Code   RO          404    .text.set_reg_bits  peripheral_gpio.o
    0x02037a42   0x02037a42   0x00000002   PAD
    0x02037a44   0x02037a44   0x00000044   Code   RO          504    .text.set_reg_bits  peripheral_pinctrl.o
    0x02037a88   0x02037a88   0x0000003a   Code   RO          746    .text.set_reg_bits  peripheral_sysctrl.o
    0x02037ac2   0x02037ac2   0x00000002   PAD
    0x02037ac4   0x02037ac4   0x0000001e   Code   RO           10    .text.setup_peripherals  main.o
    0x02037ae2   0x02037ae2   0x00000002   PAD
    0x02037ae4   0x02037ae4   0x00000038   Code   RO           24    .text.setup_pll_clk_and_sleep_para  main.o
    0x02037b1c   0x02037b1c   0x0000002e   Code   RO           42    .text.setup_profile  profile.o
    0x02037b4a   0x02037b4a   0x00000002   PAD
    0x02037b4c   0x02037b4c   0x00000010   Code   RO         2539    .text.sm_config_is_running  app_ble.o
    0x02037b5c   0x02037b5c   0x0000000c   Code   RO         2533    .text.sm_event_identity_resolving_failed_get_handle  app_ble.o
    0x02037b68   0x02037b68   0x0000000e   Code   RO         2531    .text.sm_event_identity_resolving_succeeded_get_le_device_db_index  app_ble.o
    0x02037b76   0x02037b76   0x00000002   PAD
    0x02037b78   0x02037b78   0x0000000e   Code   RO         2535    .text.sm_event_irk_dhk_result_get_irk  app_ble.o
    0x02037b86   0x02037b86   0x00000002   PAD
    0x02037b88   0x02037b88   0x0000000c   Code   RO         2525    .text.sm_event_just_works_request_get_handle  app_ble.o
    0x02037b94   0x02037b94   0x0000008c   Code   RO         2537    .text.sm_evt_irk_dhk_result_handler  app_ble.o
    0x02037c20   0x02037c20   0x00000226   Code   RO         2523    .text.sm_packet_handler  app_ble.o
    0x02037e46   0x02037e46   0x00000002   PAD
    0x02037e48   0x02037e48   0x000000a0   Code   RO          502    .text.source_id_on_pin  peripheral_pinctrl.o
    0x02037ee8   0x02037ee8   0x00000002   Code   RO           71    .text.svc_isr       noos_impl.o
    0x02037eea   0x02037eea   0x00000002   PAD
    0x02037eec   0x02037eec   0x00000048   Code   RO           89    .text.task_create   noos_impl.o
    0x02037f34   0x02037f34   0x00000002   Code   RO           69    .text.tick_isr      noos_impl.o
    0x02037f36   0x02037f36   0x00000002   PAD
    0x02037f38   0x02037f38   0x0000004e   Code   RO           79    .text.timer_cb      noos_impl.o
    0x02037f86   0x02037f86   0x00000002   PAD
    0x02037f88   0x02037f88   0x0000000a   Code   RO           51    .text.timer_cb_0    noos_impl.o
    0x02037f92   0x02037f92   0x00000002   PAD
    0x02037f94   0x02037f94   0x0000000a   Code   RO           53    .text.timer_cb_1    noos_impl.o
    0x02037f9e   0x02037f9e   0x00000002   PAD
    0x02037fa0   0x02037fa0   0x0000000a   Code   RO           55    .text.timer_cb_2    noos_impl.o
    0x02037faa   0x02037faa   0x00000002   PAD
    0x02037fac   0x02037fac   0x0000000a   Code   RO           57    .text.timer_cb_3    noos_impl.o
    0x02037fb6   0x02037fb6   0x00000002   PAD
    0x02037fb8   0x02037fb8   0x0000000a   Code   RO           59    .text.timer_cb_4    noos_impl.o
    0x02037fc2   0x02037fc2   0x00000002   PAD
    0x02037fc4   0x02037fc4   0x0000000a   Code   RO           61    .text.timer_cb_5    noos_impl.o
    0x02037fce   0x02037fce   0x00000002   PAD
    0x02037fd0   0x02037fd0   0x0000000a   Code   RO           63    .text.timer_cb_6    noos_impl.o
    0x02037fda   0x02037fda   0x00000002   PAD
    0x02037fdc   0x02037fdc   0x0000000a   Code   RO           65    .text.timer_cb_7    noos_impl.o
    0x02037fe6   0x02037fe6   0x00000002   PAD
    0x02037fe8   0x02037fe8   0x000000c0   Code   RO           81    .text.timer_create  noos_impl.o
    0x020380a8   0x020380a8   0x00000020   Code   RO           87    .text.timer_delete  noos_impl.o
    0x020380c8   0x020380c8   0x00000018   Code   RO           83    .text.timer_start   noos_impl.o
    0x020380e0   0x020380e0   0x00000018   Code   RO           85    .text.timer_stop    noos_impl.o
    0x020380f8   0x020380f8   0x0000000e   Code   RO         1550    .text.trace_rtt_init  trace.o
    0x02038106   0x02038106   0x00000002   PAD
    0x02038108   0x02038108   0x0000013a   Code   RO         1709    .text.tx_ack_data_handle  ing_24g.o
    0x02038242   0x02038242   0x00000002   PAD
    0x02038244   0x02038244   0x0000007c   Code   RO          148    .text.tx_data       uart_console.o
    0x020382c0   0x020382c0   0x00000126   Code   RO         1711    .text.tx_noack_data_handle  ing_24g.o
    0x020383e6   0x020383e6   0x00000002   PAD
    0x020383e8   0x020383e8   0x00000060   Code   RO            6    .text.uart_isr      main.o
    0x02038448   0x02038448   0x0000002c   Code   RO         2068    .text.usb_emit_event  bsp_usb_hid_iap.o
    0x02038474   0x02038474   0x00000004   PAD
    0x02038478   0x02038478   0x000004b8   Code   RO         2497    .text.user_packet_handler  app_ble.o
    0x02038930   0x02038930   0x0000001c   Code   RO         2346    .text.via_storage_init  via_storage.o
    0x0203894c   0x0203894c   0x00000042   Code   RO          211    .text.write_flash   eflash.o
    0x0203898e   0x0203898e   0x00000002   PAD
    0x02038990   0x02038990   0x000000ca   Code   RO          209    .text.write_flash0  eflash.o
    0x02038a5a   0x02038a5a   0x00000002   PAD
    0x02038a5c   0x02038a5c   0x0000001e   Code   RO          245    .text.write_ft_sum  eflash.o
    0x02038a7a   0x02038a7a   0x0000000a   Ven    RO         3433    Veneer$$Code        anon$$obj.o
    0x02038a84   0x02038a84   0x0000000a   Ven    RO         3434    Veneer$$Code        anon$$obj.o
    0x02038a8e   0x02038a8e   0x0000000a   Ven    RO         3435    Veneer$$Code        anon$$obj.o
    0x02038a98   0x02038a98   0x0000000a   Ven    RO         3436    Veneer$$Code        anon$$obj.o
    0x02038aa2   0x02038aa2   0x0000000a   Ven    RO         3437    Veneer$$Code        anon$$obj.o
    0x02038aac   0x02038aac   0x0000000a   Ven    RO         3438    Veneer$$Code        anon$$obj.o
    0x02038ab6   0x02038ab6   0x0000000a   Ven    RO         3439    Veneer$$Code        anon$$obj.o
    0x02038ac0   0x02038ac0   0x0000000a   Ven    RO         3440    Veneer$$Code        anon$$obj.o
    0x02038aca   0x02038aca   0x0000000a   Ven    RO         3441    Veneer$$Code        anon$$obj.o
    0x02038ad4   0x02038ad4   0x0000000a   Ven    RO         3442    Veneer$$Code        anon$$obj.o
    0x02038ade   0x02038ade   0x0000000a   Ven    RO         3443    Veneer$$Code        anon$$obj.o
    0x02038ae8   0x02038ae8   0x0000000a   Ven    RO         3444    Veneer$$Code        anon$$obj.o
    0x02038af2   0x02038af2   0x0000000a   Ven    RO         3445    Veneer$$Code        anon$$obj.o
    0x02038afc   0x02038afc   0x0000000a   Ven    RO         3446    Veneer$$Code        anon$$obj.o
    0x02038b06   0x02038b06   0x0000000a   Ven    RO         3447    Veneer$$Code        anon$$obj.o
    0x02038b10   0x02038b10   0x0000000a   Ven    RO         3448    Veneer$$Code        anon$$obj.o
    0x02038b1a   0x02038b1a   0x0000000a   Ven    RO         3449    Veneer$$Code        anon$$obj.o
    0x02038b24   0x02038b24   0x0000000a   Ven    RO         3450    Veneer$$Code        anon$$obj.o
    0x02038b2e   0x02038b2e   0x0000000a   Ven    RO         3451    Veneer$$Code        anon$$obj.o
    0x02038b38   0x02038b38   0x00000020   Code   RO         3308    i.__0printf         mc_w.l(printfa.o)
    0x02038b58   0x02038b58   0x0000000e   Code   RO         3425    i.__scatterload_copy  mc_w.l(handlers.o)
    0x02038b66   0x02038b66   0x00000002   Code   RO         3426    i.__scatterload_null  mc_w.l(handlers.o)
    0x02038b68   0x02038b68   0x0000000e   Code   RO         3427    i.__scatterload_zeroinit  mc_w.l(handlers.o)
    0x02038b76   0x02038b76   0x00000002   PAD
    0x02038b78   0x02038b78   0x00000184   Code   RO         3315    i._fp_digits        mc_w.l(printfa.o)
    0x02038cfc   0x02038cfc   0x000006dc   Code   RO         3316    i._printf_core      mc_w.l(printfa.o)
    0x020393d8   0x020393d8   0x00000024   Code   RO         3317    i._printf_post_padding  mc_w.l(printfa.o)
    0x020393fc   0x020393fc   0x0000002e   Code   RO         3318    i._printf_pre_padding  mc_w.l(printfa.o)
    0x0203942a   0x0203942a   0x00000002   PAD
    0x0203942c   0x0203942c   0x00000050   Code   RO         3336    i.free              mc_w.l(malloc.o)
    0x0203947c   0x0203947c   0x0000006c   Code   RO         3337    i.malloc            mc_w.l(malloc.o)
    0x020394e8   0x020394e8   0x00000024   Code   RO         3047    i.puts              mc_w.l(puts.o)
    0x0203950c   0x0203950c   0x00000062   Data   RO         2095    .rodata.ConfigDescriptor  bsp_usb_hid_iap.o
    0x0203956e   0x0203956e   0x00000002   PAD
    0x02039570   0x02039570   0x00000012   Data   RO         2094    .rodata.DeviceDescriptor  bsp_usb_hid_iap.o
    0x02039582   0x02039582   0x000000fc   Data   RO         1989    .rodata.Init_KEY_Matrix_Tab  user_flash_tab.o
    0x0203967e   0x0203967e   0x000000fc   Data   RO         2644    .rodata.KB_REPORT_MAP  app_ble.o
    0x0203977a   0x0203977a   0x00000002   PAD
    0x0203977c   0x0203977c   0x000000d3   Data   RO         2101    .rodata.ReportCtlDescriptor  bsp_usb_hid_iap.o
    0x0203984f   0x0203984f   0x00000001   PAD
    0x02039850   0x02039850   0x00000044   Data   RO         2099    .rodata.ReportKeyDescriptor  bsp_usb_hid_iap.o
    0x02039894   0x02039894   0x00000022   Data   RO         2100    .rodata.ReportViaDescriptor  bsp_usb_hid_iap.o
    0x020398b6   0x020398b6   0x00000002   PAD
    0x020398b8   0x020398b8   0x00000004   Data   RO         2096    .rodata.StringDescriptor_0  bsp_usb_hid_iap.o
    0x020398bc   0x020398bc   0x00000012   Data   RO         2097    .rodata.StringDescriptor_1  bsp_usb_hid_iap.o
    0x020398ce   0x020398ce   0x00000002   PAD
    0x020398d0   0x020398d0   0x0000002a   Data   RO         2098    .rodata.StringDescriptor_2  bsp_usb_hid_iap.o
    0x020398fa   0x020398fa   0x00000006   Data   RO         2612    .rodata.adv_sets_en  app_ble.o
    0x02039900   0x02039900   0x00000005   Data   RO         2265    .rodata.app_2g4_state_default  app_storage.o
    0x02039905   0x02039905   0x00000100   Data   RO          129    .rodata.auchCRCHi   crc16.o
    0x02039a05   0x02039a05   0x00000100   Data   RO          130    .rodata.auchCRCLo   crc16.o
    0x02039b05   0x02039b05   0x00000002   Data   RO         2266    .rodata.ble_mode_default  app_storage.o
    0x02039b07   0x02039b07   0x00000001   PAD
    0x02039b08   0x02039b08   0x00000008   Data   RO         2621    .rodata.ble_ppcp    app_ble.o
    0x02039b10   0x02039b10   0x00000007   Data   RO         2264    .rodata.channel_info_default  app_storage.o
    0x02039b17   0x02039b17   0x00000001   PAD
    0x02039b18   0x02039b18   0x0000004c   Data   RO          112    .rodata.driver      noos_impl.o
    0x02039b64   0x02039b64   0x00000068   Data   RO           33    .rodata.evt_cb_table  main.o
    0x02039bcc   0x02039bcc   0x00000011   Data   RO          183    .rodata.handle_command.unknow_cmd  uart_console.o
    0x02039bdd   0x02039bdd   0x000000dd   Data   RO          181    .rodata.help        uart_console.o
    0x02039cba   0x02039cba   0x00000004   Data   RO         2645    .rodata.hid_info    app_ble.o
    0x02039cbe   0x02039cbe   0x0000031e   Data   RO          520    .rodata.io_output_source_map  peripheral_pinctrl.o
    0x02039fdc   0x02039fdc   0x00000002   Data   RO         2637    .rodata.kb_desc_input_report_1  app_ble.o
    0x02039fde   0x02039fde   0x00000002   Data   RO         2638    .rodata.kb_desc_input_report_2  app_ble.o
    0x02039fe0   0x02039fe0   0x00000002   Data   RO         2639    .rodata.kb_desc_input_report_3  app_ble.o
    0x02039fe2   0x02039fe2   0x00000002   Data   RO         2640    .rodata.kb_desc_input_report_4  app_ble.o
    0x02039fe4   0x02039fe4   0x00000002   Data   RO         2641    .rodata.kb_desc_input_report_5  app_ble.o
    0x02039fe6   0x02039fe6   0x00000002   Data   RO         2642    .rodata.kb_desc_input_report_6  app_ble.o
    0x02039fe8   0x02039fe8   0x00000002   Data   RO         2643    .rodata.kb_desc_output_report_1  app_ble.o
    0x02039fea   0x02039fea   0x00000028   Data   RO         1938    .rodata.kb_mode_str  app_mode.o
    0x0203a012   0x0203a012   0x000002b9   Data   RO         2610    .rodata.kbs_str     app_ble.o
    0x0203a2cb   0x0203a2cb   0x0000001c   Data   RO         2011    .rodata.key_in_col  bsp_keyscan.o
    0x0203a2e7   0x0203a2e7   0x0000000c   Data   RO         2010    .rodata.key_out_row  bsp_keyscan.o
    0x0203a2f3   0x0203a2f3   0x00000001   PAD
    0x0203a2f4   0x0203a2f4   0x00000018   Data   RO         2318    .rodata.kv_backend  kv_impl.o
    0x0203a30c   0x0203a30c   0x00000048   Data   RO          247    .rodata.prog_security_page_read  eflash.o
    0x0203a354   0x0203a354   0x00000003   Data   RO         2631    .rodata.reconnect_adv_data  app_ble.o
    0x0203a357   0x0203a357   0x0000000d   Data   RO         2632    .rodata.scan_data   app_ble.o
    0x0203a364   0x0203a364   0x000000b8   Data   RO           34    .rodata.str1.1      main.o
    0x0203a41c   0x0203a41c   0x00000010   Data   RO           44    .rodata.str1.1      profile.o
    0x0203a42c   0x0203a42c   0x0000000c   Data   RO          113    .rodata.str1.1      noos_impl.o
    0x0203a438   0x0203a438   0x00000083   Data   RO          182    .rodata.str1.1      uart_console.o
    0x0203a4bb   0x0203a4bb   0x0000005c   Data   RO         1585    .rodata.str1.1      trace.o
    0x0203a517   0x0203a517   0x00000454   Data   RO         1650    .rodata.str1.1      app_24g.o
    0x0203a96b   0x0203a96b   0x00000037   Data   RO         1745    .rodata.str1.1      app_24g_hid_kb.o
    0x0203a9a2   0x0203a9a2   0x0000007f   Data   RO         1776    .rodata.str1.1      app_hid_fifo.o
    0x0203aa21   0x0203aa21   0x000001a5   Data   RO         1823    .rodata.str1.1      app_low_power.o
    0x0203abc6   0x0203abc6   0x0000042f   Data   RO         1939    .rodata.str1.1      app_mode.o
    0x0203aff5   0x0203aff5   0x000000b0   Data   RO         1966    .rodata.str1.1      app_usb.o
    0x0203b0a5   0x0203b0a5   0x00000040   Data   RO         2012    .rodata.str1.1      bsp_keyscan.o
    0x0203b0e5   0x0203b0e5   0x00000203   Data   RO         2106    .rodata.str1.1      bsp_usb_hid_iap.o
    0x0203b2e8   0x0203b2e8   0x00000042   Data   RO         2143    .rodata.str1.1      user_led_ws2812_drive.o
    0x0203b32a   0x0203b32a   0x00000033   Data   RO         2170    .rodata.str1.1      bsp_battery.o
    0x0203b35d   0x0203b35d   0x0000006a   Data   RO         2197    .rodata.str1.1      bsp_knob.o
    0x0203b3c7   0x0203b3c7   0x00000379   Data   RO         2263    .rodata.str1.1      app_storage.o
    0x0203b740   0x0203b740   0x00000041   Data   RO         2320    .rodata.str1.1      kv_impl.o
    0x0203b781   0x0203b781   0x000000c2   Data   RO         2338    .rodata.str1.1      custom_flash.o
    0x0203b843   0x0203b843   0x0000000f   Data   RO         2363    .rodata.str1.1      iap_916.o
    0x0203b852   0x0203b852   0x0000012c   Data   RO         2393    .rodata.str1.1      iap_application.o
    0x0203b97e   0x0203b97e   0x00000046   Data   RO         2413    .rodata.str1.1      iap_flash_wp.o
    0x0203b9c4   0x0203b9c4   0x000001b6   Data   RO         2449    .rodata.str1.1      iap_transport.o
    0x0203bb7a   0x0203bb7a   0x00000e44   Data   RO         2605    .rodata.str1.1      app_ble.o
    0x0203c9be   0x0203c9be   0x00000002   PAD
    0x0203c9c0   0x0203c9c0   0x00000030   Data   RO         3424    Region$$Table       anon$$obj.o


    Execution Region RW_IRAM1 (Exec base: 0x200043b8, Load base: 0x0203c9f0, Size: 0x00006c10, Max: 0x00009c48, ABSOLUTE, COMPRESSED[0x00000380])

    Exec Addr    Load Addr    Size         Type   Attr      Idx    E Section Name        Object

    0x200043b8   0x0203c9f0   0x0000003c   Code   RO          138    .ram_code           my_irq.o
    0x200043f4   0x0203ca2c   0x00000062   Code   RO         1683    .ram_code           ing_24g.o
    0x20004456   COMPRESSED   0x00000002   PAD
    0x20004458   0x0203ca90   0x00000082   Code   RO         1738    .ram_code           app_24g_hid_kb.o
    0x200044da   COMPRESSED   0x00000002   PAD
    0x200044dc   0x0203cb14   0x0000042c   Code   RO         1753    .ram_code           app_hid.o
    0x20004908   0x0203cf40   0x000001a4   Code   RO         1771    .ram_code           app_hid_fifo.o
    0x20004aac   0x0203d0e4   0x00000124   Code   RO         1833    .ram_code           app_main.o
    0x20004bd0   0x0203d208   0x000000b2   Code   RO         1955    .ram_code           app_usb.o
    0x20004c82   COMPRESSED   0x00000002   PAD
    0x20004c84   0x0203d2bc   0x0000005e   Code   RO         1974    .ram_code           app_ble_hid_kb.o
    0x20004ce2   COMPRESSED   0x00000002   PAD
    0x20004ce4   0x0203d31c   0x00000338   Code   RO         1998    .ram_code           bsp_keyscan.o
    0x2000501c   0x0203d654   0x0000007c   Code   RO         2037    .ram_code           bsp_switch.o
    0x20005098   0x0203d6d0   0x000001cc   Code   RO         2054    .ram_code           bsp_usb_hid_iap.o
    0x20005264   0x0203d89c   0x0000042c   Code   RO         2122    .ram_code           user_led_ws2812_drive.o
    0x20005690   0x0203dcc8   0x000000c0   Code   RO         2473    .ram_code           app_ble.o
    0x20005750   0x0203dd88   0x00000988   Code   RO         2655    .ram_code           BLE_2P4G_Switch.lib(ing_2p4g.o)
    0x200060d8   0x0203e710   0x0000000a   Ven    RO         3452    Veneer$$Code        anon$$obj.o
    0x200060e2   0x0203e71a   0x0000000a   Ven    RO         3453    Veneer$$Code        anon$$obj.o
    0x200060ec   0x0203e724   0x0000000a   Ven    RO         3454    Veneer$$Code        anon$$obj.o
    0x200060f6   0x0203e72e   0x0000000a   Ven    RO         3455    Veneer$$Code        anon$$obj.o
    0x20006100   0x0203e738   0x0000000a   Ven    RO         3456    Veneer$$Code        anon$$obj.o
    0x2000610a   0x0203e742   0x0000000a   Ven    RO         3457    Veneer$$Code        anon$$obj.o
    0x20006114   0x0203e74c   0x0000000a   Ven    RO         3458    Veneer$$Code        anon$$obj.o
    0x2000611e   0x0203e756   0x0000000a   Ven    RO         3459    Veneer$$Code        anon$$obj.o
    0x20006128   0x0203e760   0x0000000a   Ven    RO         3460    Veneer$$Code        anon$$obj.o
    0x20006132   0x0203e76a   0x0000000a   Ven    RO         3461    Veneer$$Code        anon$$obj.o
    0x2000613c   0x0203e774   0x0000000a   Ven    RO         3462    Veneer$$Code        anon$$obj.o
    0x20006146   0x0203e77e   0x0000000a   Ven    RO         3463    Veneer$$Code        anon$$obj.o
    0x20006150   0x0203e788   0x0000000a   Ven    RO         3464    Veneer$$Code        anon$$obj.o
    0x2000615a   0x0203e792   0x0000000a   Ven    RO         3465    Veneer$$Code        anon$$obj.o
    0x20006164   0x0203e79c   0x0000000a   Ven    RO         3466    Veneer$$Code        anon$$obj.o
    0x2000616e   0x0203e7a6   0x0000000a   Ven    RO         3467    Veneer$$Code        anon$$obj.o
    0x20006178   0x0203e7b0   0x0000000a   Ven    RO         3468    Veneer$$Code        anon$$obj.o
    0x20006182   0x0203e7ba   0x0000000a   Ven    RO         3469    Veneer$$Code        anon$$obj.o
    0x2000618c   0x0203e7c4   0x0000000a   Ven    RO         3470    Veneer$$Code        anon$$obj.o
    0x20006196   0x0203e7ce   0x0000000a   Ven    RO         3471    Veneer$$Code        anon$$obj.o
    0x200061a0   0x0203e7d8   0x0000000a   Ven    RO         3472    Veneer$$Code        anon$$obj.o
    0x200061aa   0x0203e7e2   0x0000000a   Ven    RO         3473    Veneer$$Code        anon$$obj.o
    0x200061b4   0x0203e7ec   0x0000000a   Ven    RO         3474    Veneer$$Code        anon$$obj.o
    0x200061be   0x0203e7f6   0x0000000a   Ven    RO         3475    Veneer$$Code        anon$$obj.o
    0x200061c8   0x0203e800   0x0000000a   Ven    RO         3476    Veneer$$Code        anon$$obj.o
    0x200061d2   0x0203e80a   0x0000000a   Ven    RO         3477    Veneer$$Code        anon$$obj.o
    0x200061dc   0x0203e814   0x0000000a   Ven    RO         3478    Veneer$$Code        anon$$obj.o
    0x200061e6   0x0203e81e   0x0000000a   Ven    RO         3479    Veneer$$Code        anon$$obj.o
    0x200061f0   COMPRESSED   0x00000004   Data   RW         3392    .data               mc_w.l(stdout.o)
    0x200061f4   COMPRESSED   0x00000004   Data   RW         3412    .data               mc_w.l(mvars.o)
    0x200061f8   COMPRESSED   0x00000004   Data   RW         3413    .data               mc_w.l(mvars.o)
    0x200061fc   COMPRESSED   0x0000006c   Data   RW         2146    .data.LED_Matrix_Tab  user_led_ws2812_drive.o
    0x20006268   COMPRESSED   0x00000300   Data   RW         2148    .data.LED_Mix_Colour_Tab  user_led_ws2812_drive.o
    0x20006568   COMPRESSED   0x00000020   Data   RW         1649    .data.app_24g_obs   app_24g.o
    0x20006588   COMPRESSED   0x00000076   Data   RW         2609    .data.bleHidKb      app_ble.o
    0x200065fe   COMPRESSED   0x00000001   Data   RW         2633    .data.ble_hid_battery_level_report.battery_max_retry_cnt  app_ble.o
    0x200065ff   COMPRESSED   0x00000001   Data   RW         2622    .data.ble_hid_kb_basic_key_notify.basic_max_retry_cnt  app_ble.o
    0x20006600   COMPRESSED   0x00000001   Data   RW         2623    .data.ble_hid_kb_extend_key_notify.extend_max_retry_cnt  app_ble.o
    0x20006601   COMPRESSED   0x00000001   Data   RW         2624    .data.ble_hid_kb_mouse_data_notify.mouse_max_retry_cnt  app_ble.o
    0x20006602   COMPRESSED   0x00000001   Data   RW         2634    .data.ble_hid_multi_media_notify.mm_max_retry_cnt  app_ble.o
    0x20006603   COMPRESSED   0x0000000d   Data   RW         2394    .data.cmdCtl        iap_application.o
    0x20006610   COMPRESSED   0x00000050   Data   RW          184    .data.cmds          uart_console.o
    0x20006660   COMPRESSED   0x0000000e   Data   RW         1822    .data.cow_gpio_group  app_low_power.o
    0x2000666e   COMPRESSED   0x00000002   PAD
    0x20006670   COMPRESSED   0x00000008   Data   RW         2617    .data.hci_event_callback_registration  app_ble.o
    0x20006678   COMPRESSED   0x00000001   Data   RW         2114    .data.hid_protocol_type  bsp_usb_hid_iap.o
    0x20006679   COMPRESSED   0x00000001   PAD
    0x2000667a   COMPRESSED   0x00000012   Data   RW         1719    .data.ing24g_hop    ing_24g.o
    0x2000668c   COMPRESSED   0x0000001e   Data   RW         1717    .data.ing24g_obs    ing_24g.o
    0x200066aa   COMPRESSED   0x00000001   Data   RW         2042    .data.is_first_init  bsp_switch.o
    0x200066ab   COMPRESSED   0x0000002c   Data   RW         2016    .data.keyScanCtl    bsp_keyscan.o
    0x200066d7   COMPRESSED   0x00000001   PAD
    0x200066d8   COMPRESSED   0x00000028   Data   RW         2017    .data.keyState      bsp_keyscan.o
    0x20006700   COMPRESSED   0x00000001   Data   RW         2317    .data.key_channel   kv_impl.o
    0x20006701   COMPRESSED   0x00000001   PAD
    0x20006702   COMPRESSED   0x00000002   Data   RW         2015    .data.keyscan_interval  bsp_keyscan.o
    0x20006704   COMPRESSED   0x00000212   Data   RW         2013    .data.keyscan_ll    bsp_keyscan.o
    0x20006916   COMPRESSED   0x0000001f   Data   RW         2619    .data.pair_adv_data  app_ble.o
    0x20006935   COMPRESSED   0x00000001   Data   RW         2604    .data.pair_adv_len  app_ble.o
    0x20006936   COMPRESSED   0x00000004   Data   RW         2630    .data.pair_scan_data  app_ble.o
    0x2000693a   COMPRESSED   0x00000006   Data   RW         1821    .data.row_gpio_group  app_low_power.o
    0x20006940   COMPRESSED   0x00000008   Data   RW         2618    .data.sm_event_callback_registration  app_ble.o
    0x20006948   COMPRESSED   0x00000027   Data   RW         2635    .data.sm_persistent  app_ble.o
    0x2000696f   COMPRESSED   0x00000001   PAD
    0x20006970   COMPRESSED   0x000000a0   Data   RW          109    .data.sw_timers     noos_impl.o
    0x20006a10        -       0x0000000c   Zero   RW          355    .bss.ADC_adcCal     peripheral_adc.o
    0x20006a1c        -       0x00000003   Zero   RW         2103    .bss.CtlReport      bsp_usb_hid_iap.o
    0x20006a1f   COMPRESSED   0x00000001   PAD
    0x20006a20        -       0x00000040   Zero   RW         2111    .bss.DataRecvBuf    bsp_usb_hid_iap.o
    0x20006a60        -       0x00000040   Zero   RW         2107    .bss.DataSendBuf    bsp_usb_hid_iap.o
    0x20006aa0        -       0x00000040   Zero   RW         2112    .bss.DynamicDescriptor  bsp_usb_hid_iap.o
    0x20006ae0        -       0x0000001c   Zero   RW         2721    .bss.ING2P4G_Config  BLE_2P4G_Switch.lib(ing_2p4g.o)
    0x20006afc        -       0x00000001   Zero   RW         1652    .bss.Init_24G_Flag  app_24g.o
    0x20006afd   COMPRESSED   0x00000003   PAD
    0x20006b00        -       0x00000038   Zero   RW         2102    .bss.KeybReport     bsp_usb_hid_iap.o
    0x20006b38        -       0x00000061   Zero   RW         2140    .bss.Led_B_Data     user_led_ws2812_drive.o
    0x20006b99        -       0x00000061   Zero   RW         2139    .bss.Led_G_Data     user_led_ws2812_drive.o
    0x20006bfa        -       0x00000001   Zero   RW         2147    .bss.Led_Index      user_led_ws2812_drive.o
    0x20006bfb        -       0x00000001   Zero   RW         2145    .bss.Led_Play_Count  user_led_ws2812_drive.o
    0x20006bfc        -       0x00000061   Zero   RW         2138    .bss.Led_R_Data     user_led_ws2812_drive.o
    0x20006c5d   COMPRESSED   0x00000003   PAD
    0x20006c60        -       0x0000010c   Zero   RW         2722    .bss.RxPkt          BLE_2P4G_Switch.lib(ing_2p4g.o)
    0x20006d6c        -       0x00000102   Zero   RW         1727    .bss.RxPkt111       ing_24g.o
    0x20006e6e        -       0x00000001   Zero   RW         2142    .bss.Test_Dma_Send_OK  user_led_ws2812_drive.o
    0x20006e6f        -       0x00000003   Zero   RW         2447    .bss.TransportRecvCtl  iap_transport.o
    0x20006e72        -       0x00000006   Zero   RW         2448    .bss.TransportRecvData  iap_transport.o
    0x20006e78        -       0x00000014   Zero   RW         2723    .bss.TxPacketBuffer  BLE_2P4G_Switch.lib(ing_2p4g.o)
    0x20006e8c        -       0x00000003   Zero   RW         2104    .bss.UcmReport      bsp_usb_hid_iap.o
    0x20006e8f   COMPRESSED   0x00000001   PAD
    0x20006e90        -       0x00000004   Zero   RW         2108    .bss.UsbVar         bsp_usb_hid_iap.o
    0x20006e94        -       0x00000048   Zero   RW         1582    .bss._SEGGER_RTT    trace.o
    0x20006edc        -       0x00000010   Zero   RW         1589    .bss._acDownBuffer  trace.o
    0x20006eec        -       0x000001f4   Zero   RW         1588    .bss._acUpBuffer    trace.o
    0x200070e0        -       0x0000001e   Zero   RW         2172    .bss.adc_sample_buff  bsp_battery.o
    0x200070fe        -       0x00000001   Zero   RW         2173    .bss.adc_sample_count  bsp_battery.o
    0x200070ff        -       0x00000100   Zero   RW         2392    .bss.appBuffer      iap_application.o
    0x200071ff        -       0x00000005   Zero   RW         1651    .bss.app_24g_bond_state  app_24g.o
    0x20007204        -       0x00000001   Zero   RW         1744    .bss.app_24g_is_suspend  app_24g_hid_kb.o
    0x20007205        -       0x00000001   Zero   RW         2608    .bss.app_ble_busy   app_ble.o
    0x20007206        -       0x00000001   Zero   RW         2607    .bss.app_hid_stop_ble_flag  app_ble.o
    0x20007207   COMPRESSED   0x00000001   PAD
    0x20007208        -       0x00000004   Zero   RW         1444    .bss.att_db         att_db_util.o
    0x2000720c        -       0x00000410   Zero   RW         2620    .bss.att_db_hid_storage  app_ble.o
    0x2000761c        -       0x00000002   Zero   RW         1445    .bss.att_db_max_size  att_db_util.o
    0x2000761e        -       0x00000002   Zero   RW         1447    .bss.att_db_next_handle  att_db_util.o
    0x20007620        -       0x00000002   Zero   RW         1446    .bss.att_db_size    att_db_util.o
    0x20007622        -       0x00000001   Zero   RW         2611    .bss.bleCtl         app_ble.o
    0x20007623   COMPRESSED   0x00000001   PAD
    0x20007624        -       0x00000002   Zero   RW         2626    .bss.ble_hid_kb_adv_data_setup.advLength  app_ble.o
    0x20007626   COMPRESSED   0x00000002   PAD
    0x20007628        -       0x00000004   Zero   RW         2627    .bss.ble_hid_kb_adv_data_setup.adv_interval_ms  app_ble.o
    0x2000762c        -       0x00000004   Zero   RW         2625    .bss.ble_hid_kb_adv_data_setup.pAdvData  app_ble.o
    0x20007630        -       0x00000004   Zero   RW         2628    .bss.ble_hid_kb_adv_data_setup.pScanData  app_ble.o
    0x20007634        -       0x00000002   Zero   RW         2629    .bss.ble_hid_kb_adv_data_setup.scanLength  app_ble.o
    0x20007636   COMPRESSED   0x00000002   PAD
    0x20007638        -       0x0000001c   Zero   RW         2014    .bss.bsp_keyscan_init.dma_dscrip  bsp_keyscan.o
    0x20007654        -       0x00000001   Zero   RW         2192    .bss.bsp_knob_data_process.discard_count  bsp_knob.o
    0x20007655        -       0x00000001   Zero   RW         2196    .bss.calibration_flag  bsp_knob.o
    0x20007656        -       0x00000001   Zero   RW         2719    .bss.comm_mode      BLE_2P4G_Switch.lib(ing_2p4g.o)
    0x20007657        -       0x00000010   Zero   RW         2616    .bss.cur_irk        app_ble.o
    0x20007667        -       0x00000001   Zero   RW         2171    .bss.data_process_flag  bsp_battery.o
    0x20007668        -       0x00000001   Zero   RW         1940    .bss.delay_switch_mode_flag  app_mode.o
    0x20007669   COMPRESSED   0x00000007   PAD
    0x20007670        -       0x00000008   Zero   RW         1941    .bss.delay_switch_mode_time_tick  app_mode.o
    0x20007678        -       0x0000001c   Zero   RW         2149    .bss.descriptor_spi  user_led_ws2812_drive.o
    0x20007694        -       0x00000001   Zero   RW         1773    .bss.fifo_head      app_hid_fifo.o
    0x20007695        -       0x00000690   Zero   RW         1775    .bss.fifo_queue     app_hid_fifo.o
    0x20007d25        -       0x00000001   Zero   RW         1774    .bss.fifo_tail      app_hid_fifo.o
    0x20007d26   COMPRESSED   0x00000002   PAD
    0x20007d28        -       0x00000004   Zero   RW          356    .bss.ftCali         peripheral_adc.o
    0x20007d2c        -       0x000000ec   Zero   RW         2169    .bss.ftCali         bsp_battery.o
    0x20007e18        -       0x00000040   Zero   RW         1408    .bss.g_UsbBufferEp0In  peripheral_usb.o
    0x20007e58        -       0x00000040   Zero   RW         1407    .bss.g_UsbBufferEp0Out  peripheral_usb.o
    0x20007e98        -       0x00000108   Zero   RW         1406    .bss.g_UsbVar       peripheral_usb.o
    0x20007fa0        -       0x00000004   Zero   RW          114    .bss.handle_cnt     noos_impl.o
    0x20007fa4        -       0x00000001   Zero   RW         1722    .bss.header_nesn    ing_24g.o
    0x20007fa5        -       0x00000001   Zero   RW         1721    .bss.header_sn      ing_24g.o
    0x20007fa6   COMPRESSED   0x00000002   PAD
    0x20007fa8        -       0x00000004   Zero   RW          110    .bss.host_entry     noos_impl.o
    0x20007fac        -       0x00000004   Zero   RW          111    .bss.host_param     noos_impl.o
    0x20007fb0        -       0x00000004   Zero   RW         2446    .bss.iap_transport_recv_cmd_callback  iap_transport.o
    0x20007fb4   COMPRESSED   0x00000004   PAD
    0x20007fb8        -       0x00000008   Zero   RW         1724    .bss.ing24g_process.us_time  ing_24g.o
    0x20007fc0        -       0x00000010   Zero   RW         2718    .bss.ing2p4g_callback  BLE_2P4G_Switch.lib(ing_2p4g.o)
    0x20007fd0        -       0x00000001   Zero   RW         2720    .bss.ing2p4g_state  BLE_2P4G_Switch.lib(ing_2p4g.o)
    0x20007fd1   COMPRESSED   0x00000003   PAD
    0x20007fd4        -       0x0000001c   Zero   RW         1720    .bss.ing_2p4g_config  ing_24g.o
    0x20007ff0        -       0x0000003c   Zero   RW          185    .bss.input          uart_console.o
    0x2000802c        -       0x00000004   Zero   RW          115    .bss.int_lock_cnt   noos_impl.o
    0x20008030        -       0x00000003   Zero   RW         2113    .bss.interfaceAlternateSetting  bsp_usb_hid_iap.o
    0x20008033   COMPRESSED   0x00000001   PAD
    0x20008034        -       0x00000004   Zero   RW         1718    .bss.isr_send_packet  ing_24g.o
    0x20008038        -       0x00000001   Zero   RW         1855    .bss.jump_flag      app_main.o
    0x20008039   COMPRESSED   0x00000003   PAD
    0x2000803c        -       0x00000029   Zero   RW         1757    .bss.kb_report      app_hid.o
    0x20008065        -       0x00000008   Zero   RW         1937    .bss.keyboard       app_mode.o
    0x2000806d        -       0x00000001   Zero   RW         2019    .bss.keyscan_process_keydata.key_pressed_num  bsp_keyscan.o
    0x2000806e        -       0x00000001   Zero   RW         2018    .bss.keyscan_process_keydata.no_key_pressed_cnt  bsp_keyscan.o
    0x2000806f   COMPRESSED   0x00000001   PAD
    0x20008070        -       0x00000190   Zero   RW         2316    .bss.kv_cache       kv_impl.o
    0x20008200        -       0x00000004   Zero   RW         2319    .bss.kv_storage_tail  kv_impl.o
    0x20008204        -       0x0000048c   Zero   RW         2141    .bss.ledData        user_led_ws2812_drive.o
    0x20008690        -       0x00000001   Zero   RW          188    .bss.loop_console_flag  uart_console.o
    0x20008691        -       0x00000014   Zero   RW         1820    .bss.low_power_ctl  app_low_power.o
    0x200086a5   COMPRESSED   0x00000003   PAD
    0x200086a8        -       0x00000004   Zero   RW         1723    .bss.low_power_interval_timer_handle  ing_24g.o
    0x200086ac        -       0x00000001   Zero   RW         1728    .bss.more_data      ing_24g.o
    0x200086ad   COMPRESSED   0x00000003   PAD
    0x200086b0        -       0x00000004   Zero   RW         2603    .bss.my_event_cb    app_ble.o
    0x200086b4        -       0x00000004   Zero   RW         2105    .bss.my_usb_evt_hanler  bsp_usb_hid_iap.o
    0x200086b8        -       0x00000001   Zero   RW         2194    .bss.offset         bsp_knob.o
    0x200086b9        -       0x00000001   Zero   RW         2043    .bss.on_off_status  bsp_switch.o
    0x200086ba        -       0x00000001   Zero   RW         2144    .bss.on_off_status  user_led_ws2812_drive.o
    0x200086bb   COMPRESSED   0x00000001   PAD
    0x200086bc        -       0x0000003c   Zero   RW          186    .bss.output         uart_console.o
    0x200086f8        -       0x00000004   Zero   RW         2715    .bss.p_ecpt         BLE_2P4G_Switch.lib(ing_2p4g.o)
    0x200086fc        -       0x00000004   Zero   RW         2717    .bss.p_rxcont       BLE_2P4G_Switch.lib(ing_2p4g.o)
    0x20008700        -       0x00000004   Zero   RW         2716    .bss.p_txcont       BLE_2P4G_Switch.lib(ing_2p4g.o)
    0x20008704        -       0x00000006   Zero   RW         2615    .bss.peer_address   app_ble.o
    0x2000870a        -       0x00000002   Zero   RW         2195    .bss.preData        bsp_knob.o
    0x2000870c        -       0x00000004   Zero   RW         2724    .bss.reg_backup.0   BLE_2P4G_Switch.lib(ing_2p4g.o)
    0x20008710        -       0x00000004   Zero   RW         2725    .bss.reg_backup.1   BLE_2P4G_Switch.lib(ing_2p4g.o)
    0x20008714        -       0x00000004   Zero   RW         2726    .bss.reg_backup.2   BLE_2P4G_Switch.lib(ing_2p4g.o)
    0x20008718        -       0x00000004   Zero   RW         2727    .bss.reg_backup.3   BLE_2P4G_Switch.lib(ing_2p4g.o)
    0x2000871c        -       0x00000004   Zero   RW         2728    .bss.reg_backup.4   BLE_2P4G_Switch.lib(ing_2p4g.o)
    0x20008720        -       0x00000004   Zero   RW         2729    .bss.reg_backup.5   BLE_2P4G_Switch.lib(ing_2p4g.o)
    0x20008724        -       0x00000004   Zero   RW         2730    .bss.reg_backup.6   BLE_2P4G_Switch.lib(ing_2p4g.o)
    0x20008728        -       0x0000004a   Zero   RW         2445    .bss.sendCtl        iap_transport.o
    0x20008772        -       0x00000001   Zero   RW         2606    .bss.sm_config_busy_flag  app_ble.o
    0x20008773   COMPRESSED   0x00000001   PAD
    0x20008774        -       0x00000004   Zero   RW         2044    .bss.switch_change_cb  bsp_switch.o
    0x20008778        -       0x00000001   Zero   RW         2041    .bss.switch_mode    bsp_switch.o
    0x20008779   COMPRESSED   0x00000003   PAD
    0x2000877c        -       0x0000000c   Zero   RW         2352    .bss.test_cflash    via_storage.o
    0x20008788        -       0x00000008   Zero   RW         1858    .bss.time_100ms_tick  app_main.o
    0x20008790        -       0x00000008   Zero   RW         1856    .bss.time_10ms_tick  app_main.o
    0x20008798        -       0x00000008   Zero   RW         1857    .bss.time_20ms_tick  app_main.o
    0x200087a0        -       0x00000001   Zero   RW           32    .bss.trace_ctx      main.o
    0x200087a1        -       0x00000028   Zero   RW         1725    .bss.tx_data        ing_24g.o
    0x200087c9        -       0x00000001   Zero   RW         1726    .bss.tx_len         ing_24g.o
    0x200087ca   COMPRESSED   0x00000002   PAD
    0x200087cc        -       0x00000004   Zero   RW         2109    .bss.usb_hid_iap_recv_callback  bsp_usb_hid_iap.o
    0x200087d0        -       0x00000004   Zero   RW         2110    .bss.usb_hid_ucm_recv_callback  bsp_usb_hid_iap.o
    0x200087d4        -       0x00000001   Zero   RW         1965    .bss.usb_is_init    app_usb.o
    0x200087d5   COMPRESSED   0x00000003   PAD
    0x200087d8        -       0x00000004   Zero   RW         2174    .bss.voltage        bsp_battery.o
    0x200087dc        -       0x00000001   Zero   RW         1859    .bss.wakeup_to_update_time_flag  app_main.o
    0x200087dd   COMPRESSED   0x00000003   PAD
    0x200087e0        -       0x000023e8   Zero   RW          196    HEAP                startup_ing91600.o
    0x2000abc8        -       0x00000400   Zero   RW          195    STACK               startup_ing91600.o


==============================================================================

Image component sizes


      Code (inc. data)   RO Data    RW Data    ZI Data      Debug   Object Name

      3146         20       1108         32          6       8536   app_24g.o
       364          8         55          0          1       2076   app_24g_hid_kb.o
     11450        106       4649        214       1086      28689   app_ble.o
       230          4          0          0          0       1849   app_ble_hid_kb.o
      1104          0          0          0         41       4988   app_hid.o
       462          0        127          0       1682       2007   app_hid_fifo.o
      2798         10        421         20         20      13143   app_low_power.o
       718          0          0          0         26       3609   app_main.o
      2664          6       1111          0         17       8876   app_mode.o
      1812          0        903          0          0       9027   app_storage.o
       866         22        176          0          1       4212   app_usb.o
       662          0          0          0         10       3953   att_db_util.o
       582          0         51          0        272       4820   bsp_battery.o
      1608          0        104        616         30      15950   bsp_keyscan.o
       822          0        106          0          5       9447   bsp_knob.o
       432          0          0          1          6       7165   bsp_switch.o
      3952         44       1008          1        273      18643   bsp_usb_hid_iap.o
       162          0        512          0          0       1440   crc16.o
       262          0        194          0          0       2273   custom_flash.o
      1288          0         72          0          0       7748   eflash.o
        28          0         15          0          0        500   iap_916.o
       966          0        300         13        256       4685   iap_application.o
       454         16         70          0          0       3072   iap_flash_wp.o
      1478          0        438          0         87       5257   iap_transport.o
      2300         12          0         48        346       8891   ing_24g.o
      2154          6         89          1        404       7755   kv_impl.o
       934          0        288          0          1      10324   main.o
        60          0          0          0          0       1453   my_irq.o
       906          0         88        160         16       6050   noos_impl.o
      4828         24          0          0         16      12720   peripheral_adc.o
      1454         56          0          0          0      10468   peripheral_dma.o
      1760          0          0          0          0       7776   peripheral_gpio.o
      1362          0          0          0          0      13709   peripheral_keyscan.o
      1644          0        798          0          0      14461   peripheral_pinctrl.o
        30          0          0          0          0       6154   peripheral_pwm.o
       572          0          0          0          0       3194   peripheral_qdec.o
       486          0          0          0          0       9354   peripheral_ssp.o
      5288        160          0          0          0      23539   peripheral_sysctrl.o
       394          0          0          0          0       5911   peripheral_uart.o
      7260          6          0          0        392      18006   peripheral_usb.o
        46          0         16          0          0        687   profile.o
        96         28        288          0      10216        592   startup_ing91600.o
      1000          0         92          0        588      22817   trace.o
       990          0        369         80        121       5383   uart_console.o
         0          0        252          0          0        546   user_flash_tab.o
      1660          0         66        876       1487      16033   user_led_ws2812_drive.o
        28          0          0          0         12       1121   via_storage.o

    ----------------------------------------------------------------------
     74592        528      13828       2068      17471     378909   Object Totals
       470          0         48          0          0          0   (incl. Generated)
       560          0         14          6         53          0   (incl. Padding)

    ----------------------------------------------------------------------

      Code (inc. data)   RO Data    RW Data    ZI Data      Debug   Library Member Name

      3636         40          0          0        374     101181   ing_2p4g.o
        94          0          0          0          0          0   __dclz77c.o
         0          0          0          0          0          0   entry.o
         0          0          0          0          0          0   entry10a.o
         0          0          0          0          0          0   entry11a.o
         8          4          0          0          0          0   entry2.o
         4          0          0          0          0          0   entry5.o
         0          0          0          0          0          0   entry7b.o
         0          0          0          0          0          0   entry8b.o
         8          4          0          0          0          0   entry9a.o
        30          0          0          0          0          0   handlers.o
        48         10          0          0          0         68   init.o
         0          0          0          0          0          0   iusefp.o
        30          0          0          0          0         68   llshl.o
        36          0          0          0          0         68   llsshr.o
        32          0          0          0          0         68   llushr.o
       188         20          0          0          0        160   malloc.o
        26          0          0          0          0         80   memcmp.o
        64          0          0          0          0         76   memmovea.o
        36          0          0          0          0        108   memseta.o
         0          0          0          8          0          0   mvars.o
      2258         90          0          0          0        452   printfa.o
        36          6          0          0          0         80   puts.o
         0          0          0          4          0          0   stdout.o
        42          0          0          0          0         84   strcasecmp.o
        18          0          0          0          0         68   strcpy.o
        14          0          0          0          0         68   strlen.o
        12          0          0          0          0         68   tolower.o
        44          0          0          0          0         80   uidiv.o
        98          0          0          0          0         92   uldiv.o
        48          0          0          0          0         68   cdrcmple.o
       334          0          0          0          0        148   dadd.o
       222          0          0          0          0        100   ddiv.o
       186          0          0          0          0        176   depilogue.o
        48          0          0          0          0         68   dfixul.o
        34          0          0          0          0         76   dflti.o
       228          0          0          0          0         96   dmul.o

    ----------------------------------------------------------------------
      7876        174          0         12        377     103601   Library Totals
        14          0          0          0          3          0   (incl. Padding)

    ----------------------------------------------------------------------

      Code (inc. data)   RO Data    RW Data    ZI Data      Debug   Library Name

      3636         40          0          0        374     101181   BLE_2P4G_Switch.lib
      3126        134          0         12          0       1688   mc_w.l
      1100          0          0          0          0        732   mf_w.l

    ----------------------------------------------------------------------
      7876        174          0         12        377     103601   Library Totals

    ----------------------------------------------------------------------

==============================================================================


      Code (inc. data)   RO Data    RW Data    ZI Data      Debug   

     82468        702      13828       2080      17848     480646   Grand Totals
     82468        702      13828        896      17848     480646   ELF Image Totals (compressed)
     82468        702      13828        896          0          0   ROM Totals

==============================================================================

    Total RO  Size (Code + RO Data)                96296 (  94.04kB)
    Total RW  Size (RW Data + ZI Data)             19928 (  19.46kB)
    Total ROM Size (Code + RO Data + RW Data)      97192 (  94.91kB)

==============================================================================

