Component: Arm Compiler for Embedded 6.22 Tool: armlink [5ee90200]

==============================================================================

Section Cross References

    main.o(.text.cb_putc) refers to peripheral_uart.o(.text.apUART_Check_TXFIFO_FULL) for apUART_Check_TXFIFO_FULL
    main.o(.text.cb_putc) refers to peripheral_uart.o(.text.UART_SendData) for UART_SendData
    main.o(.ARM.exidx.text.cb_putc) refers to main.o(.text.cb_putc) for [Anonymous Symbol]
    main.o(.text.fputc) refers to peripheral_uart.o(.text.apUART_Check_TXFIFO_FULL) for apUART_Check_TXFIFO_FULL
    main.o(.text.fputc) refers to peripheral_uart.o(.text.UART_SendData) for UART_SendData
    main.o(.ARM.exidx.text.fputc) refers to main.o(.text.fputc) for [Anonymous Symbol]
    main.o(.text.uart_isr) refers to peripheral_uart.o(.text.apUART_Get_all_raw_int_stat) for apUART_Get_all_raw_int_stat
    main.o(.text.uart_isr) refers to peripheral_uart.o(.text.apUART_Check_RXFIFO_EMPTY) for apUART_Check_RXFIFO_EMPTY
    main.o(.text.uart_isr) refers to uart_console.o(.text.console_rx_data) for console_rx_data
    main.o(.ARM.exidx.text.uart_isr) refers to main.o(.text.uart_isr) for [Anonymous Symbol]
    main.o(.text.config_uart) refers to peripheral_uart.o(.text.apUART_Initialize) for apUART_Initialize
    main.o(.text.config_uart) refers to main.o(.text.uart_isr) for uart_isr
    main.o(.ARM.exidx.text.config_uart) refers to main.o(.text.config_uart) for [Anonymous Symbol]
    main.o(.text.setup_peripherals) refers to peripheral_sysctrl.o(.text.SYSCTRL_ClearClkGateMulti) for SYSCTRL_ClearClkGateMulti
    main.o(.text.setup_peripherals) refers to main.o(.text.config_uart) for config_uart
    main.o(.ARM.exidx.text.setup_peripherals) refers to main.o(.text.setup_peripherals) for [Anonymous Symbol]
    main.o(.ARM.exidx.text.on_lle_init) refers to main.o(.text.on_lle_init) for [Anonymous Symbol]
    main.o(.text.on_deep_sleep_wakeup) refers to peripheral_gpio.o(.text.GIO_EnableRetentionGroupB) for GIO_EnableRetentionGroupB
    main.o(.text.on_deep_sleep_wakeup) refers to peripheral_gpio.o(.text.GIO_EnableRetentionGroupA) for GIO_EnableRetentionGroupA
    main.o(.text.on_deep_sleep_wakeup) refers to peripheral_sysctrl.o(.text.SYSCTRL_ClearClkGateMulti) for SYSCTRL_ClearClkGateMulti
    main.o(.text.on_deep_sleep_wakeup) refers to main.o(.text.config_uart) for config_uart
    main.o(.text.on_deep_sleep_wakeup) refers to app_main.o(.text.app_sys_wakeup_callback) for app_sys_wakeup_callback
    main.o(.ARM.exidx.text.on_deep_sleep_wakeup) refers to main.o(.text.on_deep_sleep_wakeup) for [Anonymous Symbol]
    main.o(.text.on_deep_sleep_wakeup_idle) refers to app_main.o(.text.app_sys_wakeup_idle_callback) for app_sys_wakeup_idle_callback
    main.o(.ARM.exidx.text.on_deep_sleep_wakeup_idle) refers to main.o(.text.on_deep_sleep_wakeup_idle) for [Anonymous Symbol]
    main.o(.ram_code) refers to app_mode.o(.bss.mode_obs) for mode_obs
    main.o(.ram_code) refers to app_low_power.o(.text.app_low_power_enable) for app_low_power_enable
    main.o(.ram_code) refers to app_24g.o(.text.app_24g_is_idle) for app_24g_is_idle
    main.o(.ram_code) refers to app_main.o(.text.app_sys_sleep_prepare) for app_sys_sleep_prepare
    main.o(.ram_code) refers to peripheral_uart.o(.text.apUART_Check_TXFIFO_EMPTY) for apUART_Check_TXFIFO_EMPTY
    main.o(.ram_code) refers to peripheral_uart.o(.text.apUART_Check_BUSY) for apUART_Check_BUSY
    main.o(.ram_code) refers to peripheral_gpio.o(.text.GIO_EnableRetentionGroupB) for GIO_EnableRetentionGroupB
    main.o(.ram_code) refers to peripheral_gpio.o(.text.GIO_EnableRetentionGroupA) for GIO_EnableRetentionGroupA
    main.o(.ARM.exidx.ram_code) refers to main.o(.ram_code) for [Anonymous Symbol]
    main.o(.text.idle_proc) refers to app_mode.o(.bss.mode_obs) for mode_obs
    main.o(.text.idle_proc) refers to peripheral_sysctrl.o(.text.SYSCTRL_SelectHClk) for SYSCTRL_SelectHClk
    main.o(.text.idle_proc) refers to peripheral_sysctrl.o(.text.SYSCTRL_SelectFlashClk) for SYSCTRL_SelectFlashClk
    main.o(.ARM.exidx.text.idle_proc) refers to main.o(.text.idle_proc) for [Anonymous Symbol]
    main.o(.text.app_main) refers to ing_24g.o(.text.ing2p4g_init_dual_mode_patch) for ing2p4g_init_dual_mode_patch
    main.o(.text.app_main) refers to peripheral_sysctrl.o(.text.SYSCTRL_Init) for SYSCTRL_Init
    main.o(.text.app_main) refers to peripheral_gpio.o(.text.GIO_EnableRetentionGroupA) for GIO_EnableRetentionGroupA
    main.o(.text.app_main) refers to peripheral_sysctrl.o(.text.SYSCTRL_ConfigBOR) for SYSCTRL_ConfigBOR
    main.o(.text.app_main) refers to peripheral_sysctrl.o(.text.SYSCTRL_SelectFlashClk) for SYSCTRL_SelectFlashClk
    main.o(.text.app_main) refers to peripheral_sysctrl.o(.text.SYSCTRL_SelectHClk) for SYSCTRL_SelectHClk
    main.o(.text.app_main) refers to peripheral_sysctrl.o(.text.SYSCTRL_ConfigPLLClk) for SYSCTRL_ConfigPLLClk
[...]
    0x0201274e   0x0201274e   0x00000006   Code   RO          579    .text.apSSP_WriteCmd  peripheral_ssp.o
    0x02012754   0x02012754   0x00000008   Code   RO          875    .text.apUART_Check_BUSY  peripheral_uart.o
    0x0201275c   0x0201275c   0x00000008   Code   RO          861    .text.apUART_Check_RXFIFO_EMPTY  peripheral_uart.o
    0x02012764   0x02012764   0x00000008   Code   RO          865    .text.apUART_Check_TXFIFO_EMPTY  peripheral_uart.o
    0x0201276c   0x0201276c   0x00000008   Code   RO          867    .text.apUART_Check_TXFIFO_FULL  peripheral_uart.o
    0x02012774   0x02012774   0x00000004   Code   RO          891    .text.apUART_Get_all_raw_int_stat  peripheral_uart.o
    0x02012778   0x02012778   0x000000a2   Code   RO          897    .text.apUART_Initialize  peripheral_uart.o
    0x0201281a   0x0201281a   0x00000002   PAD
    0x0201281c   0x0201281c   0x000000c8   Code   RO         1564    .text.app_24g_Enable  app_24g.o
    0x020128e4   0x020128e4   0x0000002a   Code   RO         1554    .text.app_24g_bonding_send_adv  app_24g.o
    0x0201290e   0x0201290e   0x00000050   Code   RO         1552    .text.app_24g_bonding_state_init  app_24g.o
    0x0201295e   0x0201295e   0x0000012e   Code   RO         1562    .text.app_24g_do_bonding_or_return  app_24g.o
    0x02012a8c   0x02012a8c   0x0000000e   Code   RO         1560    .text.app_24g_do_switch_to_2p4g  app_24g.o
    0x02012a9a   0x02012a9a   0x00000002   PAD
    0x02012a9c   0x02012a9c   0x00000080   Code   RO         1602    .text.app_24g_event_handle  app_24g_hid.o
    0x02012b1c   0x02012b1c   0x0000000c   Code   RO         1600    .text.app_24g_hid_init  app_24g_hid.o
    0x02012b28   0x02012b28   0x00000114   Code   RO         1568    .text.app_24g_idle  app_24g.o
    0x02012c3c   0x02012c3c   0x00000018   Code   RO         1546    .text.app_24g_init  app_24g.o
    0x02012c54   0x02012c54   0x00000034   Code   RO         1558    .text.app_24g_is_idle  app_24g.o
    0x02012c88   0x02012c88   0x0000002a   Code   RO         1556    .text.app_24g_return_send_adv  app_24g.o
    0x02012cb2   0x02012cb2   0x00000034   Code   RO         1570    .text.app_24g_sleep  app_24g.o
    0x02012ce6   0x02012ce6   0x00000002   PAD
    0x02012ce8   0x02012ce8   0x000000ec   Code   RO         1566    .text.app_24g_wakeup  app_24g.o
    0x02012dd4   0x02012dd4   0x00000002   Code   RO         1756    .text.app_after_Bt_stack_init  app_main.o
    0x02012dd6   0x02012dd6   0x00000016   Code   RO         1754    .text.app_berfore_Bt_stack_init  app_main.o
    0x02012dec   0x02012dec   0x0000006c   Code   RO         2520    .text.app_ble_adv_stop  app_ble.o
    0x02012e58   0x02012e58   0x00000020   Code   RO         1620    .text.app_ble_continue_send  app_ble_hid.o
    0x02012e78   0x02012e78   0x0000000c   Code   RO         1785    .text.app_ble_current_channel_get  app_mode.o
    0x02012e84   0x02012e84   0x00000034   Code   RO         1618    .text.app_ble_event_handle  app_ble_hid.o
    0x02012eb8   0x02012eb8   0x0000000c   Code   RO         2496    .text.app_ble_evt_handler_register  app_ble.o
    0x02012ec4   0x02012ec4   0x0000000c   Code   RO         1616    .text.app_ble_hid_init  app_ble_hid.o
    0x02012ed0   0x02012ed0   0x00000074   Code   RO         2524    .text.app_ble_stop_adv  app_ble.o
    0x02012f44   0x02012f44   0x00000068   Code   RO         2522    .text.app_ble_stop_adv_do  app_ble.o
    0x02012fac   0x02012fac   0x0000007c   Code   RO         1867    .text.app_enhanced_apply_stored_config_to_osd  app_enhanced_proto.o
    0x02013028   0x02013028   0x0000000a   Code   RO         1871    .text.app_enhanced_get_osd_data  app_enhanced_proto.o
    0x02013032   0x02013032   0x00000002   PAD
    0x02013034   0x02013034   0x00000096   Code   RO         1875    .text.app_enhanced_match_usb_cmd  app_enhanced_proto.o
    0x020130ca   0x020130ca   0x00000002   PAD
    0x020130cc   0x020130cc   0x000002c8   Code   RO         1877    .text.app_enhanced_process_cmd_report  app_enhanced_proto.o
    0x02013394   0x02013394   0x00000084   Code   RO         1630    .text.app_enhanced_proto_cmd_handler  app_hid.o
    0x02013418   0x02013418   0x00000244   Code   RO         1865    .text.app_enhanced_proto_init  app_enhanced_proto.o
    0x0201365c   0x0201365c   0x00000044   Code   RO         1887    .text.app_enhanced_proto_report_rate_from_hz  app_enhanced_proto.o
    0x020136a0   0x020136a0   0x0000013c   Code   RO         1873    .text.app_enhanced_proto_usb_event_callback  app_enhanced_proto.o
    0x020137dc   0x020137dc   0x00000050   Code   RO         1869    .text.app_enhanced_update_osd_data  app_enhanced_proto.o
    0x0201382c   0x0201382c   0x00000044   Code   RO         1846    .text.app_enhanced_usb_report_send  app_usb.o
    0x02013870   0x02013870   0x00000026   Code   RO         1748    .text.app_hardware_init  app_main.o
    0x02013896   0x02013896   0x0000001e   Code   RO         1750    .text.app_hardware_uninit  app_main.o
    0x020138b4   0x020138b4   0x0000000c   Code   RO         1642    .text.app_hid_button_is_pressed  app_hid.o
    0x020138c0   0x020138c0   0x00000096   Code   RO         1636    .text.app_hid_enhanced_button_config_reload  app_hid.o
    0x02013956   0x02013956   0x00000058   Code   RO         1656    .text.app_hid_enhanced_dpi_set_level  app_hid.o
    0x020139ae   0x020139ae   0x0000007c   Code   RO         1650    .text.app_hid_enhanced_dpi_switch  app_hid.o
    0x02013a2a   0x02013a2a   0x0000003a   Code   RO         1652    .text.app_hid_enhanced_fire_stop  app_hid.o
    0x02013a64   0x02013a64   0x0000007c   Code   RO         1654    .text.app_hid_enhanced_macro_start  app_hid.o
    0x02013ae0   0x02013ae0   0x0000006e   Code   RO         1648    .text.app_hid_enhanced_macro_stop  app_hid.o
    0x02013b4e   0x02013b4e   0x00000034   Code   RO         1640    .text.app_hid_enhanced_osd_report_send_clear  app_hid.o
    0x02013b82   0x02013b82   0x0000002a   Code   RO         1634    .text.app_hid_enhanced_osd_report_trigger  app_hid.o
    0x02013bac   0x02013bac   0x0000002a   Code   RO         1681    .text.app_hid_fifo_init  app_hid_fifo.o
    0x02013bd6   0x02013bd6   0x0000008c   Code   RO         1644    .text.app_hid_init  app_hid.o
    0x02013c62   0x02013c62   0x0000007a   Code   RO         1632    .text.app_hid_report_rate_apply  app_hid.o
    0x02013cdc   0x02013cdc   0x00000006   Code   RO         1646    .text.app_hid_timer_update_callback  app_hid.o
    0x02013ce2   0x02013ce2   0x00000002   PAD
    0x02013ce4   0x02013ce4   0x000000d0   Code   RO         1729    .text.app_low_power_24g_loop  app_low_power.o
    0x02013db4   0x02013db4   0x000000d0   Code   RO         1727    .text.app_low_power_ble_loop  app_low_power.o
    0x02013e84   0x02013e84   0x00000062   Code   RO         1717    .text.app_low_power_disable_quite_idle_io  app_low_power.o
    0x02013ee6   0x02013ee6   0x00000002   PAD
    0x02013ee8   0x02013ee8   0x0000005e   Code   RO         1707    .text.app_low_power_disable_wake_up_io  app_low_power.o
    0x02013f46   0x02013f46   0x0000001e   Code   RO         1701    .text.app_low_power_enable  app_low_power.o
    0x02013f64   0x02013f64   0x0000009a   Code   RO         1713    .text.app_low_power_enable_quite_idle_io  app_low_power.o
    0x02013ffe   0x02013ffe   0x00000002   PAD
    0x02014000   0x02014000   0x00000122   Code   RO         1705    .text.app_low_power_enable_wake_up_io  app_low_power.o
    0x02014122   0x02014122   0x00000002   PAD
    0x02014124   0x02014124   0x00000100   Code   RO         1709    .text.app_low_power_is_io_wake_up_normal  app_low_power.o
    0x02014224   0x02014224   0x0000000e   Code   RO         1721    .text.app_low_power_time_update_set  app_low_power.o
    0x02014232   0x02014232   0x00000002   PAD
    0x02014234   0x02014234   0x00000158   Code   RO         1719    .text.app_low_power_timer_set  app_low_power.o
    0x0201438c   0x0201438c   0x00000044   Code   RO         1731    .text.app_low_power_usb_loop  app_low_power.o
    0x020143d0   0x020143d0   0x0000001c   Code   RO         1723    .text.app_low_power_wake_up  app_low_power.o
    0x020143ec   0x020143ec   0x00000128   Code   RO           22    .text.app_main      main.o
    0x02014514   0x02014514   0x00000178   Code   RO         1746    .text.app_main_loop  app_main.o
    0x0201468c   0x0201468c   0x0000000e   Code   RO         1744    .text.app_main_set_jump_boot_flag  app_main.o
    0x0201469a   0x0201469a   0x00000002   PAD
    0x0201469c   0x0201469c   0x000000f4   Code   RO         1801    .text.app_mode_disable_current_mode_complete_callback  app_mode.o
    0x02014790   0x02014790   0x00000154   Code   RO         1799    .text.app_mode_evt_put  app_mode.o
    0x020148e4   0x020148e4   0x0000000c   Code   RO         1781    .text.app_mode_get  app_mode.o
    0x020148f0   0x020148f0   0x0000000c   Code   RO         1821    .text.app_mode_init  app_mode.o
    0x020148fc   0x020148fc   0x000001d0   Code   RO         1811    .text.app_mode_power_on_user_packet_handler  app_mode.o
    0x02014acc   0x02014acc   0x00000020   Code   RO         1819    .text.app_mode_set_delay_switch_mode  app_mode.o
    0x02014aec   0x02014aec   0x00000048   Code   RO         1823    .text.app_mode_switch_callback  app_mode.o
    0x02014b34   0x02014b34   0x0000002a   Code   RO         1795    .text.app_mode_switch_state_get  app_mode.o
    0x02014b5e   0x02014b5e   0x00000002   PAD
    0x02014b60   0x02014b60   0x0000010c   Code   RO         1803    .text.app_mode_switch_to_mode  app_mode.o
    0x02014c6c   0x02014c6c   0x00000068   Code   RO         1807    .text.app_mode_wakeup  app_mode.o
    0x02014cd4   0x02014cd4   0x0000005c   Code   RO         1809    .text.app_mode_wakeup_to_change_mode  app_mode.o
    0x02014d30   0x02014d30   0x00000004   Code   RO         1752    .text.app_power_on_init  app_main.o
    0x02014d34   0x02014d34   0x00000028   Code   RO         2249    .text.app_storage_24g_addr_read  app_storage.o
    0x02014d5c   0x02014d5c   0x00000034   Code   RO         2251    .text.app_storage_24g_addr_write  app_storage.o
    0x02014d90   0x02014d90   0x0000005c   Code   RO         2245    .text.app_storage_24g_state_init  app_storage.o
    0x02014dec   0x02014dec   0x00000026   Code   RO         2247    .text.app_storage_24g_state_read  app_storage.o
    0x02014e12   0x02014e12   0x00000002   PAD
    0x02014e14   0x02014e14   0x00000060   Code   RO         2221    .text.app_storage_addr_pool_get  app_storage.o
    0x02014e74   0x02014e74   0x00000094   Code   RO         2313    .text.app_storage_addr_pool_init  app_storage.o
    0x02014f08   0x02014f08   0x00000062   Code   RO         2223    .text.app_storage_addr_pool_update  app_storage.o
    0x02014f6a   0x02014f6a   0x00000002   PAD
    0x02014f6c   0x02014f6c   0x00000078   Code   RO         2315    .text.app_storage_ble_bond_info_init  app_storage.o
    0x02014fe4   0x02014fe4   0x00000026   Code   RO         2239    .text.app_storage_ble_channel_read  app_storage.o
    0x0201500a   0x0201500a   0x00000002   PAD
    0x0201500c   0x0201500c   0x0000005c   Code   RO         2243    .text.app_storage_ble_channel_write  app_storage.o
    0x02015068   0x02015068   0x0000007c   Code   RO         2317    .text.app_storage_ble_mode_init  app_storage.o
    0x020150e4   0x020150e4   0x00000060   Code   RO         2229    .text.app_storage_bond_info_get  app_storage.o
    0x02015144   0x02015144   0x0000009c   Code   RO         2225    .text.app_storage_bond_info_write  app_storage.o
    0x020151e0   0x020151e0   0x0000005c   Code   RO         2227    .text.app_storage_bond_state_get  app_storage.o
    0x0201523c   0x0201523c   0x0000006e   Code   RO         2267    .text.app_storage_enhanced_proto_apply_dpi_map  app_storage.o
    0x020152aa   0x020152aa   0x00000024   Code   RO         2269    .text.app_storage_enhanced_proto_apply_sensor_switch  app_storage.o
    0x020152ce   0x020152ce   0x00000002   PAD
    0x020152d0   0x020152d0   0x000006c6   Code   RO         2297    .text.app_storage_enhanced_proto_cmd_save  app_storage.o
    0x02015996   0x02015996   0x00000002   PAD
    0x02015998   0x02015998   0x000000a0   Code   RO         2263    .text.app_storage_enhanced_proto_config_init  app_storage.o
    0x02015a38   0x02015a38   0x00000024   Code   RO         2277    .text.app_storage_enhanced_proto_config_read  app_storage.o
    0x02015a5c   0x02015a5c   0x0000006c   Code   RO         2295    .text.app_storage_enhanced_proto_dpi_current_level_write  app_storage.o
    0x02015ac8   0x02015ac8   0x0000006e   Code   RO         2283    .text.app_storage_enhanced_proto_macro_data_read  app_storage.o
    0x02015b36   0x02015b36   0x00000002   PAD
    0x02015b38   0x02015b38   0x00000170   Code   RO         2273    .text.app_storage_enhanced_proto_macro_flash_read  app_storage.o
    0x02015ca8   0x02015ca8   0x00000032   Code   RO         2275    .text.app_storage_enhanced_proto_macro_header_write  app_storage.o
    0x02015cda   0x02015cda   0x00000002   PAD
    0x02015cdc   0x02015cdc   0x00000080   Code   RO         2271    .text.app_storage_enhanced_proto_macro_init  app_storage.o
    0x02015d5c   0x02015d5c   0x0000006e   Code   RO         2301    .text.app_storage_enhanced_proto_macro_reset  app_storage.o
    0x02015dca   0x02015dca   0x00000002   PAD
    0x02015dcc   0x02015dcc   0x00000042   Code   RO         2299    .text.app_storage_enhanced_proto_normalize_dpi_level  app_storage.o
    0x02015e0e   0x02015e0e   0x00000028   Code   RO         2287    .text.app_storage_enhanced_proto_powerdowm_time_read  app_storage.o
    0x02015e36   0x02015e36   0x00000046   Code   RO         2265    .text.app_storage_enhanced_proto_report_rate_hz  app_storage.o
    0x02015e7c   0x02015e7c   0x00000028   Code   RO         2291    .text.app_storage_enhanced_proto_rgb_action_read  app_storage.o
    0x02015ea4   0x02015ea4   0x00000028   Code   RO         2289    .text.app_storage_enhanced_proto_rgb_time_read  app_storage.o
    0x02015ecc   0x02015ecc   0x00000026   Code   RO         2311    .text.app_storage_init  app_storage.o
    0x02015ef2   0x02015ef2   0x00000002   PAD
    0x02015ef4   0x02015ef4   0x0000005c   Code   RO         2241    .text.app_storage_mode_write  app_storage.o
    0x02015f50   0x02015f50   0x00000058   Code   RO         2255    .text.app_storage_mouse_info_init  app_storage.o
    0x02015fa8   0x02015fa8   0x00000026   Code   RO         2257    .text.app_storage_mouse_report_rate_read  app_storage.o
    0x02015fce   0x02015fce   0x00000030   Code   RO         2259    .text.app_storage_mouse_report_rate_write  app_storage.o
    0x02015ffe   0x02015ffe   0x00000012   Code   RO         1793    .text.app_switch_mode_is_idle  app_mode.o
    0x02016010   0x02016010   0x00000012   Code   RO         1762    .text.app_sys_sleep_prepare  app_main.o
    0x02016022   0x02016022   0x0000002a   Code   RO         1758    .text.app_sys_wakeup_callback  app_main.o
    0x0201604c   0x0201604c   0x0000003c   Code   RO         1760    .text.app_sys_wakeup_idle_callback  app_main.o
    0x02016088   0x02016088   0x00000064   Code   RO         1854    .text.app_usb_continue_send  app_usb.o
    0x020160ec   0x020160ec   0x000000e4   Code   RO         1850    .text.app_usb_event_handler  app_usb.o
    0x020161d0   0x020161d0   0x0000000e   Code   RO         1840    .text.app_usb_idle  app_usb.o
    0x020161de   0x020161de   0x00000002   PAD
    0x020161e0   0x020161e0   0x00000080   Code   RO         1848    .text.app_usb_init  app_usb.o
    0x02016260   0x02016260   0x0000000e   Code   RO         1838    .text.app_usb_is_suspend  app_usb.o
    0x0201626e   0x0201626e   0x00000014   Code   RO         1842    .text.app_usb_quite_idle  app_usb.o
    0x02016282   0x02016282   0x00000002   PAD
    0x02016284   0x02016284   0x00000060   Code   RO         1852    .text.app_usb_uninit  app_usb.o
    0x020162e4   0x020162e4   0x0000007a   Code   RO         2195    .text.argb_apply_brightness  bsp_led_strip_rt67_rgbcsh.o
    0x0201635e   0x0201635e   0x0000008c   Code   RO         2199    .text.argb_apply_brightness_level  bsp_led_strip_rt67_rgbcsh.o
    0x020163ea   0x020163ea   0x00000002   PAD
    0x020163ec   0x020163ec   0x0000011e   Code   RO         2183    .text.argb_effect_breath  bsp_led_strip_rt67_rgbcsh.o
    0x0201650a   0x0201650a   0x00000002   PAD
    0x0201650c   0x0201650c   0x00000038   Code   RO         2189    .text.argb_effect_on  bsp_led_strip_rt67_rgbcsh.o
    0x02016544   0x02016544   0x000000d8   Code   RO         2181    .text.argb_effect_rainbow  bsp_led_strip_rt67_rgbcsh.o
    0x0201661c   0x0201661c   0x000000a6   Code   RO         2187    .text.argb_effect_rainbow_on  bsp_led_strip_rt67_rgbcsh.o
    0x020166c2   0x020166c2   0x00000002   PAD
    0x020166c4   0x020166c4   0x0000014c   Code   RO         2191    .text.argb_effect_sparkle  bsp_led_strip_rt67_rgbcsh.o
    0x02016810   0x02016810   0x0000016e   Code   RO         2185    .text.argb_effect_whip  bsp_led_strip_rt67_rgbcsh.o
    0x0201697e   0x0201697e   0x0000003e   Code   RO         2197    .text.argb_lerp_color  bsp_led_strip_rt67_rgbcsh.o
    0x020169bc   0x020169bc   0x0000003a   Code   RO         2201    .text.argb_lerp_u8  bsp_led_strip_rt67_rgbcsh.o
    0x020169f6   0x020169f6   0x0000003c   Code   RO         2163    .text.argb_power_off_now  bsp_led_strip_rt67_rgbcsh.o
    0x02016a32   0x02016a32   0x00000050   Code   RO         2165    .text.argb_request_power_off  bsp_led_strip_rt67_rgbcsh.o
    0x02016a82   0x02016a82   0x00000002   PAD
    0x02016a84   0x02016a84   0x00000090   Code   RO         1445    .text.att_db_util_add_attribute_uuid16  att_db_util.o
    0x02016b14   0x02016b14   0x000000fc   Code   RO         1463    .text.att_db_util_add_characteristic_uuid128  att_db_util.o
    0x02016c10   0x02016c10   0x00000078   Code   RO         1461    .text.att_db_util_add_characteristic_uuid16  att_db_util.o
    0x02016c88   0x02016c88   0x00000004   Code   RO         1447    .text.att_db_util_add_descriptor_uuid16  att_db_util.o
    0x02016c8c   0x02016c8c   0x0000001e   Code   RO         1459    .text.att_db_util_add_service_uuid128  att_db_util.o
    0x02016caa   0x02016caa   0x0000001c   Code   RO         1449    .text.att_db_util_add_service_uuid16  att_db_util.o
    0x02016cc6   0x02016cc6   0x0000000c   Code   RO         1465    .text.att_db_util_get_address  att_db_util.o
    0x02016cd2   0x02016cd2   0x00000010   Code   RO         1467    .text.att_db_util_get_size  att_db_util.o
    0x02016ce2   0x02016ce2   0x00000030   Code   RO         1443    .text.att_db_util_init  att_db_util.o
    0x02016d12   0x02016d12   0x00000002   PAD
    0x02016d14   0x02016d14   0x000002e4   Code   RO         2570    .text.att_read_callback  app_ble.o
    0x02016ff8   0x02016ff8   0x000001f0   Code   RO         2530    .text.att_write_callback  app_ble.o
    0x020171e8   0x020171e8   0x00000100   Code   RO         2574    .text.ble_bonding_set  app_ble.o
    0x020172e8   0x020172e8   0x000000d4   Code   RO         2536    .text.ble_conn_param_update_req  app_ble.o
    0x020173bc   0x020173bc   0x00000094   Code   RO         2534    .text.ble_connected_callback  app_ble.o
    0x02017450   0x02017450   0x00000074   Code   RO         2572    .text.ble_pair_adv_start  app_ble.o
    0x020174c4   0x020174c4   0x000000e8   Code   RO         2550    .text.ble_reconnect_trigger  app_ble.o
    0x020175ac   0x020175ac   0x000000b4   Code   RO         2540    .text.ble_sm_establish_callback  app_ble.o
    0x02017660   0x02017660   0x0000000e   Code   RO         1904    .text.bsp_battery_init  bsp_battery.o
    0x0201766e   0x0201766e   0x00000026   Code   RO         1906    .text.bsp_battery_uninit  bsp_battery.o
    0x02017694   0x02017694   0x0000000c   Code   RO         1924    .text.bsp_button_callback_register  bsp_button.o
    0x020176a0   0x020176a0   0x00000066   Code   RO         1920    .text.bsp_button_init  bsp_button.o
    0x02017706   0x02017706   0x0000000c   Code   RO         1945    .text.bsp_knob_callback_register  bsp_knob.o
    0x02017712   0x02017712   0x000000a4   Code   RO         1939    .text.bsp_knob_data_process  bsp_knob.o
    0x020177b6   0x020177b6   0x00000002   PAD
    0x020177b8   0x020177b8   0x00000098   Code   RO         1941    .text.bsp_knob_init  bsp_knob.o
    0x02017850   0x02017850   0x00000036   Code   RO         1943    .text.bsp_knob_uninit  bsp_knob.o
    0x02017886   0x02017886   0x00000002   PAD
    0x02017888   0x02017888   0x0000002e   Code   RO         1961    .text.bsp_led_init  bsp_led.o
    0x020178b6   0x020178b6   0x00000002   PAD
    0x020178b8   0x020178b8   0x0000002e   Code   RO         1965    .text.bsp_led_on    bsp_led.o
    0x020178e6   0x020178e6   0x00000002   PAD
    0x020178e8   0x020178e8   0x00000184   Code   RO         2161    .text.bsp_led_strip_init  bsp_led_strip_rt67_rgbcsh.o
    0x02017a6c   0x02017a6c   0x0000000c   Code   RO         2159    .text.bsp_led_strip_is_on  bsp_led_strip_rt67_rgbcsh.o
    0x02017a78   0x02017a78   0x00000060   Code   RO         2179    .text.bsp_led_strip_set_effect  bsp_led_strip_rt67_rgbcsh.o
    0x02017ad8   0x02017ad8   0x00000028   Code   RO         2173    .text.bsp_led_strip_uninit  bsp_led_strip_rt67_rgbcsh.o
    0x02017b00   0x02017b00   0x0000002c   Code   RO         2177    .text.bsp_led_toggle  bsp_led_strip_rt67_rgbcsh.o
    0x02017b2c   0x02017b2c   0x0000001c   Code   RO         1963    .text.bsp_led_uninit  bsp_led.o
    0x02017b48   0x02017b48   0x000000a2   Code   RO         2000    .text.bsp_optical_sensor_cpi_next  bsp_optical_sensor.o
    0x02017bea   0x02017bea   0x0000002a   Code   RO         2008    .text.bsp_optical_sensor_en_angle_snap  bsp_optical_sensor.o
    0x02017c14   0x02017c14   0x00000002   Code   RO         2010    .text.bsp_optical_sensor_en_motion_sync  bsp_optical_sensor.o
    0x02017c16   0x02017c16   0x0000002a   Code   RO         2006    .text.bsp_optical_sensor_en_ripple_control  bsp_optical_sensor.o
    0x02017c40   0x02017c40   0x00000022   Code   RO         1994    .text.bsp_optical_sensor_get_cpi_map  bsp_optical_sensor.o
    0x02017c62   0x02017c62   0x00000002   PAD
    0x02017c64   0x02017c64   0x000004ec   Code   RO         2012    .text.bsp_optical_sensor_init  bsp_optical_sensor.o
    0x02018150   0x02018150   0x000000ba   Code   RO         1992    .text.bsp_optical_sensor_set_cpi_map  bsp_optical_sensor.o
    0x0201820a   0x0201820a   0x000000dc   Code   RO         1988    .text.bsp_optical_sensor_set_cpi_map_index  bsp_optical_sensor.o
    0x020182e6   0x020182e6   0x00000012   Code   RO         2014    .text.bsp_optical_sensor_uninit  bsp_optical_sensor.o
    0x020182f8   0x020182f8   0x000000c0   Code   RO         2032    .text.bsp_spi_init  bsp_spi.o
    0x020183b8   0x020183b8   0x00000032   Code   RO         2034    .text.bsp_spi_uninit  bsp_spi.o
    0x020183ea   0x020183ea   0x0000000c   Code   RO         2054    .text.bsp_switch_callback_register  bsp_switch.o
    0x020183f6   0x020183f6   0x0000000c   Code   RO         2044    .text.bsp_switch_get_mode  bsp_switch.o
    0x02018402   0x02018402   0x00000002   PAD
    0x02018404   0x02018404   0x000000c0   Code   RO         2046    .text.bsp_switch_init  bsp_switch.o
    0x020184c4   0x020184c4   0x00000030   Code   RO         2048    .text.bsp_switch_uninit  bsp_switch.o
    0x020184f4   0x020184f4   0x00000016   Code   RO         2080    .text.bsp_timer_callback_register  bsp_timer.o
    0x0201850a   0x0201850a   0x00000002   PAD
    0x0201850c   0x0201850c   0x00000074   Code   RO         2070    .text.bsp_timer_init  bsp_timer.o
    0x02018580   0x02018580   0x000000a8   Code   RO         2074    .text.bsp_timer_start  bsp_timer.o
    0x02018628   0x02018628   0x00000028   Code   RO         2072    .text.bsp_timer_uninit  bsp_timer.o
    0x02018650   0x02018650   0x0000002a   Code   RO         2078    .text.bsp_timer_update_do  bsp_timer.o
    0x0201867a   0x0201867a   0x00000080   Code   RO         2076    .text.bsp_timer_wakeup_resume  bsp_timer.o
    0x020186fa   0x020186fa   0x00000024   Code   RO         2113    .text.bsp_usb_device_remote_wakeup  bsp_usb_hid_iap.o
    0x0201871e   0x0201871e   0x00000034   Code   RO         2111    .text.bsp_usb_disable  bsp_usb_hid_iap.o
    0x02018752   0x02018752   0x00000002   PAD
    0x02018754   0x02018754   0x000008fc   Code   RO         2109    .text.bsp_usb_event_handler  bsp_usb_hid_iap.o
    0x02019050   0x02019050   0x0000000c   Code   RO         2095    .text.bsp_usb_evt_handler_register  bsp_usb_hid_iap.o
    0x0201905c   0x0201905c   0x000002d0   Code   RO         2470    .text.bsp_usb_hid_iap_recv_callback  iap_transport.o
    0x0201932c   0x0201932c   0x0000000c   Code   RO         2119    .text.bsp_usb_hid_iap_recv_callback_register  bsp_usb_hid_iap.o
    0x02019338   0x02019338   0x00000072   Code   RO         2115    .text.bsp_usb_hid_iap_send  bsp_usb_hid_iap.o
    0x020193aa   0x020193aa   0x00000078   Code   RO         2107    .text.bsp_usb_init  bsp_usb_hid_iap.o
    0x02019422   0x02019422   0x00000002   PAD
    0x02019424   0x02019424   0x00000094   Code   RO         2568    .text.btstack_init  app_ble.o
    0x020194b8   0x020194b8   0x00000028   Code   RO           26    .text.cb_assertion  main.o
    0x020194e0   0x020194e0   0x0000002a   Code   RO           24    .text.cb_hard_fault  main.o
    0x0201950a   0x0201950a   0x00000002   PAD
    0x0201950c   0x0201950c   0x00000018   Code   RO           28    .text.cb_heap_out_of_mem  main.o
    0x02019524   0x02019524   0x00000022   Code   RO            2    .text.cb_putc       main.o
    0x02019546   0x02019546   0x00000064   Code   RO         1384    .text.cb_trace_rtt  trace.o
    0x020195aa   0x020195aa   0x00000038   Code   RO         2360    .text.cflash_enhanced_proto_erase  custom_flash.o
    0x020195e2   0x020195e2   0x0000003e   Code   RO         2344    .text.cflash_enhanced_proto_offset_clear  custom_flash.o
    0x02019620   0x02019620   0x00000040   Code   RO         2340    .text.cflash_enhanced_proto_offset_read  custom_flash.o
    0x02019660   0x02019660   0x00000044   Code   RO         2342    .text.cflash_enhanced_proto_offset_write  custom_flash.o
    0x020196a4   0x020196a4   0x00000034   Code   RO         2362    .text.cflash_enhanced_proto_raw_read  custom_flash.o
    0x020196d8   0x020196d8   0x0000004e   Code   RO         2364    .text.cflash_enhanced_proto_raw_write  custom_flash.o
    0x02019726   0x02019726   0x00000002   PAD
    0x02019728   0x02019728   0x00000044   Code   RO         2352    .text.cflash_erase  custom_flash.o
    0x0201976c   0x0201976c   0x0000004c   Code   RO            8    .text.config_uart   main.o
    0x020197b8   0x020197b8   0x00000096   Code   RO           92    .text.console_rx_data  uart_console.o
    0x0201984e   0x0201984e   0x00000002   PAD
    0x02019850   0x02019850   0x00000072   Code   RO          208    .text.copy_security_bytes  eflash.o
    0x020198c2   0x020198c2   0x00000010   Code   RO          163    .text.dummy_event_create  noos_impl.o
    0x020198d2   0x020198d2   0x00000002   Code   RO          157    .text.dummy_event_set  noos_impl.o
    0x020198d4   0x020198d4   0x00000004   Code   RO          155    .text.dummy_event_wait  noos_impl.o
    0x020198d8   0x020198d8   0x00000012   Code   RO          159    .text.enter_critical  noos_impl.o
    0x020198ea   0x020198ea   0x00000048   Code   RO          188    .text.erase_flash_sector  eflash.o
    0x02019932   0x02019932   0x0000004c   Code   RO          202    .text.factory_set_linear_calib  eflash.o
    0x0201997e   0x0201997e   0x00000002   PAD
    0x02019980   0x02019980   0x0000013c   Code   RO          200    .text.flash_build_factory_clc_data  eflash.o
    0x02019abc   0x02019abc   0x0000005a   Code   RO          206    .text.flash_enable_write_protection  eflash.o
    0x02019b16   0x02019b16   0x00000002   PAD
    0x02019b18   0x02019b18   0x0000024e   Code   RO          204    .text.flash_prepare_factory_data  eflash.o
    0x02019d66   0x02019d66   0x00000002   PAD
    0x02019d68   0x02019d68   0x00000022   Code   RO            4    .text.fputc         main.o
    0x02019d8a   0x02019d8a   0x00000014   Code   RO           54    .text.getCRC16      crc16.o
    0x02019d9e   0x02019d9e   0x0000006e   Code   RO           20    .text.idle_proc     main.o
    0x02019e0c   0x02019e0c   0x00000074   Code   RO         2399    .text.impl_do_kv_visit  kv_impl.o
    0x02019e80   0x02019e80   0x0000002a   Code   RO         2389    .text.impl_kv_get   kv_impl.o
    0x02019eaa   0x02019eaa   0x0000004a   Code   RO         2387    .text.impl_kv_put   kv_impl.o
    0x02019ef4   0x02019ef4   0x00000076   Code   RO         2385    .text.impl_kv_remove  kv_impl.o
    0x02019f6a   0x02019f6a   0x00000002   PAD
    0x02019f6c   0x02019f6c   0x00000088   Code   RO         2383    .text.impl_kv_remove_all  kv_impl.o
    0x02019ff4   0x02019ff4   0x0000003c   Code   RO         2393    .text.impl_kv_value_modified_of_key  kv_impl.o
    0x0201a030   0x0201a030   0x00000010   Code   RO         2391    .text.impl_kv_visit  kv_impl.o
    0x0201a040   0x0201a040   0x00000004   Code   RO         1499    .text.ing24g_connect  ing_24g.o
    0x0201a044   0x0201a044   0x0000000c   Code   RO         1511    .text.ing24g_disable_hop  ing_24g.o
    0x0201a050   0x0201a050   0x00000014   Code   RO         1501    .text.ing24g_disconnect  ing_24g.o
    0x0201a064   0x0201a064   0x00000020   Code   RO         1495    .text.ing24g_do_switch_to_2p4g  ing_24g.o
    0x0201a084   0x0201a084   0x0000000c   Code   RO         1513    .text.ing24g_enable_err_retry  ing_24g.o
    0x0201a090   0x0201a090   0x00000062   Code   RO         1507    .text.ing24g_enable_sleep  ing_24g.o
    0x0201a0f2   0x0201a0f2   0x00000074   Code   RO         1493    .text.ing24g_init   ing_24g.o
    0x0201a166   0x0201a166   0x00000064   Code   RO         1489    .text.ing24g_param_init  ing_24g.o
    0x0201a1ca   0x0201a1ca   0x00000010   Code   RO         1505    .text.ing24g_set_interval  ing_24g.o
    0x0201a1da   0x0201a1da   0x00000014   Code   RO         1517    .text.ing2p4g_init_dual_mode_patch  ing_24g.o
    0x0201a1ee   0x0201a1ee   0x00000002   PAD
    0x0201a1f0   0x0201a1f0   0x00000030   Code   RO         1515    .text.ing2p4g_lle_init_patch  ing_24g.o
    0x0201a220   0x0201a220   0x00000030   Code   RO         1497    .text.ing2p4g_switch_to_2G4_patch  ing_24g.o
    0x0201a250   0x0201a250   0x00000030   Code   RO         1519    .text.ing2p4g_switch_to_BLE_patch  ing_24g.o
    0x0201a280   0x0201a280   0x00000394   Code   RO         2554    .text.init_service  app_ble.o
    0x0201a614   0x0201a614   0x0000000c   Code   RO         2377    .text.key_remap_key_set  kv_impl.o
    0x0201a620   0x0201a620   0x000000bc   Code   RO         2397    .text.kv_do_append_key  kv_impl.o
    0x0201a6dc   0x0201a6dc   0x0000003a   Code   RO         2381    .text.kv_do_backup  kv_impl.o
    0x0201a716   0x0201a716   0x00000002   PAD
    0x0201a718   0x0201a718   0x000000b2   Code   RO         2379    .text.kv_impl_init  kv_impl.o
    0x0201a7ca   0x0201a7ca   0x00000002   PAD
    0x0201a7cc   0x0201a7cc   0x00000074   Code   RO         2403    .text.kv_search     kv_impl.o
    0x0201a840   0x0201a840   0x0000004c   Code   RO         2395    .text.kv_search_flash  kv_impl.o
    0x0201a88c   0x0201a88c   0x0000001a   Code   RO         2401    .text.kv_visitor_dump  kv_impl.o
    0x0201a8a6   0x0201a8a6   0x00000016   Code   RO          161    .text.leave_critical  noos_impl.o
    0x0201a8bc   0x0201a8bc   0x0000004e   Code   RO         1509    .text.low_power_interval_timer_cb  ing_24g.o
    0x0201a90a   0x0201a90a   0x0000002e   Code   RO          129    .text.noos_start    noos_impl.o
    0x0201a938   0x0201a938   0x00000036   Code   RO           14    .text.on_deep_sleep_wakeup  main.o
    0x0201a96e   0x0201a96e   0x0000000a   Code   RO           16    .text.on_deep_sleep_wakeup_idle  main.o
    0x0201a978   0x0201a978   0x00000004   Code   RO           12    .text.on_lle_init   main.o
    0x0201a97c   0x0201a97c   0x0000003c   Code   RO          137    .text.os_impl_get_driver  noos_impl.o
    0x0201a9b8   0x0201a9b8   0x00000074   Code   RO         2624    .text.ota_init_service  ota_service.o
    0x0201aa2c   0x0201aa2c   0x00000068   Code   RO         2630    .text.ota_read_callback  ota_service.o
    0x0201aa94   0x0201aa94   0x00000308   Code   RO         2628    .text.ota_write_callback  ota_service.o
    0x0201ad9c   0x0201ad9c   0x000000a4   Code   RO         2004    .text.paw3311_set_gaming_mode  bsp_optical_sensor.o
    0x0201ae40   0x0201ae40   0x00000002   Code   RO          135    .text.pendsv_isr    noos_impl.o
    0x0201ae42   0x0201ae42   0x00000002   PAD
    0x0201ae44   0x0201ae44   0x000000d0   Code   RO         1813    .text.power_on_ready  app_mode.o
    0x0201af14   0x0201af14   0x0000004c   Code   RO         2217    .text.print_addr    app_storage.o
    0x0201af60   0x0201af60   0x00000050   Code   RO         2508    .text.print_app_ble_state  app_ble.o
    0x0201afb0   0x0201afb0   0x00000062   Code   RO         1805    .text.print_mode_switch_state  app_mode.o
    0x0201b012   0x0201b012   0x00000002   PAD
    0x0201b014   0x0201b014   0x000000b6   Code   RO          192    .text.program_flash  eflash.o
    0x0201b0ca   0x0201b0ca   0x00000002   PAD
    0x0201b0cc   0x0201b0cc   0x00000150   Code   RO         2454    .text.program_fota_metadata  iap_bootloader.o
    0x0201b21c   0x0201b21c   0x00000018   Code   RO          149    .text.queue_create  noos_impl.o
    0x0201b234   0x0201b234   0x00000078   Code   RO          153    .text.queue_recv_msg  noos_impl.o
    0x0201b2ac   0x0201b2ac   0x00000028   Code   RO          151    .text.queue_send_msg  noos_impl.o
    0x0201b2d4   0x0201b2d4   0x00000042   Code   RO           52    .text.rom_crc16_large  crc16.o
    0x0201b316   0x0201b316   0x0000002a   Code   RO         2456    .text.set_enter_second_boot  iap_bootloader.o
    0x0201b340   0x0201b340   0x0000002c   Code   RO           41    .text.setup_profile  profile.o
    0x0201b36c   0x0201b36c   0x00000010   Code   RO         2542    .text.sm_config_is_running  app_ble.o
    0x0201b37c   0x0201b37c   0x0000028c   Code   RO         2538    .text.sm_packet_handler  app_ble.o
    0x0201b608   0x0201b608   0x00000002   Code   RO          133    .text.svc_isr       noos_impl.o
    0x0201b60a   0x0201b60a   0x00000028   Code   RO          147    .text.task_create   noos_impl.o
    0x0201b632   0x0201b632   0x00000002   Code   RO          131    .text.tick_isr      noos_impl.o
    0x0201b634   0x0201b634   0x00000014   Code   RO          113    .text.timer_cb_0    noos_impl.o
    0x0201b648   0x0201b648   0x00000016   Code   RO          115    .text.timer_cb_1    noos_impl.o
    0x0201b65e   0x0201b65e   0x00000016   Code   RO          117    .text.timer_cb_2    noos_impl.o
    0x0201b674   0x0201b674   0x00000016   Code   RO          119    .text.timer_cb_3    noos_impl.o
    0x0201b68a   0x0201b68a   0x00000016   Code   RO          121    .text.timer_cb_4    noos_impl.o
    0x0201b6a0   0x0201b6a0   0x00000016   Code   RO          123    .text.timer_cb_5    noos_impl.o
    0x0201b6b6   0x0201b6b6   0x00000016   Code   RO          125    .text.timer_cb_6    noos_impl.o
    0x0201b6cc   0x0201b6cc   0x00000016   Code   RO          127    .text.timer_cb_7    noos_impl.o
    0x0201b6e2   0x0201b6e2   0x00000002   PAD
    0x0201b6e4   0x0201b6e4   0x0000005c   Code   RO          139    .text.timer_create  noos_impl.o
    0x0201b740   0x0201b740   0x00000012   Code   RO          145    .text.timer_delete  noos_impl.o
    0x0201b752   0x0201b752   0x0000000a   Code   RO          141    .text.timer_start   noos_impl.o
    0x0201b75c   0x0201b75c   0x00000008   Code   RO          143    .text.timer_stop    noos_impl.o
    0x0201b764   0x0201b764   0x00000072   Code   RO         1398    .text.trace_rtt_init  trace.o
    0x0201b7d6   0x0201b7d6   0x00000002   PAD
    0x0201b7d8   0x0201b7d8   0x00000048   Code   RO            6    .text.uart_isr      main.o
    0x0201b820   0x0201b820   0x00000a04   Code   RO         2532    .text.user_packet_handler  app_ble.o
    0x0201c224   0x0201c224   0x000000c0   Code   RO          194    .text.write_flash   eflash.o
    0x0201c2e4   0x0201c2e4   0x0000000a   Ven    RO         3052    Veneer$$Code        anon$$obj.o
    0x0201c2ee   0x0201c2ee   0x0000000a   Ven    RO         3053    Veneer$$Code        anon$$obj.o
    0x0201c2f8   0x0201c2f8   0x0000000a   Ven    RO         3054    Veneer$$Code        anon$$obj.o
    0x0201c302   0x0201c302   0x0000000a   Ven    RO         3055    Veneer$$Code        anon$$obj.o
    0x0201c30c   0x0201c30c   0x0000000a   Ven    RO         3056    Veneer$$Code        anon$$obj.o
    0x0201c316   0x0201c316   0x0000000a   Ven    RO         3057    Veneer$$Code        anon$$obj.o
    0x0201c320   0x0201c320   0x0000000a   Ven    RO         3058    Veneer$$Code        anon$$obj.o
    0x0201c32a   0x0201c32a   0x0000000a   Ven    RO         3059    Veneer$$Code        anon$$obj.o
    0x0201c334   0x0201c334   0x0000000a   Ven    RO         3060    Veneer$$Code        anon$$obj.o
    0x0201c33e   0x0201c33e   0x0000000a   Ven    RO         3061    Veneer$$Code        anon$$obj.o
    0x0201c348   0x0201c348   0x0000000a   Ven    RO         3062    Veneer$$Code        anon$$obj.o
    0x0201c352   0x0201c352   0x0000000a   Ven    RO         3063    Veneer$$Code        anon$$obj.o
    0x0201c35c   0x0201c35c   0x0000000a   Ven    RO         3064    Veneer$$Code        anon$$obj.o
    0x0201c366   0x0201c366   0x0000000a   Ven    RO         3065    Veneer$$Code        anon$$obj.o
    0x0201c370   0x0201c370   0x0000000a   Ven    RO         3066    Veneer$$Code        anon$$obj.o
    0x0201c37a   0x0201c37a   0x0000000a   Ven    RO         3067    Veneer$$Code        anon$$obj.o
    0x0201c384   0x0201c384   0x0000000a   Ven    RO         3068    Veneer$$Code        anon$$obj.o
    0x0201c38e   0x0201c38e   0x0000000a   Ven    RO         3069    Veneer$$Code        anon$$obj.o
    0x0201c398   0x0201c398   0x0000000a   Ven    RO         3070    Veneer$$Code        anon$$obj.o
    0x0201c3a2   0x0201c3a2   0x0000000a   Ven    RO         3071    Veneer$$Code        anon$$obj.o
    0x0201c3ac   0x0201c3ac   0x0000000a   Ven    RO         3072    Veneer$$Code        anon$$obj.o
    0x0201c3b6   0x0201c3b6   0x0000000a   Ven    RO         3073    Veneer$$Code        anon$$obj.o
    0x0201c3c0   0x0201c3c0   0x0000000a   Ven    RO         3074    Veneer$$Code        anon$$obj.o
    0x0201c3ca   0x0201c3ca   0x0000000a   Ven    RO         3075    Veneer$$Code        anon$$obj.o
    0x0201c3d4   0x0201c3d4   0x0000000a   Ven    RO         3076    Veneer$$Code        anon$$obj.o
    0x0201c3de   0x0201c3de   0x0000000a   Ven    RO         3077    Veneer$$Code        anon$$obj.o
    0x0201c3e8   0x0201c3e8   0x0000000a   Ven    RO         3078    Veneer$$Code        anon$$obj.o
    0x0201c3f2   0x0201c3f2   0x0000000a   Ven    RO         3079    Veneer$$Code        anon$$obj.o
    0x0201c3fc   0x0201c3fc   0x0000000a   Ven    RO         3080    Veneer$$Code        anon$$obj.o
    0x0201c406   0x0201c406   0x0000000a   Ven    RO         3081    Veneer$$Code        anon$$obj.o
    0x0201c410   0x0201c410   0x0000000a   Ven    RO         3082    Veneer$$Code        anon$$obj.o
    0x0201c41a   0x0201c41a   0x0000000a   Ven    RO         3083    Veneer$$Code        anon$$obj.o
    0x0201c424   0x0201c424   0x0000000a   Ven    RO         3084    Veneer$$Code        anon$$obj.o
    0x0201c42e   0x0201c42e   0x0000000a   Ven    RO         3085    Veneer$$Code        anon$$obj.o
    0x0201c438   0x0201c438   0x0000000a   Ven    RO         3086    Veneer$$Code        anon$$obj.o
    0x0201c442   0x0201c442   0x0000000a   Ven    RO         3087    Veneer$$Code        anon$$obj.o
    0x0201c44c   0x0201c44c   0x0000000a   Ven    RO         3088    Veneer$$Code        anon$$obj.o
    0x0201c456   0x0201c456   0x0000000a   Ven    RO         3089    Veneer$$Code        anon$$obj.o
    0x0201c460   0x0201c460   0x0000000a   Ven    RO         3090    Veneer$$Code        anon$$obj.o
    0x0201c46a   0x0201c46a   0x0000000a   Ven    RO         3091    Veneer$$Code        anon$$obj.o
    0x0201c474   0x0201c474   0x0000000a   Ven    RO         3092    Veneer$$Code        anon$$obj.o
    0x0201c47e   0x0201c47e   0x0000000a   Ven    RO         3093    Veneer$$Code        anon$$obj.o
    0x0201c488   0x0201c488   0x0000000a   Ven    RO         3094    Veneer$$Code        anon$$obj.o
    0x0201c492   0x0201c492   0x0000000a   Ven    RO         3095    Veneer$$Code        anon$$obj.o
    0x0201c49c   0x0201c49c   0x0000000a   Ven    RO         3096    Veneer$$Code        anon$$obj.o
    0x0201c4a6   0x0201c4a6   0x0000000a   Ven    RO         3097    Veneer$$Code        anon$$obj.o
    0x0201c4b0   0x0201c4b0   0x0000000a   Ven    RO         3098    Veneer$$Code        anon$$obj.o
    0x0201c4ba   0x0201c4ba   0x0000000a   Ven    RO         3099    Veneer$$Code        anon$$obj.o
    0x0201c4c4   0x0201c4c4   0x0000000a   Ven    RO         3100    Veneer$$Code        anon$$obj.o
    0x0201c4ce   0x0201c4ce   0x0000000a   Ven    RO         3101    Veneer$$Code        anon$$obj.o
    0x0201c4d8   0x0201c4d8   0x0000000a   Ven    RO         3102    Veneer$$Code        anon$$obj.o
    0x0201c4e2   0x0201c4e2   0x0000000a   Ven    RO         3103    Veneer$$Code        anon$$obj.o
    0x0201c4ec   0x0201c4ec   0x0000000a   Ven    RO         3104    Veneer$$Code        anon$$obj.o
    0x0201c4f6   0x0201c4f6   0x0000000a   Ven    RO         3105    Veneer$$Code        anon$$obj.o
    0x0201c500   0x0201c500   0x0000000a   Ven    RO         3106    Veneer$$Code        anon$$obj.o
    0x0201c50a   0x0201c50a   0x0000000a   Ven    RO         3107    Veneer$$Code        anon$$obj.o
    0x0201c514   0x0201c514   0x0000000a   Ven    RO         3108    Veneer$$Code        anon$$obj.o
    0x0201c51e   0x0201c51e   0x0000000a   Ven    RO         3109    Veneer$$Code        anon$$obj.o
    0x0201c528   0x0201c528   0x0000000a   Ven    RO         3110    Veneer$$Code        anon$$obj.o
    0x0201c532   0x0201c532   0x0000000a   Ven    RO         3111    Veneer$$Code        anon$$obj.o
    0x0201c53c   0x0201c53c   0x0000000a   Ven    RO         3112    Veneer$$Code        anon$$obj.o
    0x0201c546   0x0201c546   0x0000000a   Ven    RO         3113    Veneer$$Code        anon$$obj.o
    0x0201c550   0x0201c550   0x0000000a   Ven    RO         3114    Veneer$$Code        anon$$obj.o
    0x0201c55a   0x0201c55a   0x0000000a   Ven    RO         3115    Veneer$$Code        anon$$obj.o
    0x0201c564   0x0201c564   0x0000000a   Ven    RO         3116    Veneer$$Code        anon$$obj.o
    0x0201c56e   0x0201c56e   0x0000000a   Ven    RO         3117    Veneer$$Code        anon$$obj.o
    0x0201c578   0x0201c578   0x0000000a   Ven    RO         3118    Veneer$$Code        anon$$obj.o
    0x0201c582   0x0201c582   0x0000000a   Ven    RO         3119    Veneer$$Code        anon$$obj.o
    0x0201c58c   0x0201c58c   0x0000000a   Ven    RO         3120    Veneer$$Code        anon$$obj.o
    0x0201c596   0x0201c596   0x0000000a   Ven    RO         3121    Veneer$$Code        anon$$obj.o
    0x0201c5a0   0x0201c5a0   0x0000000a   Ven    RO         3122    Veneer$$Code        anon$$obj.o
    0x0201c5aa   0x0201c5aa   0x0000000a   Ven    RO         3123    Veneer$$Code        anon$$obj.o
    0x0201c5b4   0x0201c5b4   0x0000000a   Ven    RO         3124    Veneer$$Code        anon$$obj.o
    0x0201c5be   0x0201c5be   0x0000000a   Ven    RO         3125    Veneer$$Code        anon$$obj.o
    0x0201c5c8   0x0201c5c8   0x0000000a   Ven    RO         3126    Veneer$$Code        anon$$obj.o
    0x0201c5d2   0x0201c5d2   0x0000000a   Ven    RO         3127    Veneer$$Code        anon$$obj.o
    0x0201c5dc   0x0201c5dc   0x0000000a   Ven    RO         3128    Veneer$$Code        anon$$obj.o
    0x0201c5e6   0x0201c5e6   0x0000000a   Ven    RO         3129    Veneer$$Code        anon$$obj.o
    0x0201c5f0   0x0201c5f0   0x00000020   Code   RO         2913    i.__0printf         mc_w.l(printfa.o)
    0x0201c610   0x0201c610   0x0000000e   Code   RO         3044    i.__scatterload_copy  mc_w.l(handlers.o)
    0x0201c61e   0x0201c61e   0x00000002   Code   RO         3045    i.__scatterload_null  mc_w.l(handlers.o)
    0x0201c620   0x0201c620   0x0000000e   Code   RO         3046    i.__scatterload_zeroinit  mc_w.l(handlers.o)
    0x0201c62e   0x0201c62e   0x00000002   PAD
    0x0201c630   0x0201c630   0x00000184   Code   RO         2920    i._fp_digits        mc_w.l(printfa.o)
    0x0201c7b4   0x0201c7b4   0x000006dc   Code   RO         2921    i._printf_core      mc_w.l(printfa.o)
    0x0201ce90   0x0201ce90   0x00000024   Code   RO         2922    i._printf_post_padding  mc_w.l(printfa.o)
    0x0201ceb4   0x0201ceb4   0x0000002e   Code   RO         2923    i._printf_pre_padding  mc_w.l(printfa.o)
    0x0201cee2   0x0201cee2   0x00000002   PAD
    0x0201cee4   0x0201cee4   0x00000050   Code   RO         2941    i.free              mc_w.l(malloc.o)
    0x0201cf34   0x0201cf34   0x0000006c   Code   RO         2942    i.malloc            mc_w.l(malloc.o)
    0x0201cfa0   0x0201cfa0   0x0000001b   Data   RO         1895    .rodata..L__const.app_enhanced_match_usb_cmd.cmd_table  app_enhanced_proto.o
    0x0201cfbb   0x0201cfbb   0x000000fe   Data   RO         2614    .rodata.APP_REPORT_MAP  app_ble.o
    0x0201d0b9   0x0201d0b9   0x00000003   PAD
    0x0201d0bc   0x0201d0bc   0x00000062   Data   RO         2124    .rodata.ConfigDescriptor  bsp_usb_hid_iap.o
    0x0201d11e   0x0201d11e   0x00000002   PAD
    0x0201d120   0x0201d120   0x00000012   Data   RO         2123    .rodata.DeviceDescriptor  bsp_usb_hid_iap.o
    0x0201d132   0x0201d132   0x0000000c   Data   RO          444    .rodata.PINCTRL_SelSpiIn0.bit_offset_tab  peripheral_pinctrl.o
    0x0201d13e   0x0201d13e   0x0000000c   Data   RO          443    .rodata.PINCTRL_SelSpiIn0.reg_tab  peripheral_pinctrl.o
    0x0201d14a   0x0201d14a   0x0000000c   Data   RO          442    .rodata.PINCTRL_SelSpiIn0.source_tab  peripheral_pinctrl.o
    0x0201d156   0x0201d156   0x0000000c   Data   RO          440    .rodata.PINCTRL_SelSpiPins.source_tab  peripheral_pinctrl.o
    0x0201d162   0x0201d162   0x00000002   PAD
    0x0201d164   0x0201d164   0x0000010e   Data   RO         2130    .rodata.ReportCtlDescriptor  bsp_usb_hid_iap.o
    0x0201d272   0x0201d272   0x00000002   PAD
    0x0201d274   0x0201d274   0x00000044   Data   RO         2128    .rodata.ReportKeyDescriptor  bsp_usb_hid_iap.o
    0x0201d2b8   0x0201d2b8   0x00000022   Data   RO         2129    .rodata.ReportViaDescriptor  bsp_usb_hid_iap.o
    0x0201d2da   0x0201d2da   0x00000002   PAD
    0x0201d2dc   0x0201d2dc   0x00000004   Data   RO         2125    .rodata.StringDescriptor_0  bsp_usb_hid_iap.o
    0x0201d2e0   0x0201d2e0   0x00000012   Data   RO         2126    .rodata.StringDescriptor_1  bsp_usb_hid_iap.o
    0x0201d2f2   0x0201d2f2   0x00000002   PAD
    0x0201d2f4   0x0201d2f4   0x0000000c   Data   RO         2127    .rodata.StringDescriptor_2  bsp_usb_hid_iap.o
    0x0201d300   0x0201d300   0x00000006   Data   RO         2586    .rodata.adv_sets_en  app_ble.o
    0x0201d306   0x0201d306   0x00000005   Data   RO         2323    .rodata.app_24g_state_default  app_storage.o
    0x0201d30b   0x0201d30b   0x00000001   PAD
    0x0201d30c   0x0201d30c   0x00000069   Data   RO         2325    .rodata.app_enhanced_proto_config_default  app_storage.o
    0x0201d375   0x0201d375   0x00000028   Data   RO         1826    .rodata.app_mode_str  app_mode.o
    0x0201d39d   0x0201d39d   0x00000001   PAD
    0x0201d39e   0x0201d39e   0x00000002   Data   RO         2324    .rodata.app_mouse_info_default  app_storage.o
    0x0201d3a0   0x0201d3a0   0x0000001b   Data   RO         2207    .rodata.argb_flash_colors  bsp_led_strip_rt67_rgbcsh.o
    0x0201d3bb   0x0201d3bb   0x00000024   Data   RO         2208    .rodata.argb_sparkle_colors  bsp_led_strip_rt67_rgbcsh.o
    0x0201d3df   0x0201d3df   0x00000100   Data   RO           56    .rodata.auchCRCHi   crc16.o
    0x0201d4df   0x0201d4df   0x00000100   Data   RO           57    .rodata.auchCRCLo   crc16.o
    0x0201d5df   0x0201d5df   0x00000002   Data   RO         2331    .rodata.ble_mode_default  app_storage.o
    0x0201d5e1   0x0201d5e1   0x00000001   PAD
    0x0201d5e2   0x0201d5e2   0x00000008   Data   RO         2595    .rodata.ble_ppcp    app_ble.o
    0x0201d5ea   0x0201d5ea   0x00000007   Data   RO         2322    .rodata.channel_info_default  app_storage.o
    0x0201d5f1   0x0201d5f1   0x00000008   Data   RO         1734    .rodata.cst8        app_low_power.o
    0x0201d5f9   0x0201d5f9   0x00000008   Data   RO         1926    .rodata.cst8        bsp_button.o
    0x0201d601   0x0201d601   0x00000003   PAD
    0x0201d604   0x0201d604   0x0000004c   Data   RO          168    .rodata.driver      noos_impl.o
    0x0201d650   0x0201d650   0x00000070   Data   RO           31    .rodata.evt_cb_table  main.o
    0x0201d6c0   0x0201d6c0   0x00000002   Data   RO         2607    .rodata.hid_desc_input_report_1  app_ble.o
    0x0201d6c2   0x0201d6c2   0x00000002   Data   RO         2608    .rodata.hid_desc_input_report_2  app_ble.o
    0x0201d6c4   0x0201d6c4   0x00000002   Data   RO         2609    .rodata.hid_desc_input_report_3  app_ble.o
    0x0201d6c6   0x0201d6c6   0x00000002   Data   RO         2610    .rodata.hid_desc_input_report_4  app_ble.o
    0x0201d6c8   0x0201d6c8   0x00000002   Data   RO         2611    .rodata.hid_desc_input_report_5  app_ble.o
    0x0201d6ca   0x0201d6ca   0x00000002   Data   RO         2612    .rodata.hid_desc_input_report_6  app_ble.o
    0x0201d6cc   0x0201d6cc   0x00000002   Data   RO         2613    .rodata.hid_desc_output_report_1  app_ble.o
    0x0201d6ce   0x0201d6ce   0x00000004   Data   RO         2615    .rodata.hid_info    app_ble.o
    0x0201d6d2   0x0201d6d2   0x00000002   PAD
    0x0201d6d4   0x0201d6d4   0x00000018   Data   RO         2407    .rodata.kv_backend  kv_impl.o
    0x0201d6ec   0x0201d6ec   0x00000003   Data   RO         1967    .rodata.leds        bsp_led.o
    0x0201d6ef   0x0201d6ef   0x00000003   Data   RO         2602    .rodata.reconnect_adv_data  app_ble.o
    0x0201d6f2   0x0201d6f2   0x00000001   Data   RO         2603    .rodata.scan_data   app_ble.o
    0x0201d6f3   0x0201d6f3   0x000002b9   Data   RO         2584    .rodata.state_str   app_ble.o
    0x0201d9ac   0x0201d9ac   0x0000006c   Data   RO           32    .rodata.str1.1      main.o
    0x0201da18   0x0201da18   0x00000010   Data   RO         1432    .rodata.str1.1      trace.o
    0x0201da28   0x0201da28   0x000001b3   Data   RO         1584    .rodata.str1.1      app_24g.o
    0x0201dbdb   0x0201dbdb   0x0000001b   Data   RO         1605    .rodata.str1.1      app_24g_hid.o
    0x0201dbf6   0x0201dbf6   0x00000014   Data   RO         1735    .rodata.str1.1      app_low_power.o
    0x0201dc0a   0x0201dc0a   0x000001de   Data   RO         1827    .rodata.str1.1      app_mode.o
    0x0201dde8   0x0201dde8   0x000000ba   Data   RO         2018    .rodata.str1.1      bsp_optical_sensor.o
    0x0201dea2   0x0201dea2   0x00000127   Data   RO         2135    .rodata.str1.1      bsp_usb_hid_iap.o
    0x0201dfc9   0x0201dfc9   0x00000164   Data   RO         2321    .rodata.str1.1      app_storage.o
    0x0201e12d   0x0201e12d   0x00000032   Data   RO         2366    .rodata.str1.1      custom_flash.o
    0x0201e15f   0x0201e15f   0x00000011   Data   RO         2409    .rodata.str1.1      kv_impl.o
    0x0201e170   0x0201e170   0x0000009c   Data   RO         2444    .rodata.str1.1      iap_application.o
    0x0201e20c   0x0201e20c   0x00000147   Data   RO         2479    .rodata.str1.1      iap_transport.o
    0x0201e353   0x0201e353   0x000007c9   Data   RO         2579    .rodata.str1.1      app_ble.o
    0x0201eb1c   0x0201eb1c   0x00000010   Data   RO         2638    .rodata.uuid_ota_ctrl  ota_service.o
    0x0201eb2c   0x0201eb2c   0x00000010   Data   RO         2637    .rodata.uuid_ota_data  ota_service.o
    0x0201eb3c   0x0201eb3c   0x00000010   Data   RO         2635    .rodata.uuid_ota_service  ota_service.o
    0x0201eb4c   0x0201eb4c   0x00000010   Data   RO         2636    .rodata.uuid_ota_ver  ota_service.o
    0x0201eb5c   0x0201eb5c   0x00000050   Data   RO         3043    Region$$Table       anon$$obj.o


    Execution Region RW_IRAM2 (Exec base: 0x200007e0, Load base: 0x02020c10, Size: 0x00003680, Max: 0x00004402, ABSOLUTE)

    Exec Addr    Load Addr    Size         Type   Attr      Idx    E Section Name        Object

    0x200007e0   0x02020c10   0x00000004   Data   RW         3031    .data               mc_w.l(mvars.o)
    0x200007e4   0x02020c14   0x00000004   PAD
    0x200007e8   0x02020c18   0x00000001   Data   RW         1581    .data.app_24g_obs.5  app_24g.o
    0x200007e9   0x02020c19   0x00000001   Data   RW         2328    .data.app_enhanced_proto_macro_rx_slot  app_storage.o
    0x200007ea   0x02020c1a   0x00000002   PAD
    0x200007ec   0x02020c1c   0x00000078   Data   RW         2583    .data.ble_hid       app_ble.o
    0x20000864   0x02020c94   0x00000001   Data   RW         2604    .data.ble_hid_battery_level_report.battery_max_retry_cnt  app_ble.o
    0x20000865   0x02020c95   0x00000003   PAD
    0x20000868   0x02020c98   0x0000000c   Data   RW         2367    .data.enhanced_proto_cflash  custom_flash.o
    0x20000874   0x02020ca4   0x00000008   Data   RW         2591    .data.hci_event_callback_registration  app_ble.o
    0x2000087c   0x02020cac   0x00000001   Data   RW         2145    .data.hid_protocol_type  bsp_usb_hid_iap.o
    0x2000087d   0x02020cad   0x00000001   PAD
    0x2000087e   0x02020cae   0x00000012   Data   RW         1531    .data.ing24g_hop    ing_24g.o
    0x20000890   0x02020cc0   0x00000008   Data   RW         1521    .data.ing24g_obs.0  ing_24g.o
    0x20000898   0x02020cc8   0x00000001   Data   RW         2406    .data.key_channel   kv_impl.o
    0x20000899   0x02020cc9   0x00000003   PAD
    0x2000089c   0x02020ccc   0x0000001f   Data   RW         2593    .data.pair_adv_data  app_ble.o
    0x200008bb   0x02020ceb   0x00000001   Data   RW         2578    .data.pair_adv_len  app_ble.o
    0x200008bc   0x02020cec   0x00000004   Data   RW         2601    .data.pair_scan_data  app_ble.o
    0x200008c0   0x02020cf0   0x00000027   Data   RW         2605    .data.sm_persistent  app_ble.o
    0x200008e7   0x02020d17   0x00000001   PAD
    0x200008e8        -       0x0000001f   Zero   RW         2146    .bss.CtlFeatureReport0  bsp_usb_hid_iap.o
    0x20000907   0x02020d17   0x00000001   PAD
    0x20000908        -       0x00000001   Zero   RW         2149    .bss.CtlFeatureReportPendingType  bsp_usb_hid_iap.o
    0x20000909   0x02020d17   0x00000003   PAD
    0x2000090c        -       0x00000003   Zero   RW         2132    .bss.CtlReport      bsp_usb_hid_iap.o
    0x2000090f   0x02020d17   0x00000001   PAD
    0x20000910        -       0x00000040   Zero   RW         2140    .bss.DataRecvBuf    bsp_usb_hid_iap.o
    0x20000950        -       0x00000002   Zero   RW         2477    .bss.TransportRecvData.0  iap_transport.o
    0x20000952   0x02020d17   0x00000002   PAD
    0x20000954        -       0x00000004   Zero   RW         2478    .bss.TransportRecvData.1  iap_transport.o
    0x20000958        -       0x00000003   Zero   RW         2133    .bss.UcmReport      bsp_usb_hid_iap.o
    0x2000095b   0x02020d17   0x00000001   PAD
    0x2000095c        -       0x00000048   Zero   RW         1426    .bss._SEGGER_RTT    trace.o
    0x200009a4        -       0x00000100   Zero   RW         2443    .bss.appBuffer      iap_application.o
    0x20000aa4        -       0x00000001   Zero   RW         1585    .bss.app_24g_bond_state.0  app_24g.o
    0x20000aa5        -       0x00000001   Zero   RW         1604    .bss.app_24g_is_suspend  app_24g_hid.o
    0x20000aa6   0x02020d17   0x00000002   PAD
    0x20000aa8        -       0x00000008   Zero   RW         1576    .bss.app_24g_obs.0  app_24g.o
    0x20000ab0        -       0x00000004   Zero   RW         1577    .bss.app_24g_obs.1  app_24g.o
    0x20000ab4   0x02020d17   0x00000004   PAD
    0x20000ab8        -       0x00000001   Zero   RW         1579    .bss.app_24g_obs.3  app_24g.o
    0x20000ab9   0x02020d17   0x00000003   PAD
    0x20000abc        -       0x00000004   Zero   RW         2598    .bss.app_ble_adv_data_setup.adv_interval_ms  app_ble.o
    0x20000ac0        -       0x00000098   Zero   RW         2326    .bss.app_enhanced_proto_macro_flash_cache  app_storage.o
    0x20000b58        -       0x00000001   Zero   RW         2581    .bss.app_hid_stop_ble_flag  app_ble.o
    0x20000b59   0x02020d17   0x00000003   PAD
    0x20000b5c        -       0x0000001b   Zero   RW         2206    .bss.argb_buffer    bsp_led_strip_rt67_rgbcsh.o
    0x20000b77   0x02020d17   0x00000001   PAD
    0x20000b78        -       0x00000004   Zero   RW         1471    .bss.att_db         att_db_util.o
    0x20000b7c        -       0x00000002   Zero   RW         1472    .bss.att_db_max_size  att_db_util.o
    0x20000b7e        -       0x00000002   Zero   RW         1474    .bss.att_db_next_handle  att_db_util.o
    0x20000b80        -       0x00000002   Zero   RW         2634    .bss.att_ota_ctrl_handle  ota_service.o
    0x20000b82        -       0x00000002   Zero   RW         2632    .bss.att_ota_ver_handle  ota_service.o
    0x20000b84        -       0x00000001   Zero   RW         2585    .bss.bleCtl.0       app_ble.o
    0x20000b85        -       0x00000001   Zero   RW         1912    .bss.bsp_battery_is_init  bsp_battery.o
    0x20000b86        -       0x00000001   Zero   RW         1952    .bss.bsp_knob_is_init  bsp_knob.o
    0x20000b87   0x02020d17   0x00000001   PAD
    0x20000b88        -       0x00000001   Zero   RW         2084    .bss.bsp_timer_global.1  bsp_timer.o
    0x20000b89   0x02020d17   0x00000003   PAD
    0x20000b8c        -       0x00000004   Zero   RW         2085    .bss.bsp_timer_global.2  bsp_timer.o
    0x20000b90        -       0x00000004   Zero   RW         1927    .bss.button_status.0  bsp_button.o
    0x20000b94   0x02020d17   0x00000004   PAD
    0x20000b98        -       0x00000008   Zero   RW         1929    .bss.button_status.2  bsp_button.o
    0x20000ba0        -       0x00000002   Zero   RW         1665    .bss.consumer_report  app_hid.o
    0x20000ba2        -       0x00000001   Zero   RW         1666    .bss.consumer_report_trigger  app_hid.o
    0x20000ba3   0x02020d17   0x00000001   PAD
    0x20000ba4        -       0x00000010   Zero   RW         2590    .bss.cur_irk        app_ble.o
    0x20000bb4        -       0x00000001   Zero   RW         1828    .bss.delay_switch_mode_flag  app_mode.o
    0x20000bb5   0x02020d17   0x00000003   PAD
    0x20000bb8        -       0x0000001c   Zero   RW         2205    .bss.descriptor_spi  bsp_led_strip_rt67_rgbcsh.o
    0x20000bd4   0x02020d17   0x00000004   PAD
    0x20000bd8        -       0x00000010   Zero   RW         1662    .bss.enhanced_fire_state  app_hid.o
    0x20000be8        -       0x00000001   Zero   RW         1661    .bss.enhanced_mouse_button_mask  app_hid.o
    0x20000be9        -       0x00000001   Zero   RW         1689    .bss.fifo_head      app_hid_fifo.o
    0x20000bea   0x02020d17   0x00000002   PAD
    0x20000bec        -       0x00000690   Zero   RW         1691    .bss.fifo_queue     app_hid_fifo.o
    0x2000127c        -       0x00000001   Zero   RW         2020    .bss.first_init     bsp_optical_sensor.o
    0x2000127d   0x02020d17   0x00000003   PAD
    0x20001280        -       0x00000040   Zero   RW         1307    .bss.g_UsbBufferEp0In  peripheral_usb.o
    0x200012c0        -       0x00000108   Zero   RW         1305    .bss.g_UsbVar       peripheral_usb.o
    0x200013c8        -       0x00000020   Zero   RW         1890    .bss.g_last_cmd_packet  app_enhanced_proto.o
    0x200013e8        -       0x00000008   Zero   RW         1891    .bss.g_macro_rx     app_enhanced_proto.o
    0x200013f0        -       0x00000012   Zero   RW         1889    .bss.g_osd_data     app_enhanced_proto.o
    0x20001402        -       0x00000001   Zero   RW         1892    .bss.g_proto_state  app_enhanced_proto.o
    0x20001403   0x02020d17   0x00000005   PAD
    0x20001408        -       0x00000001   Zero   RW         1671    .bss.gpio_status.0  app_hid.o
    0x20001409        -       0x00000001   Zero   RW         1534    .bss.header_nesn    ing_24g.o
    0x2000140a   0x02020d17   0x00000002   PAD
    0x2000140c        -       0x00000004   Zero   RW          167    .bss.host_param     noos_impl.o
    0x20001410        -       0x00000001   Zero   RW         1522    .bss.ing24g_obs.1   ing_24g.o
    0x20001411        -       0x00000001   Zero   RW         1526    .bss.ing24g_obs.6   ing_24g.o
    0x20001412        -       0x00000001   Zero   RW         1529    .bss.ing24g_obs.9   ing_24g.o
    0x20001413   0x02020d17   0x00000001   PAD
    0x20001414        -       0x0000003c   Zero   RW          100    .bss.input          uart_console.o
    0x20001450        -       0x00000004   Zero   RW          170    .bss.int_lock_cnt   noos_impl.o
    0x20001454        -       0x00000001   Zero   RW         2143    .bss.interfaceAlternateSetting.1  bsp_usb_hid_iap.o
    0x20001455        -       0x00000001   Zero   RW         2057    .bss.is_first_init  bsp_switch.o
    0x20001456   0x02020d17   0x00000002   PAD
    0x20001458        -       0x00000004   Zero   RW         1530    .bss.isr_send_packet  ing_24g.o
    0x2000145c        -       0x00000001   Zero   RW         1764    .bss.jump_boot_flag  app_main.o
    0x2000145d        -       0x00000029   Zero   RW         1669    .bss.kb_report      app_hid.o
    0x20001486   0x02020d17   0x00000002   PAD
    0x20001488        -       0x00000190   Zero   RW         2405    .bss.kv_cache       kv_impl.o
    0x20001618        -       0x00000004   Zero   RW         2408    .bss.kv_storage_tail  kv_impl.o
    0x2000161c   0x02020d17   0x00000004   PAD
    0x20001620        -       0x00000008   Zero   RW         1825    .bss.mode_obs       app_mode.o
    0x20001628        -       0x00000008   Zero   RW         1668    .bss.mouse_report   app_hid.o
    0x20001630        -       0x00000004   Zero   RW         2577    .bss.my_event_cb    app_ble.o
    0x20001634        -       0x00000004   Zero   RW         2134    .bss.my_usb_evt_hanler  bsp_usb_hid_iap.o
    0x20001638        -       0x00000001   Zero   RW         1948    .bss.offset         bsp_knob.o
    0x20001639        -       0x00000001   Zero   RW         2641    .bss.ota_downloading  ota_service.o
    0x2000163a   0x02020d17   0x00000002   PAD
    0x2000163c        -       0x00000004   Zero   RW         2642    .bss.ota_page_offset  ota_service.o
    0x20001640        -       0x00000006   Zero   RW         2589    .bss.peer_address   app_ble.o
    0x20001646   0x02020d17   0x00000002   PAD
    0x20001648        -       0x00000004   Zero   RW         2059    .bss.switch_change_cb  bsp_switch.o
    0x2000164c   0x02020d17   0x00000004   PAD
    0x20001650        -       0x00000008   Zero   RW         1768    .bss.time_100ms_tick  app_main.o
    0x20001658        -       0x00000008   Zero   RW         1766    .bss.time_10ms_tick  app_main.o
    0x20001660        -       0x0000000c   Zero   RW         2082    .bss.timer_comp     bsp_timer.o
    0x2000166c        -       0x00000004   Zero   RW         1951    .bss.update_callback  bsp_knob.o
    0x20001670        -       0x00000004   Zero   RW         2138    .bss.usb_hid_iap_recv_callback  bsp_usb_hid_iap.o
    0x20001674   0x02020d17   0x00000004   PAD
    0x20001678        -       0x000023e8   Zero   RW          179    HEAP                startup_ing2000.o
    0x20003a60        -       0x00000400   Zero   RW          178    STACK               startup_ing2000.o


    Execution Region RW_IRAM1 (Exec base: 0x200056a8, Load base: 0x0201ebb0, Size: 0x00003edc, Max: 0x00004958, ABSOLUTE)

    Exec Addr    Load Addr    Size         Type   Attr      Idx    E Section Name        Object

    0x200056a8   0x0201ebb0   0x00000056   Code   RO           18    .ram_code           main.o
    0x200056fe   0x0201ec06   0x00000002   PAD
    0x20005700   0x0201ec08   0x0000044a   Code   RO         1483    .ram_code           ing_24g.o
    0x20005b4a   0x0201f052   0x00000002   PAD
    0x20005b4c   0x0201f054   0x0000065c   Code   RO         1548    .ram_code           app_24g.o
    0x200061a8   0x0201f6b0   0x0000003a   Code   RO         1598    .ram_code           app_24g_hid.o
    0x200061e2   0x0201f6ea   0x00000036   Code   RO         1614    .ram_code           app_ble_hid.o
    0x20006218   0x0201f720   0x00000704   Code   RO         1638    .ram_code           app_hid.o
    0x2000691c   0x0201fe24   0x0000015c   Code   RO         1687    .ram_code           app_hid_fifo.o
    0x20006a78   0x0201ff80   0x00000134   Code   RO         1725    .ram_code           app_low_power.o
    0x20006bac   0x020200b4   0x0000007a   Code   RO         1844    .ram_code           app_usb.o
    0x20006c26   0x0202012e   0x00000002   PAD
    0x20006c28   0x02020130   0x000000f4   Code   RO         1922    .ram_code           bsp_button.o
    0x20006d1c   0x02020224   0x00000122   Code   RO         1984    .ram_code           bsp_optical_sensor.o
    0x20006e3e   0x02020346   0x00000002   PAD
    0x20006e40   0x02020348   0x00000136   Code   RO         2030    .ram_code           bsp_spi.o
    0x20006f76   0x0202047e   0x0000007e   Code   RO         2052    .ram_code           bsp_switch.o
    0x20006ff4   0x020204fc   0x0000004a   Code   RO         2068    .ram_code           bsp_timer.o
    0x2000703e   0x02020546   0x000000c4   Code   RO         2097    .ram_code           bsp_usb_hid_iap.o
    0x20007102   0x0202060a   0x00000002   PAD
    0x20007104   0x0202060c   0x000001ae   Code   RO         2167    .ram_code           bsp_led_strip_rt67_rgbcsh.o
    0x200072b2   0x020207ba   0x00000002   PAD
    0x200072b4   0x020207bc   0x00000060   Code   RO         2514    .ram_code           app_ble.o
    0x20007314   0x0202081c   0x0000000a   Ven    RO         3130    Veneer$$Code        anon$$obj.o
    0x2000731e   0x02020826   0x0000000a   Ven    RO         3131    Veneer$$Code        anon$$obj.o
    0x20007328   0x02020830   0x0000000a   Ven    RO         3132    Veneer$$Code        anon$$obj.o
    0x20007332   0x0202083a   0x0000000a   Ven    RO         3133    Veneer$$Code        anon$$obj.o
    0x2000733c   0x02020844   0x0000000a   Ven    RO         3134    Veneer$$Code        anon$$obj.o
    0x20007346   0x0202084e   0x0000000a   Ven    RO         3135    Veneer$$Code        anon$$obj.o
    0x20007350   0x02020858   0x0000000a   Ven    RO         3136    Veneer$$Code        anon$$obj.o
    0x2000735a   0x02020862   0x0000000a   Ven    RO         3137    Veneer$$Code        anon$$obj.o
    0x20007364   0x0202086c   0x0000000a   Ven    RO         3138    Veneer$$Code        anon$$obj.o
    0x2000736e   0x02020876   0x0000000a   Ven    RO         3139    Veneer$$Code        anon$$obj.o
    0x20007378   0x02020880   0x0000000a   Ven    RO         3140    Veneer$$Code        anon$$obj.o
    0x20007382   0x0202088a   0x0000000a   Ven    RO         3141    Veneer$$Code        anon$$obj.o
    0x2000738c   0x02020894   0x0000000a   Ven    RO         3142    Veneer$$Code        anon$$obj.o
    0x20007396   0x0202089e   0x0000000a   Ven    RO         3143    Veneer$$Code        anon$$obj.o
    0x200073a0   0x020208a8   0x0000000a   Ven    RO         3144    Veneer$$Code        anon$$obj.o
    0x200073aa   0x020208b2   0x0000000a   Ven    RO         3145    Veneer$$Code        anon$$obj.o
    0x200073b4   0x020208bc   0x0000000a   Ven    RO         3146    Veneer$$Code        anon$$obj.o
    0x200073be   0x020208c6   0x0000000a   Ven    RO         3147    Veneer$$Code        anon$$obj.o
    0x200073c8   0x020208d0   0x0000000a   Ven    RO         3148    Veneer$$Code        anon$$obj.o
    0x200073d2   0x020208da   0x0000000a   Ven    RO         3149    Veneer$$Code        anon$$obj.o
    0x200073dc   0x020208e4   0x0000000a   Ven    RO         3150    Veneer$$Code        anon$$obj.o
    0x200073e6   0x020208ee   0x0000000a   Ven    RO         3151    Veneer$$Code        anon$$obj.o
    0x200073f0   0x020208f8   0x0000000a   Ven    RO         3152    Veneer$$Code        anon$$obj.o
    0x200073fa   0x02020902   0x0000000a   Ven    RO         3153    Veneer$$Code        anon$$obj.o
    0x20007404   0x0202090c   0x0000000a   Ven    RO         3154    Veneer$$Code        anon$$obj.o
    0x2000740e   0x02020916   0x0000000a   Ven    RO         3155    Veneer$$Code        anon$$obj.o
    0x20007418   0x02020920   0x0000000a   Ven    RO         3156    Veneer$$Code        anon$$obj.o
    0x20007422   0x0202092a   0x0000000a   Ven    RO         3157    Veneer$$Code        anon$$obj.o
    0x2000742c   0x02020934   0x0000000a   Ven    RO         3158    Veneer$$Code        anon$$obj.o
    0x20007436   0x0202093e   0x0000000a   Ven    RO         3159    Veneer$$Code        anon$$obj.o
    0x20007440   0x02020948   0x0000000a   Ven    RO         3160    Veneer$$Code        anon$$obj.o
    0x2000744a   0x02020952   0x0000000a   Ven    RO         3161    Veneer$$Code        anon$$obj.o
    0x20007454   0x0202095c   0x0000000a   Ven    RO         3162    Veneer$$Code        anon$$obj.o
    0x2000745e   0x02020966   0x0000000a   Ven    RO         3163    Veneer$$Code        anon$$obj.o
    0x20007468   0x02020970   0x0000000a   Ven    RO         3164    Veneer$$Code        anon$$obj.o
    0x20007472   0x0202097a   0x0000000a   Ven    RO         3165    Veneer$$Code        anon$$obj.o
    0x2000747c   0x02020984   0x0000000a   Ven    RO         3166    Veneer$$Code        anon$$obj.o
    0x20007486   0x0202098e   0x0000000a   Ven    RO         3167    Veneer$$Code        anon$$obj.o
    0x20007490   0x02020998   0x0000000a   Ven    RO         3168    Veneer$$Code        anon$$obj.o
    0x2000749a   0x020209a2   0x0000000a   Ven    RO         3169    Veneer$$Code        anon$$obj.o
    0x200074a4   0x020209ac   0x0000000a   Ven    RO         3170    Veneer$$Code        anon$$obj.o
    0x200074ae   0x020209b6   0x0000000a   Ven    RO         3171    Veneer$$Code        anon$$obj.o
    0x200074b8   0x020209c0   0x0000000a   Ven    RO         3172    Veneer$$Code        anon$$obj.o
    0x200074c2   0x020209ca   0x0000000a   Ven    RO         3173    Veneer$$Code        anon$$obj.o
    0x200074cc   0x020209d4   0x0000000a   Ven    RO         3174    Veneer$$Code        anon$$obj.o
    0x200074d6   0x020209de   0x0000000a   Ven    RO         3175    Veneer$$Code        anon$$obj.o
    0x200074e0   0x020209e8   0x0000000a   Ven    RO         3176    Veneer$$Code        anon$$obj.o
    0x200074ea   0x020209f2   0x0000000a   Ven    RO         3177    Veneer$$Code        anon$$obj.o
    0x200074f4   0x020209fc   0x0000000a   Ven    RO         3178    Veneer$$Code        anon$$obj.o
    0x200074fe   0x02020a06   0x0000000a   Ven    RO         3179    Veneer$$Code        anon$$obj.o
    0x20007508   0x02020a10   0x0000000a   Ven    RO         3180    Veneer$$Code        anon$$obj.o
    0x20007512   0x02020a1a   0x0000000a   Ven    RO         3181    Veneer$$Code        anon$$obj.o
    0x2000751c   0x02020a24   0x0000000a   Ven    RO         3182    Veneer$$Code        anon$$obj.o
    0x20007526   0x02020a2e   0x0000000a   Ven    RO         3183    Veneer$$Code        anon$$obj.o
    0x20007530   0x02020a38   0x0000000a   Ven    RO         3184    Veneer$$Code        anon$$obj.o
    0x2000753a   0x02020a42   0x0000000a   Ven    RO         3185    Veneer$$Code        anon$$obj.o
    0x20007544   0x02020a4c   0x0000000a   Ven    RO         3186    Veneer$$Code        anon$$obj.o
    0x2000754e   0x02020a56   0x0000000a   Ven    RO         3187    Veneer$$Code        anon$$obj.o
    0x20007558   0x02020a60   0x0000000a   Ven    RO         3188    Veneer$$Code        anon$$obj.o
    0x20007562   0x02020a6a   0x0000000a   Ven    RO         3189    Veneer$$Code        anon$$obj.o
    0x2000756c   0x02020a74   0x0000000a   Ven    RO         3190    Veneer$$Code        anon$$obj.o
    0x20007576   0x02020a7e   0x0000000a   Ven    RO         3191    Veneer$$Code        anon$$obj.o
    0x20007580   0x02020a88   0x0000000a   Ven    RO         3192    Veneer$$Code        anon$$obj.o
    0x2000758a   0x02020a92   0x0000000a   Ven    RO         3193    Veneer$$Code        anon$$obj.o
    0x20007594   0x02020a9c   0x0000000a   Ven    RO         3194    Veneer$$Code        anon$$obj.o
    0x2000759e   0x02020aa6   0x0000000a   Ven    RO         3195    Veneer$$Code        anon$$obj.o
    0x200075a8   0x02020ab0   0x0000000a   Ven    RO         3196    Veneer$$Code        anon$$obj.o
    0x200075b2   0x02020aba   0x0000000a   Ven    RO         3197    Veneer$$Code        anon$$obj.o
    0x200075bc   0x02020ac4   0x0000000a   Ven    RO         3198    Veneer$$Code        anon$$obj.o
    0x200075c6   0x02020ace   0x0000000a   Ven    RO         3199    Veneer$$Code        anon$$obj.o
    0x200075d0   0x02020ad8   0x0000000a   Ven    RO         3200    Veneer$$Code        anon$$obj.o
    0x200075da   0x02020ae2   0x0000000a   Ven    RO         3201    Veneer$$Code        anon$$obj.o
    0x200075e4   0x02020aec   0x0000000a   Ven    RO         3202    Veneer$$Code        anon$$obj.o
    0x200075ee   0x02020af6   0x0000000a   Ven    RO         3203    Veneer$$Code        anon$$obj.o
    0x200075f8   0x02020b00   0x0000000a   Ven    RO         3204    Veneer$$Code        anon$$obj.o
    0x20007602   0x02020b0a   0x0000000a   Ven    RO         3205    Veneer$$Code        anon$$obj.o
    0x2000760c   0x02020b14   0x0000000a   Ven    RO         3206    Veneer$$Code        anon$$obj.o
    0x20007616   0x02020b1e   0x00000002   PAD
    0x20007618   0x02020b20   0x00000004   Data   RW         3011    .data               mc_w.l(stdout.o)
    0x2000761c   0x02020b24   0x00000004   Data   RW         3032    .data               mc_w.l(mvars.o)
    0x20007620   0x02020b28   0x0000001c   Data   RW         2204    .data.argb_ctrl     bsp_led_strip_rt67_rgbcsh.o
    0x2000763c   0x02020b44   0x00000004   Data   RW         2083    .data.bsp_timer_global.0  bsp_timer.o
    0x20007640   0x02020b48   0x00000001   Data   RW         1667    .data.enhanced_cpi_level  app_hid.o
    0x20007641   0x02020b49   0x00000001   Data   RW         1664    .data.enhanced_dpi_lock_saved_level  app_hid.o
    0x20007642   0x02020b4a   0x00000002   PAD
    0x20007644   0x02020b4c   0x00000010   Data   RW         2019    .data.paw3311_cpi_map  bsp_optical_sensor.o
    0x20007654   0x02020b5c   0x00000001   Data   RW         2017    .data.paw3311_cpi_map_index  bsp_optical_sensor.o
    0x20007655   0x02020b5d   0x00000001   PAD
    0x20007656   0x02020b5e   0x00000004   Data   RW         2576    .data.prog_ver      app_ble.o
    0x2000765a   0x02020b62   0x00000002   PAD
    0x2000765c   0x02020b64   0x00000008   Data   RW         2592    .data.sm_event_callback_registration  app_ble.o
    0x20007664   0x02020b6c   0x000000a0   Data   RW          165    .data.sw_timers     noos_impl.o
    0x20007704   0x02020c0c   0x00000004   PAD
    0x20007708        -       0x0000001f   Zero   RW         2147    .bss.CtlFeatureReport1  bsp_usb_hid_iap.o
    0x20007727   0x02020c0c   0x00000001   PAD
    0x20007728        -       0x00000001   Zero   RW         2148    .bss.CtlFeatureReportPendingId  bsp_usb_hid_iap.o
    0x20007729   0x02020c0c   0x00000007   PAD
    0x20007730        -       0x00000008   Zero   RW         2150    .bss.CtlFeatureReportPendingSetup  bsp_usb_hid_iap.o
    0x20007738        -       0x00000040   Zero   RW         2136    .bss.DataSendBuf    bsp_usb_hid_iap.o
    0x20007778        -       0x00000040   Zero   RW         2141    .bss.DynamicDescriptor  bsp_usb_hid_iap.o
    0x200077b8        -       0x00000001   Zero   RW         1587    .bss.Init_24G_Flag  app_24g.o
    0x200077b9   0x02020c0c   0x00000003   PAD
    0x200077bc        -       0x00000032   Zero   RW         2131    .bss.KeybReport     bsp_usb_hid_iap.o
    0x200077ee        -       0x00000102   Zero   RW         1537    .bss.RxPkt111       ing_24g.o
    0x200078f0        -       0x00000008   Zero   RW          786    .bss.SYSCTRL_RC2MCalib.pcap  peripheral_sysctrl.o
    0x200078f8        -       0x00000003   Zero   RW         2476    .bss.TransportRecvCtl  iap_transport.o
    0x200078fb   0x02020c0c   0x00000001   PAD
    0x200078fc        -       0x00000004   Zero   RW         2137    .bss.UsbVar         bsp_usb_hid_iap.o
    0x20007900        -       0x00000010   Zero   RW         1434    .bss._acDownBuffer  trace.o
    0x20007910        -       0x000001f4   Zero   RW         1433    .bss._acUpBuffer    trace.o
    0x20007b04        -       0x00000004   Zero   RW         1586    .bss.app_24g_bond_state.1  app_24g.o
    0x20007b08        -       0x00000001   Zero   RW         1578    .bss.app_24g_obs.2  app_24g.o
    0x20007b09   0x02020c0c   0x00000001   PAD
    0x20007b0a        -       0x00000001   Zero   RW         1580    .bss.app_24g_obs.4  app_24g.o
    0x20007b0b   0x02020c0c   0x00000005   PAD
    0x20007b10        -       0x00000008   Zero   RW         1582    .bss.app_24g_obs.6  app_24g.o
    0x20007b18        -       0x00000001   Zero   RW         1583    .bss.app_24g_obs.7  app_24g.o
    0x20007b19   0x02020c0c   0x00000001   PAD
    0x20007b1a        -       0x00000002   Zero   RW         2597    .bss.app_ble_adv_data_setup.advLength  app_ble.o
    0x20007b1c        -       0x00000004   Zero   RW         2596    .bss.app_ble_adv_data_setup.pAdvData  app_ble.o
    0x20007b20        -       0x00000004   Zero   RW         2599    .bss.app_ble_adv_data_setup.pScanData  app_ble.o
    0x20007b24        -       0x00000001   Zero   RW         2600    .bss.app_ble_adv_data_setup.scanLength  app_ble.o
    0x20007b25        -       0x00000001   Zero   RW         2582    .bss.app_ble_busy   app_ble.o
    0x20007b26        -       0x00000001   Zero   RW         2327    .bss.app_enhanced_proto_macro_flash_cache_ready  app_storage.o
    0x20007b27   0x02020c0c   0x00000001   PAD
    0x20007b28        -       0x00000177   Zero   RW         2330    .bss.app_enhanced_proto_macro_rx_data  app_storage.o
    0x20007c9f   0x02020c0c   0x00000001   PAD
    0x20007ca0        -       0x0000000c   Zero   RW         2329    .bss.app_enhanced_proto_macro_rx_index  app_storage.o
    0x20007cac        -       0x0000008c   Zero   RW         2203    .bss.argb_data      bsp_led_strip_rt67_rgbcsh.o
    0x20007d38        -       0x000004d8   Zero   RW         2594    .bss.att_db_hid_storage  app_ble.o
    0x20008210        -       0x00000002   Zero   RW         1473    .bss.att_db_size    att_db_util.o
    0x20008212        -       0x00000002   Zero   RW         2633    .bss.att_ota_data_handle  ota_service.o
    0x20008214        -       0x00000004   Zero   RW         1930    .bss.bsp_button_cb  bsp_button.o
    0x20008218        -       0x00000001   Zero   RW         1947    .bss.bsp_knob_data_process.discard_count  bsp_knob.o
    0x20008219   0x02020c0c   0x00000003   PAD
    0x2000821c        -       0x00000004   Zero   RW         2086    .bss.bsp_timer_global.3  bsp_timer.o
    0x20008220        -       0x00000008   Zero   RW         1928    .bss.button_status.1  bsp_button.o
    0x20008228        -       0x00000001   Zero   RW         1950    .bss.calibration_flag  bsp_knob.o
    0x20008229        -       0x00000001   Zero   RW         2445    .bss.cmdCtl.0       iap_application.o
    0x2000822a   0x02020c0c   0x00000006   PAD
    0x20008230        -       0x00000008   Zero   RW         1829    .bss.delay_switch_mode_time_tick  app_mode.o
    0x20008238        -       0x00000004   Zero   RW         2016    .bss.dwt_cpu_clk    bsp_optical_sensor.o
    0x2000823c        -       0x0000001b   Zero   RW         1660    .bss.enhanced_button_map  app_hid.o
    0x20008257   0x02020c0c   0x00000001   PAD
    0x20008258        -       0x00000190   Zero   RW         1663    .bss.enhanced_macro_state  app_hid.o
    0x200083e8        -       0x00000012   Zero   RW         1658    .bss.enhanced_osd_report_data  app_hid.o
    0x200083fa        -       0x00000001   Zero   RW         1659    .bss.enhanced_osd_report_trigger  app_hid.o
    0x200083fb        -       0x00000001   Zero   RW         2368    .bss.enhanced_proto_cflash_ready  custom_flash.o
    0x200083fc        -       0x00000001   Zero   RW         1690    .bss.fifo_tail      app_hid_fifo.o
    0x200083fd   0x02020c0c   0x00000003   PAD
    0x20008400        -       0x00000040   Zero   RW         1306    .bss.g_UsbBufferEp0Out  peripheral_usb.o
    0x20008440        -       0x00000020   Zero   RW         1894    .bss.g_cmd_status_report  app_enhanced_proto.o
    0x20008460        -       0x00000001   Zero   RW         1893    .bss.g_enhanced_proto_is_init  app_enhanced_proto.o
    0x20008461   0x02020c0c   0x00000003   PAD
    0x20008464        -       0x00000004   Zero   RW          785    .bss.g_slow_rc_clk  peripheral_sysctrl.o
    0x20008468        -       0x00000001   Zero   RW         1672    .bss.gpio_status.1  app_hid.o
    0x20008469   0x02020c0c   0x00000003   PAD
    0x2000846c        -       0x00000004   Zero   RW          169    .bss.handle_cnt     noos_impl.o
    0x20008470        -       0x00000001   Zero   RW         1533    .bss.header_sn      ing_24g.o
    0x20008471   0x02020c0c   0x00000003   PAD
    0x20008474        -       0x00000004   Zero   RW          166    .bss.host_entry     noos_impl.o
    0x20008478        -       0x00000004   Zero   RW         2475    .bss.iap_transport_recv_cmd_callback  iap_transport.o
    0x2000847c   0x02020c0c   0x00000004   PAD
    0x20008480        -       0x00000008   Zero   RW         1523    .bss.ing24g_obs.3   ing_24g.o
    0x20008488        -       0x00000002   Zero   RW         1524    .bss.ing24g_obs.4   ing_24g.o
    0x2000848a        -       0x00000001   Zero   RW         1525    .bss.ing24g_obs.5   ing_24g.o
    0x2000848b   0x02020c0c   0x00000001   PAD
    0x2000848c        -       0x00000004   Zero   RW         1527    .bss.ing24g_obs.7   ing_24g.o
    0x20008490        -       0x00000001   Zero   RW         1528    .bss.ing24g_obs.8   ing_24g.o
    0x20008491   0x02020c0c   0x00000003   PAD
    0x20008494        -       0x00000020   Zero   RW         1532    .bss.ing_2p4g_config  ing_24g.o
    0x200084b4        -       0x00000001   Zero   RW         2142    .bss.interfaceAlternateSetting.0  bsp_usb_hid_iap.o
    0x200084b5        -       0x00000001   Zero   RW         2144    .bss.interfaceAlternateSetting.2  bsp_usb_hid_iap.o
    0x200084b6        -       0x00000001   Zero   RW          103    .bss.loop_console_flag  uart_console.o
    0x200084b7   0x02020c0c   0x00000001   PAD
    0x200084b8        -       0x00000014   Zero   RW         1733    .bss.low_power_ctl  app_low_power.o
    0x200084cc        -       0x00000004   Zero   RW         1535    .bss.low_power_interval_timer_handle  ing_24g.o
    0x200084d0        -       0x00000001   Zero   RW         2058    .bss.on_off_status  bsp_switch.o
    0x200084d1        -       0x00000001   Zero   RW         2639    .bss.ota_ctrl       ota_service.o
    0x200084d2   0x02020c0c   0x00000002   PAD
    0x200084d4        -       0x00000004   Zero   RW         2640    .bss.ota_start_addr  ota_service.o
    0x200084d8        -       0x00001000   Zero   RW         2643    .bss.page_buffer    ota_service.o
    0x200094d8        -       0x00000002   Zero   RW         1949    .bss.preData        bsp_knob.o
    0x200094da        -       0x0000000c   Zero   RW         1670    .bss.read_burst_data  app_hid.o
    0x200094e6        -       0x0000004a   Zero   RW         2474    .bss.sendCtl        iap_transport.o
    0x20009530        -       0x00000001   Zero   RW         2580    .bss.sm_config_busy_flag  app_ble.o
    0x20009531        -       0x00000001   Zero   RW         2056    .bss.switch_mode    bsp_switch.o
    0x20009532   0x02020c0c   0x00000006   PAD
    0x20009538        -       0x00000008   Zero   RW         1765    .bss.time_1ms_tick  app_main.o
    0x20009540        -       0x00000008   Zero   RW         1767    .bss.time_20ms_tick  app_main.o
    0x20009548        -       0x00000008   Zero   RW         1769    .bss.time_osd_report_tick  app_main.o
    0x20009550        -       0x00000001   Zero   RW           30    .bss.trace_ctx      main.o
    0x20009551        -       0x00000028   Zero   RW         1536    .bss.tx_data        ing_24g.o
    0x20009579   0x02020c0c   0x00000003   PAD
    0x2000957c        -       0x00000004   Zero   RW         2139    .bss.usb_hid_host_recv_callback  bsp_usb_hid_iap.o
    0x20009580        -       0x00000001   Zero   RW         1856    .bss.usb_is_init    app_usb.o
    0x20009581        -       0x00000001   Zero   RW         1770    .bss.wakeup_to_update_time_flag  app_main.o


==============================================================================

Image component sizes


      Code (inc. data)   RO Data    RW Data    ZI Data      Debug   Object Name

      3268        620        435          1         30      13329   app_24g.o
       198         36         27          0          1       2418   app_24g_hid.o
      8336       1604       2980        216       1285      32414   app_ble.o
       150          6          0          0          0       2424   app_ble_hid.o
      2040         96         27          0         92      14874   app_enhanced_proto.o
      2956         68          0          2        529      20006   app_hid.o
       390         96          0          0       1682       2219   app_hid_fifo.o
      2142        506         28          0         20      13403   app_low_power.o
       606         32          0          0         42       3136   app_main.o
      2030        606        518          0         17      10165   app_mode.o
      4868        450        477          1        540      27479   app_storage.o
       790        214          0          0          1       5001   app_usb.o
       654          0          0          0         10       5972   att_db_util.o
        52          0          0          0          1       1681   bsp_battery.o
       358          0          8          0         24       8708   bsp_button.o
       382         16          0          0         10       5725   bsp_knob.o
       120          0          3          0          0       6877   bsp_led.o
      3082         84         63         28        195      29413   bsp_led_strip_rt67_rgbcsh.o
      2420        108        186         17          5      15809   bsp_optical_sensor.o
       552         24          0          0          0      13787   bsp_spi.o
       390         12          0          0          7       8244   bsp_switch.o
       590         52          0          4         21       5170   bsp_timer.o
      2842        118        817          1        339      22212   bsp_usb_hid_iap.o
        86          0        512          0          0       1909   crc16.o
       448         16         50         12          1       6351   custom_flash.o
      1842          0          0          0          0      13298   eflash.o
        36         16          0          0          0        580   iap.o
       554        152        156          0        257       5738   iap_application.o
       378         92          0          0          0       2586   iap_bootloader.o
       898        116        327          0         87       7046   iap_transport.o
      1750         12          0         26        359      10465   ing_24g.o
      1216         20         41          1        404      10311   kv_impl.o
       882        100        220          0          1      12318   main.o
       700         36         76        160         16       7148   noos_impl.o
       996        128         64          0       4112       4620   ota_service.o
       160          0          0          0          0      11794   peripheral_adc.o
       708         56          0          0          0      13742   peripheral_dma.o
       946          0          0          0          0      11623   peripheral_gpio.o
      1214          0         48          0          0      20812   peripheral_pinctrl.o
        18          0          0          0          0      14633   peripheral_pwm.o
       554          0          0          0          0      11473   peripheral_qdec.o
       304          0          0          0          0      11672   peripheral_ssp.o
      4510        120          0          0         12      55335   peripheral_sysctrl.o
       198          0          0          0          0       7555   peripheral_timer.o
       202          0          0          0          0       7452   peripheral_uart.o
      4006          6          0          0        392      22896   peripheral_usb.o
        44         16          0          0          0        772   profile.o
        72         14        288          0      10216        496   startup_ing2000.o
       690          0         16          0        588      35458   trace.o
       150          0          0          0         61       6052   uart_console.o

    ----------------------------------------------------------------------
     64484       5648       7468        484      21496     584601   Object Totals
      1550          0         80          0          0          0   (incl. Generated)
       156          0         21         15        139          0   (incl. Padding)

    ----------------------------------------------------------------------

      Code (inc. data)   RO Data    RW Data    ZI Data      Debug   Library Member Name

        58          0          0          0          0          0   __dczerorl.o
         0          0          0          0          0          0   entry.o
         0          0          0          0          0          0   entry10a.o
         0          0          0          0          0          0   entry11a.o
         8          4          0          0          0          0   entry2.o
         4          0          0          0          0          0   entry5.o
         0          0          0          0          0          0   entry7b.o
         0          0          0          0          0          0   entry8b.o
         8          4          0          0          0          0   entry9a.o
        30          0          0          0          0          0   handlers.o
        48         10          0          0          0         68   init.o
         0          0          0          0          0          0   iusefp.o
        30          0          0          0          0         68   llshl.o
        36          0          0          0          0         68   llsshr.o
        32          0          0          0          0         68   llushr.o
       188         20          0          0          0        160   malloc.o
        26          0          0          0          0         80   memcmp.o
        64          0          0          0          0         76   memmovea.o
        36          0          0          0          0        108   memseta.o
         0          0          0          8          0          0   mvars.o
      2258         90          0          0          0        452   printfa.o
         0          0          0          4          0          0   stdout.o
        14          0          0          0          0         68   strlen.o
        44          0          0          0          0         80   uidiv.o
        98          0          0          0          0         92   uldiv.o
        48          0          0          0          0         68   cdrcmple.o
       334          0          0          0          0        148   dadd.o
       222          0          0          0          0        100   ddiv.o
       186          0          0          0          0        176   depilogue.o
        48          0          0          0          0         68   dfixul.o
        26          0          0          0          0         76   dfltui.o
       228          0          0          0          0         96   dmul.o
       176          0          0          0          0        140   fadd.o
       124          0          0          0          0         88   fdiv.o
       110          0          0          0          0        168   fepilogue.o
        18          0          0          0          0         68   fflti.o
        10          0          0          0          0         68   ffltui.o
       100          0          0          0          0         76   fmul.o

    ----------------------------------------------------------------------
      4620        128          0         16          0       2728   Library Totals
         8          0          0          4          0          0   (incl. Padding)

    ----------------------------------------------------------------------

      Code (inc. data)   RO Data    RW Data    ZI Data      Debug   Library Name

      2982        128          0         12          0       1388   mc_w.l
      1630          0          0          0          0       1340   mf_w.l

    ----------------------------------------------------------------------
      4620        128          0         16          0       2728   Library Totals

    ----------------------------------------------------------------------

==============================================================================


      Code (inc. data)   RO Data    RW Data    ZI Data      Debug   

     69104       5776       7468        500      21496     585197   Grand Totals
     69104       5776       7468        500      21496     585197   ELF Image Totals
     69104       5776       7468        500          0          0   ROM Totals

==============================================================================

    Total RO  Size (Code + RO Data)                76572 (  74.78kB)
    Total RW  Size (RW Data + ZI Data)             21996 (  21.48kB)
    Total ROM Size (Code + RO Data + RW Data)      77072 (  75.27kB)

==============================================================================

